172.26.30.213 - - [01/Nov/2015:12:00:14 -0500] "GET /oh/queue_count.php HTTP/1.1" 302 1886 "https://stardock.cs.virginia.edu/oh/" "Mozilla/5.0 (Macintosh; Intel Mac OS X 10_9_5) AppleWebKit/537.36 (KHTML, like Gecko) Chrome/46.0.2490.80 Safari/537.36"
172.26.30.213 - - [01/Nov/2015:12:00:14 -0500] "GET /oh/queue_count.php HTTP/1.1" 302 1846 "https://stardock.cs.virginia.edu/oh/" "Mozilla/5.0 (Macintosh; Intel Mac OS X 10_9_5) AppleWebKit/537.36 (KHTML, like Gecko) Chrome/46.0.2490.80 Safari/537.36"
172.26.30.213 - - [01/Nov/2015:12:00:29 -0500] "GET /oh/queue_count.php HTTP/1.1" 302 1886 "https://stardock.cs.virginia.edu/oh/" "Mozilla/5.0 (Macintosh; Intel Mac OS X 10_9_5) AppleWebKit/537.36 (KHTML, like Gecko) Chrome/46.0.2490.80 Safari/537.36"
172.26.30.213 - - [01/Nov/2015:12:00:29 -0500] "GET /oh/queue_count.php HTTP/1.1" 302 1854 "https://stardock.cs.virginia.edu/oh/" "Mozilla/5.0 (Macintosh; Intel Mac OS X 10_9_5) AppleWebKit/537.36 (KHTML, like Gecko) Chrome/46.0.2490.80 Safari/537.36"
172.26.30.213 - - [01/Nov/2015:12:00:34 -0500] "GET /oh/index.php HTTP/1.1" 302 1886 "https://stardock.cs.virginia.edu/oh/" "Mozilla/5.0 (Macintosh; Intel Mac OS X 10_9_5) AppleWebKit/537.36 (KHTML, like Gecko) Chrome/46.0.2490.80 Safari/537.36"
172.26.30.213 - - [01/Nov/2015:12:00:34 -0500] "GET /oh/index.php HTTP/1.1" 302 1862 "https://stardock.cs.virginia.edu/oh/" "Mozilla/5.0 (Macintosh; Intel Mac OS X 10_9_5) AppleWebKit/537.36 (KHTML, like Gecko) Chrome/46.0.2490.80 Safari/537.36"
172.26.30.213 - - [01/Nov/2015:12:00:44 -0500] "GET /oh/queue_count.php HTTP/1.1" 302 1882 "https://stardock.cs.virginia.edu/oh/" "Mozilla/5.0 (Macintosh; Intel Mac OS X 10_9_5) AppleWebKit/537.36 (KHTML, like Gecko) Chrome/46.0.2490.80 Safari/537.36"
172.26.30.213 - - [01/Nov/2015:12:00:44 -0500] "GET /oh/queue_count.php HTTP/1.1" 302 1870 "https://stardock.cs.virginia.edu/oh/" "Mozilla/5.0 (Macintosh; Intel Mac OS X 10_9_5) AppleWebKit/537.36 (KHTML, like Gecko) Chrome/46.0.2490.80 Safari/537.36"
172.26.45.149 - - [01/Nov/2015:12:00:48 -0500] "GET / HTTP/1.1" 200 7017 "https://collab.itc.virginia.edu/portal/site/9a30681e-a407-43a0-9b0c-76d1ab3eb8bd" "Mozilla/5.0 (Macintosh; Intel Mac OS X 10_11_1) AppleWebKit/601.2.7 (KHTML, like Gecko) Version/9.0.1 Safari/601.2.7"
172.26.45.149 - - [01/Nov/2015:12:00:48 -0500] "GET /stylesheets/screen.css HTTP/1.1" 200 13860 "https://cs1110.cs.virginia.edu/" "Mozilla/5.0 (Macintosh; Intel Mac OS X 10_11_1) AppleWebKit/601.2.7 (KHTML, like Gecko) Version/9.0.1 Safari/601.2.7"
172.26.45.149 - - [01/Nov/2015:12:00:48 -0500] "GET /images/matrix.png HTTP/1.1" 304 266 "https://cs1110.cs.virginia.edu/" "Mozilla/5.0 (Macintosh; Intel Mac OS X 10_11_1) AppleWebKit/601.2.7 (KHTML, like Gecko) Version/9.0.1 Safari/601.2.7"
172.26.45.149 - - [01/Nov/2015:12:00:49 -0500] "GET /font/fontawesome-webfont.woff?v=3.2.1 HTTP/1.1" 304 268 "https://cs1110.cs.virginia.edu/" "Mozilla/5.0 (Macintosh; Intel Mac OS X 10_11_1) AppleWebKit/601.2.7 (KHTML, like Gecko) Version/9.0.1 Safari/601.2.7"
172.26.45.149 - - [01/Nov/2015:12:00:52 -0500] "GET /javascripts/octopress.js HTTP/1.1" 200 1000 "https://cs1110.cs.virginia.edu/" "Mozilla/5.0 (Macintosh; Intel Mac OS X 10_11_1) AppleWebKit/601.2.7 (KHTML, like Gecko) Version/9.0.1 Safari/601.2.7"
172.26.30.213 - - [01/Nov/2015:12:00:59 -0500] "GET /oh/queue_count.php HTTP/1.1" 302 1866 "https://stardock.cs.virginia.edu/oh/" "Mozilla/5.0 (Macintosh; Intel Mac OS X 10_9_5) AppleWebKit/537.36 (KHTML, like Gecko) Chrome/46.0.2490.80 Safari/537.36"
172.26.30.213 - - [01/Nov/2015:12:00:59 -0500] "GET /oh/queue_count.php HTTP/1.1" 302 1866 "https://stardock.cs.virginia.edu/oh/" "Mozilla/5.0 (Macintosh; Intel Mac OS X 10_9_5) AppleWebKit/537.36 (KHTML, like Gecko) Chrome/46.0.2490.80 Safari/537.36"
172.25.87.201 - - [01/Nov/2015:12:01:10 -0500] "GET / HTTP/1.1" 200 7017 "https://collab.itc.virginia.edu/portal/site/9a30681e-a407-43a0-9b0c-76d1ab3eb8bd" "Mozilla/5.0 (Macintosh; Intel Mac OS X 10_11_1) AppleWebKit/601.2.7 (KHTML, like Gecko) Version/9.0.1 Safari/601.2.7"
172.25.87.201 - - [01/Nov/2015:12:01:10 -0500] "GET /stylesheets/screen.css HTTP/1.1" 200 13860 "https://cs1110.cs.virginia.edu/" "Mozilla/5.0 (Macintosh; Intel Mac OS X 10_11_1) AppleWebKit/601.2.7 (KHTML, like Gecko) Version/9.0.1 Safari/601.2.7"
172.25.87.201 - - [01/Nov/2015:12:01:10 -0500] "GET /javascripts/octopress.js HTTP/1.1" 200 1000 "https://cs1110.cs.virginia.edu/" "Mozilla/5.0 (Macintosh; Intel Mac OS X 10_11_1) AppleWebKit/601.2.7 (KHTML, like Gecko) Version/9.0.1 Safari/601.2.7"
172.25.87.201 - - [01/Nov/2015:12:01:10 -0500] "GET /images/matrix.png HTTP/1.1" 200 541 "https://cs1110.cs.virginia.edu/" "Mozilla/5.0 (Macintosh; Intel Mac OS X 10_11_1) AppleWebKit/601.2.7 (KHTML, like Gecko) Version/9.0.1 Safari/601.2.7"
172.25.87.201 - - [01/Nov/2015:12:01:10 -0500] "GET /s15/images/rotunda.jpg HTTP/1.1" 200 271342 "https://cs1110.cs.virginia.edu/" "Mozilla/5.0 (Macintosh; Intel Mac OS X 10_11_1) AppleWebKit/601.2.7 (KHTML, like Gecko) Version/9.0.1 Safari/601.2.7"
172.25.87.201 - - [01/Nov/2015:12:01:10 -0500] "GET /font/fontawesome-webfont.woff?v=3.2.1 HTTP/1.1" 200 44047 "https://cs1110.cs.virginia.edu/" "Mozilla/5.0 (Macintosh; Intel Mac OS X 10_11_1) AppleWebKit/601.2.7 (KHTML, like Gecko) Version/9.0.1 Safari/601.2.7"
66.249.67.233 - - [01/Nov/2015:12:01:11 -0500] "GET /podcasts/2015-10-28-4720.m4a HTTP/1.1" 200 4649778 "-" "Mozilla/5.0 (compatible; Googlebot/2.1; +http://www.google.com/bot.html)"
66.249.67.249 - - [01/Nov/2015:12:01:12 -0500] "GET /podcasts/2015-10-14-4720.m4a HTTP/1.1" 200 5083468 "-" "Mozilla/5.0 (compatible; Googlebot/2.1; +http://www.google.com/bot.html)"
66.249.67.241 - - [01/Nov/2015:12:01:13 -0500] "GET /podcasts/2015-10-12-4720.m4a HTTP/1.1" 200 4912386 "-" "Mozilla/5.0 (compatible; Googlebot/2.1; +http://www.google.com/bot.html)"
172.26.30.213 - - [01/Nov/2015:12:01:14 -0500] "GET /oh/queue_count.php HTTP/1.1" 302 1890 "https://stardock.cs.virginia.edu/oh/" "Mozilla/5.0 (Macintosh; Intel Mac OS X 10_9_5) AppleWebKit/537.36 (KHTML, like Gecko) Chrome/46.0.2490.80 Safari/537.36"
172.26.30.213 - - [01/Nov/2015:12:01:14 -0500] "GET /oh/queue_count.php HTTP/1.1" 302 1882 "https://stardock.cs.virginia.edu/oh/" "Mozilla/5.0 (Macintosh; Intel Mac OS X 10_9_5) AppleWebKit/537.36 (KHTML, like Gecko) Chrome/46.0.2490.80 Safari/537.36"
128.143.8.87 - - [01/Nov/2015:12:01:15 -0500] "HEAD /oh HTTP/1.1" 302 3984 "-" "Sakai Java/1.7.0_85"
172.25.87.201 - - [01/Nov/2015:12:01:15 -0500] "GET /oh HTTP/1.1" 302 6193 "https://collab.itc.virginia.edu/portal/page/cb3b4139-af39-43ca-a13c-277ec9ee6741" "Mozilla/5.0 (Macintosh; Intel Mac OS X 10_11_1) AppleWebKit/601.2.7 (KHTML, like Gecko) Version/9.0.1 Safari/601.2.7"
172.25.87.201 - - [01/Nov/2015:12:01:16 -0500] "POST /Shibboleth.sso/SAML2/POST HTTP/1.1" 302 865 "https://shibidp.its.virginia.edu/idp/profile/SAML2/Redirect/SSO" "Mozilla/5.0 (Macintosh; Intel Mac OS X 10_11_1) AppleWebKit/601.2.7 (KHTML, like Gecko) Version/9.0.1 Safari/601.2.7"
172.25.87.201 - jf5vc [01/Nov/2015:12:01:16 -0500] "GET /oh HTTP/1.1" 301 632 "https://shibidp.its.virginia.edu/idp/profile/SAML2/Redirect/SSO" "Mozilla/5.0 (Macintosh; Intel Mac OS X 10_11_1) AppleWebKit/601.2.7 (KHTML, like Gecko) Version/9.0.1 Safari/601.2.7"
172.25.87.201 - jf5vc [01/Nov/2015:12:01:16 -0500] "GET /oh/ HTTP/1.1" 200 1848 "https://shibidp.its.virginia.edu/idp/profile/SAML2/Redirect/SSO" "Mozilla/5.0 (Macintosh; Intel Mac OS X 10_11_1) AppleWebKit/601.2.7 (KHTML, like Gecko) Version/9.0.1 Safari/601.2.7"
172.25.87.201 - jf5vc [01/Nov/2015:12:01:16 -0500] "GET /oh/css/bootstrap.css HTTP/1.1" 200 17688 "https://stardock.cs.virginia.edu/oh/" "Mozilla/5.0 (Macintosh; Intel Mac OS X 10_11_1) AppleWebKit/601.2.7 (KHTML, like Gecko) Version/9.0.1 Safari/601.2.7"
172.25.87.201 - jf5vc [01/Nov/2015:12:01:16 -0500] "GET /oh/css/style.css HTTP/1.1" 200 1011 "https://stardock.cs.virginia.edu/oh/" "Mozilla/5.0 (Macintosh; Intel Mac OS X 10_11_1) AppleWebKit/601.2.7 (KHTML, like Gecko) Version/9.0.1 Safari/601.2.7"
172.25.87.201 - jf5vc [01/Nov/2015:12:01:16 -0500] "GET /oh/js/bootstrap.min.js HTTP/1.1" 200 7424 "https://stardock.cs.virginia.edu/oh/" "Mozilla/5.0 (Macintosh; Intel Mac OS X 10_11_1) AppleWebKit/601.2.7 (KHTML, like Gecko) Version/9.0.1 Safari/601.2.7"
172.25.87.201 - jf5vc [01/Nov/2015:12:01:16 -0500] "GET /oh/js/script.js HTTP/1.1" 200 1979 "https://stardock.cs.virginia.edu/oh/" "Mozilla/5.0 (Macintosh; Intel Mac OS X 10_11_1) AppleWebKit/601.2.7 (KHTML, like Gecko) Version/9.0.1 Safari/601.2.7"
172.25.87.201 - jf5vc [01/Nov/2015:12:01:16 -0500] "GET /oh/css/bootstrap-responsive.css HTTP/1.1" 200 4754 "https://stardock.cs.virginia.edu/oh/" "Mozilla/5.0 (Macintosh; Intel Mac OS X 10_11_1) AppleWebKit/601.2.7 (KHTML, like Gecko) Version/9.0.1 Safari/601.2.7"
172.25.87.201 - jf5vc [01/Nov/2015:12:01:16 -0500] "GET /oh/js/jquery-1.8.3.js HTTP/1.1" 200 34211 "https://stardock.cs.virginia.edu/oh/" "Mozilla/5.0 (Macintosh; Intel Mac OS X 10_11_1) AppleWebKit/601.2.7 (KHTML, like Gecko) Version/9.0.1 Safari/601.2.7"
172.26.30.213 - - [01/Nov/2015:12:01:29 -0500] "GET /oh/queue_count.php HTTP/1.1" 302 1910 "https://stardock.cs.virginia.edu/oh/" "Mozilla/5.0 (Macintosh; Intel Mac OS X 10_9_5) AppleWebKit/537.36 (KHTML, like Gecko) Chrome/46.0.2490.80 Safari/537.36"
172.26.30.213 - - [01/Nov/2015:12:01:29 -0500] "GET /oh/queue_count.php HTTP/1.1" 302 1870 "https://stardock.cs.virginia.edu/oh/" "Mozilla/5.0 (Macintosh; Intel Mac OS X 10_9_5) AppleWebKit/537.36 (KHTML, like Gecko) Chrome/46.0.2490.80 Safari/537.36"
::1 - - [01/Nov/2015:12:01:34 -0500] "OPTIONS * HTTP/1.0" 200 183 "-" "Apache/2.4.7 (Ubuntu) mod_auth_pgsql/2.0.3 PHP/5.5.9-1ubuntu4.12 OpenSSL/1.0.1f (internal dummy connection)"
172.26.30.213 - - [01/Nov/2015:12:01:34 -0500] "GET /oh/index.php HTTP/1.1" 302 1858 "https://stardock.cs.virginia.edu/oh/" "Mozilla/5.0 (Macintosh; Intel Mac OS X 10_9_5) AppleWebKit/537.36 (KHTML, like Gecko) Chrome/46.0.2490.80 Safari/537.36"
172.26.30.213 - - [01/Nov/2015:12:01:34 -0500] "GET /oh/index.php HTTP/1.1" 302 1878 "https://stardock.cs.virginia.edu/oh/" "Mozilla/5.0 (Macintosh; Intel Mac OS X 10_9_5) AppleWebKit/537.36 (KHTML, like Gecko) Chrome/46.0.2490.80 Safari/537.36"
::1 - - [01/Nov/2015:12:01:35 -0500] "OPTIONS * HTTP/1.0" 200 183 "-" "Apache/2.4.7 (Ubuntu) mod_auth_pgsql/2.0.3 PHP/5.5.9-1ubuntu4.12 OpenSSL/1.0.1f (internal dummy connection)"
::1 - - [01/Nov/2015:12:01:36 -0500] "OPTIONS * HTTP/1.0" 200 183 "-" "Apache/2.4.7 (Ubuntu) mod_auth_pgsql/2.0.3 PHP/5.5.9-1ubuntu4.12 OpenSSL/1.0.1f (internal dummy connection)"
::1 - - [01/Nov/2015:12:01:37 -0500] "OPTIONS * HTTP/1.0" 200 183 "-" "Apache/2.4.7 (Ubuntu) mod_auth_pgsql/2.0.3 PHP/5.5.9-1ubuntu4.12 OpenSSL/1.0.1f (internal dummy connection)"
::1 - - [01/Nov/2015:12:01:38 -0500] "OPTIONS * HTTP/1.0" 200 183 "-" "Apache/2.4.7 (Ubuntu) mod_auth_pgsql/2.0.3 PHP/5.5.9-1ubuntu4.12 OpenSSL/1.0.1f (internal dummy connection)"
172.26.30.213 - - [01/Nov/2015:12:01:44 -0500] "GET /oh/queue_count.php HTTP/1.1" 302 1898 "https://stardock.cs.virginia.edu/oh/" "Mozilla/5.0 (Macintosh; Intel Mac OS X 10_9_5) AppleWebKit/537.36 (KHTML, like Gecko) Chrome/46.0.2490.80 Safari/537.36"
172.26.30.213 - - [01/Nov/2015:12:01:44 -0500] "GET /oh/queue_count.php HTTP/1.1" 302 1886 "https://stardock.cs.virginia.edu/oh/" "Mozilla/5.0 (Macintosh; Intel Mac OS X 10_9_5) AppleWebKit/537.36 (KHTML, like Gecko) Chrome/46.0.2490.80 Safari/537.36"
172.26.30.213 - - [01/Nov/2015:12:01:59 -0500] "GET /oh/queue_count.php HTTP/1.1" 302 1906 "https://stardock.cs.virginia.edu/oh/" "Mozilla/5.0 (Macintosh; Intel Mac OS X 10_9_5) AppleWebKit/537.36 (KHTML, like Gecko) Chrome/46.0.2490.80 Safari/537.36"
172.26.30.213 - - [01/Nov/2015:12:01:59 -0500] "GET /oh/queue_count.php HTTP/1.1" 302 1878 "https://stardock.cs.virginia.edu/oh/" "Mozilla/5.0 (Macintosh; Intel Mac OS X 10_9_5) AppleWebKit/537.36 (KHTML, like Gecko) Chrome/46.0.2490.80 Safari/537.36"
172.26.30.213 - - [01/Nov/2015:12:02:14 -0500] "GET /oh/queue_count.php HTTP/1.1" 302 1882 "https://stardock.cs.virginia.edu/oh/" "Mozilla/5.0 (Macintosh; Intel Mac OS X 10_9_5) AppleWebKit/537.36 (KHTML, like Gecko) Chrome/46.0.2490.80 Safari/537.36"
172.26.30.213 - - [01/Nov/2015:12:02:14 -0500] "GET /oh/queue_count.php HTTP/1.1" 302 1874 "https://stardock.cs.virginia.edu/oh/" "Mozilla/5.0 (Macintosh; Intel Mac OS X 10_9_5) AppleWebKit/537.36 (KHTML, like Gecko) Chrome/46.0.2490.80 Safari/537.36"
73.148.105.226 - - [01/Nov/2015:12:02:19 -0500] "GET / HTTP/1.1" 200 7123 "https://rabi.phys.virginia.edu/mySIS/CS2/page.php?Semester=1162&Type=Group&Group=CompSci" "Mozilla/5.0 (Macintosh; Intel Mac OS X 10_10_5) AppleWebKit/537.36 (KHTML, like Gecko) Chrome/46.0.2490.71 Safari/537.36"
73.148.105.226 - - [01/Nov/2015:12:02:19 -0500] "GET /stylesheets/screen.css HTTP/1.1" 200 13860 "https://cs4720.cs.virginia.edu/" "Mozilla/5.0 (Macintosh; Intel Mac OS X 10_10_5) AppleWebKit/537.36 (KHTML, like Gecko) Chrome/46.0.2490.71 Safari/537.36"
73.148.105.226 - - [01/Nov/2015:12:02:19 -0500] "GET /javascripts/octopress.js HTTP/1.1" 200 862 "https://cs4720.cs.virginia.edu/" "Mozilla/5.0 (Macintosh; Intel Mac OS X 10_10_5) AppleWebKit/537.36 (KHTML, like Gecko) Chrome/46.0.2490.71 Safari/537.36"
73.148.105.226 - - [01/Nov/2015:12:02:20 -0500] "GET /images/code.png HTTP/1.1" 200 57498 "https://cs4720.cs.virginia.edu/" "Mozilla/5.0 (Macintosh; Intel Mac OS X 10_10_5) AppleWebKit/537.36 (KHTML, like Gecko) Chrome/46.0.2490.71 Safari/537.36"
73.148.105.226 - - [01/Nov/2015:12:02:20 -0500] "GET /images/matrix.png HTTP/1.1" 200 679 "https://cs4720.cs.virginia.edu/stylesheets/screen.css" "Mozilla/5.0 (Macintosh; Intel Mac OS X 10_10_5) AppleWebKit/537.36 (KHTML, like Gecko) Chrome/46.0.2490.71 Safari/537.36"
73.148.105.226 - - [01/Nov/2015:12:02:20 -0500] "GET /font/fontawesome-webfont.woff?v=3.2.1 HTTP/1.1" 200 44047 "https://cs4720.cs.virginia.edu/stylesheets/screen.css" "Mozilla/5.0 (Macintosh; Intel Mac OS X 10_10_5) AppleWebKit/537.36 (KHTML, like Gecko) Chrome/46.0.2490.71 Safari/537.36"
73.148.105.226 - - [01/Nov/2015:12:02:20 -0500] "GET /favicon.png HTTP/1.1" 200 767 "https://cs4720.cs.virginia.edu/" "Mozilla/5.0 (Macintosh; Intel Mac OS X 10_10_5) AppleWebKit/537.36 (KHTML, like Gecko) Chrome/46.0.2490.71 Safari/537.36"
172.26.30.213 - - [01/Nov/2015:12:02:29 -0500] "GET /oh/queue_count.php HTTP/1.1" 302 1882 "https://stardock.cs.virginia.edu/oh/" "Mozilla/5.0 (Macintosh; Intel Mac OS X 10_9_5) AppleWebKit/537.36 (KHTML, like Gecko) Chrome/46.0.2490.80 Safari/537.36"
172.26.30.213 - - [01/Nov/2015:12:02:29 -0500] "GET /oh/queue_count.php HTTP/1.1" 302 1862 "https://stardock.cs.virginia.edu/oh/" "Mozilla/5.0 (Macintosh; Intel Mac OS X 10_9_5) AppleWebKit/537.36 (KHTML, like Gecko) Chrome/46.0.2490.80 Safari/537.36"
172.26.30.213 - - [01/Nov/2015:12:02:34 -0500] "GET /oh/index.php HTTP/1.1" 302 1890 "https://stardock.cs.virginia.edu/oh/" "Mozilla/5.0 (Macintosh; Intel Mac OS X 10_9_5) AppleWebKit/537.36 (KHTML, like Gecko) Chrome/46.0.2490.80 Safari/537.36"
172.26.30.213 - - [01/Nov/2015:12:02:34 -0500] "GET /oh/index.php HTTP/1.1" 302 1882 "https://stardock.cs.virginia.edu/oh/" "Mozilla/5.0 (Macintosh; Intel Mac OS X 10_9_5) AppleWebKit/537.36 (KHTML, like Gecko) Chrome/46.0.2490.80 Safari/537.36"
73.148.105.226 - - [01/Nov/2015:12:02:41 -0500] "GET /schedule.html HTTP/1.1" 200 2100 "https://cs4720.cs.virginia.edu/" "Mozilla/5.0 (Macintosh; Intel Mac OS X 10_10_5) AppleWebKit/537.36 (KHTML, like Gecko) Chrome/46.0.2490.71 Safari/537.36"
172.26.30.213 - - [01/Nov/2015:12:02:44 -0500] "GET /oh/queue_count.php HTTP/1.1" 302 1910 "https://stardock.cs.virginia.edu/oh/" "Mozilla/5.0 (Macintosh; Intel Mac OS X 10_9_5) AppleWebKit/537.36 (KHTML, like Gecko) Chrome/46.0.2490.80 Safari/537.36"
172.26.30.213 - - [01/Nov/2015:12:02:44 -0500] "GET /oh/queue_count.php HTTP/1.1" 302 1870 "https://stardock.cs.virginia.edu/oh/" "Mozilla/5.0 (Macintosh; Intel Mac OS X 10_9_5) AppleWebKit/537.36 (KHTML, like Gecko) Chrome/46.0.2490.80 Safari/537.36"
172.26.30.213 - - [01/Nov/2015:12:02:59 -0500] "GET /oh/queue_count.php HTTP/1.1" 302 1898 "https://stardock.cs.virginia.edu/oh/" "Mozilla/5.0 (Macintosh; Intel Mac OS X 10_9_5) AppleWebKit/537.36 (KHTML, like Gecko) Chrome/46.0.2490.80 Safari/537.36"
172.26.30.213 - - [01/Nov/2015:12:02:59 -0500] "GET /oh/queue_count.php HTTP/1.1" 302 1878 "https://stardock.cs.virginia.edu/oh/" "Mozilla/5.0 (Macintosh; Intel Mac OS X 10_9_5) AppleWebKit/537.36 (KHTML, like Gecko) Chrome/46.0.2490.80 Safari/537.36"
172.26.30.213 - - [01/Nov/2015:12:03:14 -0500] "GET /oh/queue_count.php HTTP/1.1" 302 1858 "https://stardock.cs.virginia.edu/oh/" "Mozilla/5.0 (Macintosh; Intel Mac OS X 10_9_5) AppleWebKit/537.36 (KHTML, like Gecko) Chrome/46.0.2490.80 Safari/537.36"
172.26.30.213 - - [01/Nov/2015:12:03:14 -0500] "GET /oh/queue_count.php HTTP/1.1" 302 1882 "https://stardock.cs.virginia.edu/oh/" "Mozilla/5.0 (Macintosh; Intel Mac OS X 10_9_5) AppleWebKit/537.36 (KHTML, like Gecko) Chrome/46.0.2490.80 Safari/537.36"
73.148.105.226 - - [01/Nov/2015:12:03:16 -0500] "-" 408 137 "-" "-"
73.148.105.226 - - [01/Nov/2015:12:03:16 -0500] "-" 408 137 "-" "-"
73.148.105.226 - - [01/Nov/2015:12:03:16 -0500] "-" 408 137 "-" "-"
73.148.105.226 - - [01/Nov/2015:12:03:16 -0500] "-" 408 137 "-" "-"
73.148.105.226 - - [01/Nov/2015:12:03:17 -0500] "-" 408 137 "-" "-"
172.26.30.213 - - [01/Nov/2015:12:03:29 -0500] "GET /oh/queue_count.php HTTP/1.1" 302 1894 "https://stardock.cs.virginia.edu/oh/" "Mozilla/5.0 (Macintosh; Intel Mac OS X 10_9_5) AppleWebKit/537.36 (KHTML, like Gecko) Chrome/46.0.2490.80 Safari/537.36"
172.26.30.213 - - [01/Nov/2015:12:03:29 -0500] "GET /oh/queue_count.php HTTP/1.1" 302 1878 "https://stardock.cs.virginia.edu/oh/" "Mozilla/5.0 (Macintosh; Intel Mac OS X 10_9_5) AppleWebKit/537.36 (KHTML, like Gecko) Chrome/46.0.2490.80 Safari/537.36"
113.23.49.213 - - [01/Nov/2015:12:03:30 -0500] "GET /cs1110-f14/images/flappyDiagram.png HTTP/1.1" 200 22228 "https://www.google.com/" "Mozilla/5.0 (Windows NT 10.0; WOW64) AppleWebKit/537.36 (KHTML, like Gecko) coc_coc_browser/50.2.175 Chrome/44.2.2403.175 Safari/537.36"
172.26.30.213 - - [01/Nov/2015:12:03:34 -0500] "GET /oh/index.php HTTP/1.1" 302 1862 "https://stardock.cs.virginia.edu/oh/" "Mozilla/5.0 (Macintosh; Intel Mac OS X 10_9_5) AppleWebKit/537.36 (KHTML, like Gecko) Chrome/46.0.2490.80 Safari/537.36"
172.26.30.213 - - [01/Nov/2015:12:03:34 -0500] "GET /oh/index.php HTTP/1.1" 302 1866 "https://stardock.cs.virginia.edu/oh/" "Mozilla/5.0 (Macintosh; Intel Mac OS X 10_9_5) AppleWebKit/537.36 (KHTML, like Gecko) Chrome/46.0.2490.80 Safari/537.36"
172.26.30.213 - - [01/Nov/2015:12:03:44 -0500] "GET /oh/queue_count.php HTTP/1.1" 302 1870 "https://stardock.cs.virginia.edu/oh/" "Mozilla/5.0 (Macintosh; Intel Mac OS X 10_9_5) AppleWebKit/537.36 (KHTML, like Gecko) Chrome/46.0.2490.80 Safari/537.36"
172.26.30.213 - - [01/Nov/2015:12:03:44 -0500] "GET /oh/queue_count.php HTTP/1.1" 302 1894 "https://stardock.cs.virginia.edu/oh/" "Mozilla/5.0 (Macintosh; Intel Mac OS X 10_9_5) AppleWebKit/537.36 (KHTML, like Gecko) Chrome/46.0.2490.80 Safari/537.36"
172.26.30.213 - - [01/Nov/2015:12:03:59 -0500] "GET /oh/queue_count.php HTTP/1.1" 302 1866 "https://stardock.cs.virginia.edu/oh/" "Mozilla/5.0 (Macintosh; Intel Mac OS X 10_9_5) AppleWebKit/537.36 (KHTML, like Gecko) Chrome/46.0.2490.80 Safari/537.36"
172.26.30.213 - - [01/Nov/2015:12:03:59 -0500] "GET /oh/queue_count.php HTTP/1.1" 302 1882 "https://stardock.cs.virginia.edu/oh/" "Mozilla/5.0 (Macintosh; Intel Mac OS X 10_9_5) AppleWebKit/537.36 (KHTML, like Gecko) Chrome/46.0.2490.80 Safari/537.36"
180.76.15.135 - - [01/Nov/2015:12:04:11 -0500] "GET /code/zombies/?C=M;O=A HTTP/1.1" 302 533 "-" "Mozilla/5.0 (compatible; Baiduspider/2.0; +http://www.baidu.com/search/spider.html)"
180.76.15.18 - - [01/Nov/2015:12:04:12 -0500] "GET /code/zombies/?C=M;O=A HTTP/1.1" 200 7761 "-" "Mozilla/5.0 (compatible; Baiduspider/2.0; +http://www.baidu.com/search/spider.html)"
180.76.15.20 - - [01/Nov/2015:12:04:12 -0500] "GET /robots.txt HTTP/1.1" 302 511 "-" "Mozilla/5.0 (Windows NT 5.1; rv:6.0.2) Gecko/20100101 Firefox/6.0.2"
172.26.30.213 - - [01/Nov/2015:12:04:14 -0500] "GET /oh/queue_count.php HTTP/1.1" 302 1866 "https://stardock.cs.virginia.edu/oh/" "Mozilla/5.0 (Macintosh; Intel Mac OS X 10_9_5) AppleWebKit/537.36 (KHTML, like Gecko) Chrome/46.0.2490.80 Safari/537.36"
172.26.30.213 - - [01/Nov/2015:12:04:14 -0500] "GET /oh/queue_count.php HTTP/1.1" 302 1874 "https://stardock.cs.virginia.edu/oh/" "Mozilla/5.0 (Macintosh; Intel Mac OS X 10_9_5) AppleWebKit/537.36 (KHTML, like Gecko) Chrome/46.0.2490.80 Safari/537.36"
172.26.30.213 - - [01/Nov/2015:12:04:29 -0500] "GET /oh/queue_count.php HTTP/1.1" 302 1886 "https://stardock.cs.virginia.edu/oh/" "Mozilla/5.0 (Macintosh; Intel Mac OS X 10_9_5) AppleWebKit/537.36 (KHTML, like Gecko) Chrome/46.0.2490.80 Safari/537.36"
172.26.30.213 - - [01/Nov/2015:12:04:29 -0500] "GET /oh/queue_count.php HTTP/1.1" 302 1850 "https://stardock.cs.virginia.edu/oh/" "Mozilla/5.0 (Macintosh; Intel Mac OS X 10_9_5) AppleWebKit/537.36 (KHTML, like Gecko) Chrome/46.0.2490.80 Safari/537.36"
172.26.30.213 - - [01/Nov/2015:12:04:34 -0500] "GET /oh/index.php HTTP/1.1" 302 1866 "https://stardock.cs.virginia.edu/oh/" "Mozilla/5.0 (Macintosh; Intel Mac OS X 10_9_5) AppleWebKit/537.36 (KHTML, like Gecko) Chrome/46.0.2490.80 Safari/537.36"
172.26.30.213 - - [01/Nov/2015:12:04:34 -0500] "GET /oh/index.php HTTP/1.1" 302 1890 "https://stardock.cs.virginia.edu/oh/" "Mozilla/5.0 (Macintosh; Intel Mac OS X 10_9_5) AppleWebKit/537.36 (KHTML, like Gecko) Chrome/46.0.2490.80 Safari/537.36"
172.26.30.213 - - [01/Nov/2015:12:04:44 -0500] "GET /oh/queue_count.php HTTP/1.1" 302 1886 "https://stardock.cs.virginia.edu/oh/" "Mozilla/5.0 (Macintosh; Intel Mac OS X 10_9_5) AppleWebKit/537.36 (KHTML, like Gecko) Chrome/46.0.2490.80 Safari/537.36"
172.26.30.213 - - [01/Nov/2015:12:04:44 -0500] "GET /oh/queue_count.php HTTP/1.1" 302 1894 "https://stardock.cs.virginia.edu/oh/" "Mozilla/5.0 (Macintosh; Intel Mac OS X 10_9_5) AppleWebKit/537.36 (KHTML, like Gecko) Chrome/46.0.2490.80 Safari/537.36"
172.26.30.213 - - [01/Nov/2015:12:04:59 -0500] "GET /oh/queue_count.php HTTP/1.1" 302 1882 "https://stardock.cs.virginia.edu/oh/" "Mozilla/5.0 (Macintosh; Intel Mac OS X 10_9_5) AppleWebKit/537.36 (KHTML, like Gecko) Chrome/46.0.2490.80 Safari/537.36"
172.26.30.213 - - [01/Nov/2015:12:04:59 -0500] "GET /oh/queue_count.php HTTP/1.1" 302 1894 "https://stardock.cs.virginia.edu/oh/" "Mozilla/5.0 (Macintosh; Intel Mac OS X 10_9_5) AppleWebKit/537.36 (KHTML, like Gecko) Chrome/46.0.2490.80 Safari/537.36"
172.26.30.213 - - [01/Nov/2015:12:05:14 -0500] "GET /oh/queue_count.php HTTP/1.1" 302 1882 "https://stardock.cs.virginia.edu/oh/" "Mozilla/5.0 (Macintosh; Intel Mac OS X 10_9_5) AppleWebKit/537.36 (KHTML, like Gecko) Chrome/46.0.2490.80 Safari/537.36"
172.26.30.213 - - [01/Nov/2015:12:05:14 -0500] "GET /oh/queue_count.php HTTP/1.1" 302 1870 "https://stardock.cs.virginia.edu/oh/" "Mozilla/5.0 (Macintosh; Intel Mac OS X 10_9_5) AppleWebKit/537.36 (KHTML, like Gecko) Chrome/46.0.2490.80 Safari/537.36"
172.26.30.213 - - [01/Nov/2015:12:05:29 -0500] "GET /oh/queue_count.php HTTP/1.1" 302 1882 "https://stardock.cs.virginia.edu/oh/" "Mozilla/5.0 (Macintosh; Intel Mac OS X 10_9_5) AppleWebKit/537.36 (KHTML, like Gecko) Chrome/46.0.2490.80 Safari/537.36"
172.26.30.213 - - [01/Nov/2015:12:05:29 -0500] "GET /oh/queue_count.php HTTP/1.1" 302 1870 "https://stardock.cs.virginia.edu/oh/" "Mozilla/5.0 (Macintosh; Intel Mac OS X 10_9_5) AppleWebKit/537.36 (KHTML, like Gecko) Chrome/46.0.2490.80 Safari/537.36"
172.26.30.213 - - [01/Nov/2015:12:05:34 -0500] "GET /oh/index.php HTTP/1.1" 302 1866 "https://stardock.cs.virginia.edu/oh/" "Mozilla/5.0 (Macintosh; Intel Mac OS X 10_9_5) AppleWebKit/537.36 (KHTML, like Gecko) Chrome/46.0.2490.80 Safari/537.36"
172.26.30.213 - - [01/Nov/2015:12:05:34 -0500] "GET /oh/index.php HTTP/1.1" 302 1866 "https://stardock.cs.virginia.edu/oh/" "Mozilla/5.0 (Macintosh; Intel Mac OS X 10_9_5) AppleWebKit/537.36 (KHTML, like Gecko) Chrome/46.0.2490.80 Safari/537.36"
172.26.30.213 - - [01/Nov/2015:12:05:44 -0500] "GET /oh/queue_count.php HTTP/1.1" 302 1878 "https://stardock.cs.virginia.edu/oh/" "Mozilla/5.0 (Macintosh; Intel Mac OS X 10_9_5) AppleWebKit/537.36 (KHTML, like Gecko) Chrome/46.0.2490.80 Safari/537.36"
172.26.30.213 - - [01/Nov/2015:12:05:44 -0500] "GET /oh/queue_count.php HTTP/1.1" 302 1870 "https://stardock.cs.virginia.edu/oh/" "Mozilla/5.0 (Macintosh; Intel Mac OS X 10_9_5) AppleWebKit/537.36 (KHTML, like Gecko) Chrome/46.0.2490.80 Safari/537.36"
172.26.30.213 - - [01/Nov/2015:12:05:59 -0500] "GET /oh/queue_count.php HTTP/1.1" 302 1862 "https://stardock.cs.virginia.edu/oh/" "Mozilla/5.0 (Macintosh; Intel Mac OS X 10_9_5) AppleWebKit/537.36 (KHTML, like Gecko) Chrome/46.0.2490.80 Safari/537.36"
172.26.30.213 - - [01/Nov/2015:12:05:59 -0500] "GET /oh/queue_count.php HTTP/1.1" 302 1890 "https://stardock.cs.virginia.edu/oh/" "Mozilla/5.0 (Macintosh; Intel Mac OS X 10_9_5) AppleWebKit/537.36 (KHTML, like Gecko) Chrome/46.0.2490.80 Safari/537.36"
172.26.30.213 - - [01/Nov/2015:12:06:14 -0500] "GET /oh/queue_count.php HTTP/1.1" 302 1878 "https://stardock.cs.virginia.edu/oh/" "Mozilla/5.0 (Macintosh; Intel Mac OS X 10_9_5) AppleWebKit/537.36 (KHTML, like Gecko) Chrome/46.0.2490.80 Safari/537.36"
172.26.30.213 - - [01/Nov/2015:12:06:14 -0500] "GET /oh/queue_count.php HTTP/1.1" 302 1886 "https://stardock.cs.virginia.edu/oh/" "Mozilla/5.0 (Macintosh; Intel Mac OS X 10_9_5) AppleWebKit/537.36 (KHTML, like Gecko) Chrome/46.0.2490.80 Safari/537.36"
172.26.30.213 - - [01/Nov/2015:12:06:29 -0500] "GET /oh/queue_count.php HTTP/1.1" 302 1894 "https://stardock.cs.virginia.edu/oh/" "Mozilla/5.0 (Macintosh; Intel Mac OS X 10_9_5) AppleWebKit/537.36 (KHTML, like Gecko) Chrome/46.0.2490.80 Safari/537.36"
172.26.30.213 - - [01/Nov/2015:12:06:29 -0500] "GET /oh/queue_count.php HTTP/1.1" 302 1898 "https://stardock.cs.virginia.edu/oh/" "Mozilla/5.0 (Macintosh; Intel Mac OS X 10_9_5) AppleWebKit/537.36 (KHTML, like Gecko) Chrome/46.0.2490.80 Safari/537.36"
172.26.30.213 - - [01/Nov/2015:12:06:34 -0500] "GET /oh/index.php HTTP/1.1" 302 1858 "https://stardock.cs.virginia.edu/oh/" "Mozilla/5.0 (Macintosh; Intel Mac OS X 10_9_5) AppleWebKit/537.36 (KHTML, like Gecko) Chrome/46.0.2490.80 Safari/537.36"
172.26.30.213 - - [01/Nov/2015:12:06:34 -0500] "GET /oh/index.php HTTP/1.1" 302 1882 "https://stardock.cs.virginia.edu/oh/" "Mozilla/5.0 (Macintosh; Intel Mac OS X 10_9_5) AppleWebKit/537.36 (KHTML, like Gecko) Chrome/46.0.2490.80 Safari/537.36"
172.26.30.213 - - [01/Nov/2015:12:06:44 -0500] "GET /oh/queue_count.php HTTP/1.1" 302 1890 "https://stardock.cs.virginia.edu/oh/" "Mozilla/5.0 (Macintosh; Intel Mac OS X 10_9_5) AppleWebKit/537.36 (KHTML, like Gecko) Chrome/46.0.2490.80 Safari/537.36"
172.26.30.213 - - [01/Nov/2015:12:06:44 -0500] "GET /oh/queue_count.php HTTP/1.1" 302 1882 "https://stardock.cs.virginia.edu/oh/" "Mozilla/5.0 (Macintosh; Intel Mac OS X 10_9_5) AppleWebKit/537.36 (KHTML, like Gecko) Chrome/46.0.2490.80 Safari/537.36"
172.26.30.213 - - [01/Nov/2015:12:06:59 -0500] "GET /oh/queue_count.php HTTP/1.1" 302 1870 "https://stardock.cs.virginia.edu/oh/" "Mozilla/5.0 (Macintosh; Intel Mac OS X 10_9_5) AppleWebKit/537.36 (KHTML, like Gecko) Chrome/46.0.2490.80 Safari/537.36"
172.26.30.213 - - [01/Nov/2015:12:06:59 -0500] "GET /oh/queue_count.php HTTP/1.1" 302 1878 "https://stardock.cs.virginia.edu/oh/" "Mozilla/5.0 (Macintosh; Intel Mac OS X 10_9_5) AppleWebKit/537.36 (KHTML, like Gecko) Chrome/46.0.2490.80 Safari/537.36"
172.26.30.213 - - [01/Nov/2015:12:07:14 -0500] "GET /oh/queue_count.php HTTP/1.1" 302 1890 "https://stardock.cs.virginia.edu/oh/" "Mozilla/5.0 (Macintosh; Intel Mac OS X 10_9_5) AppleWebKit/537.36 (KHTML, like Gecko) Chrome/46.0.2490.80 Safari/537.36"
172.26.30.213 - - [01/Nov/2015:12:07:14 -0500] "GET /oh/queue_count.php HTTP/1.1" 302 1878 "https://stardock.cs.virginia.edu/oh/" "Mozilla/5.0 (Macintosh; Intel Mac OS X 10_9_5) AppleWebKit/537.36 (KHTML, like Gecko) Chrome/46.0.2490.80 Safari/537.36"
172.26.45.149 - - [01/Nov/2015:12:07:17 -0500] "GET /images/matrix.png HTTP/1.1" 304 4589 "https://cs1110.cs.virginia.edu/" "Mozilla/5.0 (Macintosh; Intel Mac OS X 10_11_1) AppleWebKit/601.2.7 (KHTML, like Gecko) Version/9.0.1 Safari/601.2.7"
172.26.45.149 - - [01/Nov/2015:12:07:20 -0500] "GET /font/fontawesome-webfont.woff?v=3.2.1 HTTP/1.1" 304 406 "https://cs1110.cs.virginia.edu/" "Mozilla/5.0 (Macintosh; Intel Mac OS X 10_11_1) AppleWebKit/601.2.7 (KHTML, like Gecko) Version/9.0.1 Safari/601.2.7"
172.26.45.149 - - [01/Nov/2015:12:07:23 -0500] "GET /hw.html HTTP/1.1" 200 5447 "https://cs1110.cs.virginia.edu/" "Mozilla/5.0 (Macintosh; Intel Mac OS X 10_11_1) AppleWebKit/601.2.7 (KHTML, like Gecko) Version/9.0.1 Safari/601.2.7"
172.26.45.149 - - [01/Nov/2015:12:07:23 -0500] "GET /images/noise.png?1408385458 HTTP/1.1" 200 18174 "https://cs1110.cs.virginia.edu/hw.html" "Mozilla/5.0 (Macintosh; Intel Mac OS X 10_11_1) AppleWebKit/601.2.7 (KHTML, like Gecko) Version/9.0.1 Safari/601.2.7"
172.26.30.213 - - [01/Nov/2015:12:07:29 -0500] "GET /oh/queue_count.php HTTP/1.1" 302 1874 "https://stardock.cs.virginia.edu/oh/" "Mozilla/5.0 (Macintosh; Intel Mac OS X 10_9_5) AppleWebKit/537.36 (KHTML, like Gecko) Chrome/46.0.2490.80 Safari/537.36"
172.26.30.213 - - [01/Nov/2015:12:07:29 -0500] "GET /oh/queue_count.php HTTP/1.1" 302 1890 "https://stardock.cs.virginia.edu/oh/" "Mozilla/5.0 (Macintosh; Intel Mac OS X 10_9_5) AppleWebKit/537.36 (KHTML, like Gecko) Chrome/46.0.2490.80 Safari/537.36"
172.26.30.213 - - [01/Nov/2015:12:07:34 -0500] "GET /oh/index.php HTTP/1.1" 302 1878 "https://stardock.cs.virginia.edu/oh/" "Mozilla/5.0 (Macintosh; Intel Mac OS X 10_9_5) AppleWebKit/537.36 (KHTML, like Gecko) Chrome/46.0.2490.80 Safari/537.36"
172.26.30.213 - - [01/Nov/2015:12:07:34 -0500] "GET /oh/index.php HTTP/1.1" 302 1890 "https://stardock.cs.virginia.edu/oh/" "Mozilla/5.0 (Macintosh; Intel Mac OS X 10_9_5) AppleWebKit/537.36 (KHTML, like Gecko) Chrome/46.0.2490.80 Safari/537.36"
172.26.30.213 - - [01/Nov/2015:12:07:44 -0500] "GET /oh/queue_count.php HTTP/1.1" 302 1866 "https://stardock.cs.virginia.edu/oh/" "Mozilla/5.0 (Macintosh; Intel Mac OS X 10_9_5) AppleWebKit/537.36 (KHTML, like Gecko) Chrome/46.0.2490.80 Safari/537.36"
172.26.30.213 - - [01/Nov/2015:12:07:44 -0500] "GET /oh/queue_count.php HTTP/1.1" 302 1886 "https://stardock.cs.virginia.edu/oh/" "Mozilla/5.0 (Macintosh; Intel Mac OS X 10_9_5) AppleWebKit/537.36 (KHTML, like Gecko) Chrome/46.0.2490.80 Safari/537.36"
172.26.30.213 - - [01/Nov/2015:12:07:59 -0500] "GET /oh/queue_count.php HTTP/1.1" 302 1874 "https://stardock.cs.virginia.edu/oh/" "Mozilla/5.0 (Macintosh; Intel Mac OS X 10_9_5) AppleWebKit/537.36 (KHTML, like Gecko) Chrome/46.0.2490.80 Safari/537.36"
172.26.30.213 - - [01/Nov/2015:12:07:59 -0500] "GET /oh/queue_count.php HTTP/1.1" 302 1862 "https://stardock.cs.virginia.edu/oh/" "Mozilla/5.0 (Macintosh; Intel Mac OS X 10_9_5) AppleWebKit/537.36 (KHTML, like Gecko) Chrome/46.0.2490.80 Safari/537.36"
172.26.30.213 - - [01/Nov/2015:12:08:14 -0500] "GET /oh/queue_count.php HTTP/1.1" 302 1886 "https://stardock.cs.virginia.edu/oh/" "Mozilla/5.0 (Macintosh; Intel Mac OS X 10_9_5) AppleWebKit/537.36 (KHTML, like Gecko) Chrome/46.0.2490.80 Safari/537.36"
172.26.30.213 - - [01/Nov/2015:12:08:14 -0500] "GET /oh/queue_count.php HTTP/1.1" 302 1862 "https://stardock.cs.virginia.edu/oh/" "Mozilla/5.0 (Macintosh; Intel Mac OS X 10_9_5) AppleWebKit/537.36 (KHTML, like Gecko) Chrome/46.0.2490.80 Safari/537.36"
66.249.67.241 - - [01/Nov/2015:12:08:20 -0500] "GET /slides/CS4720-MAD-Sensors.pdf HTTP/1.1" 304 4787 "-" "Mozilla/5.0 (compatible; Googlebot/2.1; +http://www.google.com/bot.html)"
172.26.30.213 - - [01/Nov/2015:12:08:29 -0500] "GET /oh/queue_count.php HTTP/1.1" 302 1906 "https://stardock.cs.virginia.edu/oh/" "Mozilla/5.0 (Macintosh; Intel Mac OS X 10_9_5) AppleWebKit/537.36 (KHTML, like Gecko) Chrome/46.0.2490.80 Safari/537.36"
172.26.30.213 - - [01/Nov/2015:12:08:29 -0500] "GET /oh/queue_count.php HTTP/1.1" 302 1866 "https://stardock.cs.virginia.edu/oh/" "Mozilla/5.0 (Macintosh; Intel Mac OS X 10_9_5) AppleWebKit/537.36 (KHTML, like Gecko) Chrome/46.0.2490.80 Safari/537.36"
172.26.30.213 - - [01/Nov/2015:12:08:34 -0500] "GET /oh/index.php HTTP/1.1" 302 1886 "https://stardock.cs.virginia.edu/oh/" "Mozilla/5.0 (Macintosh; Intel Mac OS X 10_9_5) AppleWebKit/537.36 (KHTML, like Gecko) Chrome/46.0.2490.80 Safari/537.36"
172.26.30.213 - - [01/Nov/2015:12:08:34 -0500] "GET /oh/index.php HTTP/1.1" 302 1854 "https://stardock.cs.virginia.edu/oh/" "Mozilla/5.0 (Macintosh; Intel Mac OS X 10_9_5) AppleWebKit/537.36 (KHTML, like Gecko) Chrome/46.0.2490.80 Safari/537.36"
172.26.30.213 - - [01/Nov/2015:12:08:44 -0500] "GET /oh/queue_count.php HTTP/1.1" 302 1866 "https://stardock.cs.virginia.edu/oh/" "Mozilla/5.0 (Macintosh; Intel Mac OS X 10_9_5) AppleWebKit/537.36 (KHTML, like Gecko) Chrome/46.0.2490.80 Safari/537.36"
172.26.30.213 - - [01/Nov/2015:12:08:44 -0500] "GET /oh/queue_count.php HTTP/1.1" 302 1886 "https://stardock.cs.virginia.edu/oh/" "Mozilla/5.0 (Macintosh; Intel Mac OS X 10_9_5) AppleWebKit/537.36 (KHTML, like Gecko) Chrome/46.0.2490.80 Safari/537.36"
172.26.30.213 - - [01/Nov/2015:12:08:59 -0500] "GET /oh/queue_count.php HTTP/1.1" 302 1862 "https://stardock.cs.virginia.edu/oh/" "Mozilla/5.0 (Macintosh; Intel Mac OS X 10_9_5) AppleWebKit/537.36 (KHTML, like Gecko) Chrome/46.0.2490.80 Safari/537.36"
172.26.30.213 - - [01/Nov/2015:12:08:59 -0500] "GET /oh/queue_count.php HTTP/1.1" 302 1886 "https://stardock.cs.virginia.edu/oh/" "Mozilla/5.0 (Macintosh; Intel Mac OS X 10_9_5) AppleWebKit/537.36 (KHTML, like Gecko) Chrome/46.0.2490.80 Safari/537.36"
172.26.30.213 - - [01/Nov/2015:12:09:14 -0500] "GET /oh/queue_count.php HTTP/1.1" 302 1862 "https://stardock.cs.virginia.edu/oh/" "Mozilla/5.0 (Macintosh; Intel Mac OS X 10_9_5) AppleWebKit/537.36 (KHTML, like Gecko) Chrome/46.0.2490.80 Safari/537.36"
172.26.30.213 - - [01/Nov/2015:12:09:14 -0500] "GET /oh/queue_count.php HTTP/1.1" 302 1858 "https://stardock.cs.virginia.edu/oh/" "Mozilla/5.0 (Macintosh; Intel Mac OS X 10_9_5) AppleWebKit/537.36 (KHTML, like Gecko) Chrome/46.0.2490.80 Safari/537.36"
172.26.30.213 - - [01/Nov/2015:12:09:29 -0500] "GET /oh/queue_count.php HTTP/1.1" 302 1894 "https://stardock.cs.virginia.edu/oh/" "Mozilla/5.0 (Macintosh; Intel Mac OS X 10_9_5) AppleWebKit/537.36 (KHTML, like Gecko) Chrome/46.0.2490.80 Safari/537.36"
172.26.30.213 - - [01/Nov/2015:12:09:29 -0500] "GET /oh/queue_count.php HTTP/1.1" 302 1894 "https://stardock.cs.virginia.edu/oh/" "Mozilla/5.0 (Macintosh; Intel Mac OS X 10_9_5) AppleWebKit/537.36 (KHTML, like Gecko) Chrome/46.0.2490.80 Safari/537.36"
172.26.30.213 - - [01/Nov/2015:12:09:34 -0500] "GET /oh/index.php HTTP/1.1" 302 1878 "https://stardock.cs.virginia.edu/oh/" "Mozilla/5.0 (Macintosh; Intel Mac OS X 10_9_5) AppleWebKit/537.36 (KHTML, like Gecko) Chrome/46.0.2490.80 Safari/537.36"
172.26.30.213 - - [01/Nov/2015:12:09:34 -0500] "GET /oh/index.php HTTP/1.1" 302 1858 "https://stardock.cs.virginia.edu/oh/" "Mozilla/5.0 (Macintosh; Intel Mac OS X 10_9_5) AppleWebKit/537.36 (KHTML, like Gecko) Chrome/46.0.2490.80 Safari/537.36"
172.26.30.213 - - [01/Nov/2015:12:09:44 -0500] "GET /oh/queue_count.php HTTP/1.1" 302 1890 "https://stardock.cs.virginia.edu/oh/" "Mozilla/5.0 (Macintosh; Intel Mac OS X 10_9_5) AppleWebKit/537.36 (KHTML, like Gecko) Chrome/46.0.2490.80 Safari/537.36"
172.26.30.213 - - [01/Nov/2015:12:09:44 -0500] "GET /oh/queue_count.php HTTP/1.1" 302 1870 "https://stardock.cs.virginia.edu/oh/" "Mozilla/5.0 (Macintosh; Intel Mac OS X 10_9_5) AppleWebKit/537.36 (KHTML, like Gecko) Chrome/46.0.2490.80 Safari/537.36"
172.26.30.213 - - [01/Nov/2015:12:09:59 -0500] "GET /oh/queue_count.php HTTP/1.1" 302 1874 "https://stardock.cs.virginia.edu/oh/" "Mozilla/5.0 (Macintosh; Intel Mac OS X 10_9_5) AppleWebKit/537.36 (KHTML, like Gecko) Chrome/46.0.2490.80 Safari/537.36"
172.26.30.213 - - [01/Nov/2015:12:09:59 -0500] "GET /oh/queue_count.php HTTP/1.1" 302 1870 "https://stardock.cs.virginia.edu/oh/" "Mozilla/5.0 (Macintosh; Intel Mac OS X 10_9_5) AppleWebKit/537.36 (KHTML, like Gecko) Chrome/46.0.2490.80 Safari/537.36"
172.26.30.213 - - [01/Nov/2015:12:10:14 -0500] "GET /oh/queue_count.php HTTP/1.1" 302 1878 "https://stardock.cs.virginia.edu/oh/" "Mozilla/5.0 (Macintosh; Intel Mac OS X 10_9_5) AppleWebKit/537.36 (KHTML, like Gecko) Chrome/46.0.2490.80 Safari/537.36"
172.26.30.213 - - [01/Nov/2015:12:10:14 -0500] "GET /oh/queue_count.php HTTP/1.1" 302 1866 "https://stardock.cs.virginia.edu/oh/" "Mozilla/5.0 (Macintosh; Intel Mac OS X 10_9_5) AppleWebKit/537.36 (KHTML, like Gecko) Chrome/46.0.2490.80 Safari/537.36"
172.26.30.213 - - [01/Nov/2015:12:10:29 -0500] "GET /oh/queue_count.php HTTP/1.1" 302 1886 "https://stardock.cs.virginia.edu/oh/" "Mozilla/5.0 (Macintosh; Intel Mac OS X 10_9_5) AppleWebKit/537.36 (KHTML, like Gecko) Chrome/46.0.2490.80 Safari/537.36"
172.26.30.213 - - [01/Nov/2015:12:10:29 -0500] "GET /oh/queue_count.php HTTP/1.1" 302 1878 "https://stardock.cs.virginia.edu/oh/" "Mozilla/5.0 (Macintosh; Intel Mac OS X 10_9_5) AppleWebKit/537.36 (KHTML, like Gecko) Chrome/46.0.2490.80 Safari/537.36"
172.26.30.213 - - [01/Nov/2015:12:10:34 -0500] "GET /oh/index.php HTTP/1.1" 302 1862 "https://stardock.cs.virginia.edu/oh/" "Mozilla/5.0 (Macintosh; Intel Mac OS X 10_9_5) AppleWebKit/537.36 (KHTML, like Gecko) Chrome/46.0.2490.80 Safari/537.36"
172.26.30.213 - - [01/Nov/2015:12:10:34 -0500] "GET /oh/index.php HTTP/1.1" 302 1878 "https://stardock.cs.virginia.edu/oh/" "Mozilla/5.0 (Macintosh; Intel Mac OS X 10_9_5) AppleWebKit/537.36 (KHTML, like Gecko) Chrome/46.0.2490.80 Safari/537.36"
172.26.30.213 - - [01/Nov/2015:12:10:44 -0500] "GET /oh/queue_count.php HTTP/1.1" 302 1898 "https://stardock.cs.virginia.edu/oh/" "Mozilla/5.0 (Macintosh; Intel Mac OS X 10_9_5) AppleWebKit/537.36 (KHTML, like Gecko) Chrome/46.0.2490.80 Safari/537.36"
172.26.30.213 - - [01/Nov/2015:12:10:44 -0500] "GET /oh/queue_count.php HTTP/1.1" 302 1870 "https://stardock.cs.virginia.edu/oh/" "Mozilla/5.0 (Macintosh; Intel Mac OS X 10_9_5) AppleWebKit/537.36 (KHTML, like Gecko) Chrome/46.0.2490.80 Safari/537.36"
172.26.30.213 - - [01/Nov/2015:12:10:59 -0500] "GET /oh/queue_count.php HTTP/1.1" 302 1858 "https://stardock.cs.virginia.edu/oh/" "Mozilla/5.0 (Macintosh; Intel Mac OS X 10_9_5) AppleWebKit/537.36 (KHTML, like Gecko) Chrome/46.0.2490.80 Safari/537.36"
172.26.30.213 - - [01/Nov/2015:12:10:59 -0500] "GET /oh/queue_count.php HTTP/1.1" 302 1866 "https://stardock.cs.virginia.edu/oh/" "Mozilla/5.0 (Macintosh; Intel Mac OS X 10_9_5) AppleWebKit/537.36 (KHTML, like Gecko) Chrome/46.0.2490.80 Safari/537.36"
162.225.188.207 - - [01/Nov/2015:12:11:01 -0500] "GET /syllabus.html HTTP/1.1" 302 555 "https://www.google.com/" "Mozilla/5.0 (Windows NT 10.0; WOW64) AppleWebKit/537.36 (KHTML, like Gecko) Chrome/46.0.2490.80 Safari/537.36"
162.225.188.207 - - [01/Nov/2015:12:11:02 -0500] "GET /syllabus.html HTTP/1.1" 200 13490 "https://www.google.com/" "Mozilla/5.0 (Windows NT 10.0; WOW64) AppleWebKit/537.36 (KHTML, like Gecko) Chrome/46.0.2490.80 Safari/537.36"
162.225.188.207 - - [01/Nov/2015:12:11:02 -0500] "GET /stylesheets/screen.css HTTP/1.1" 200 13860 "https://cs4720.cs.virginia.edu/syllabus.html" "Mozilla/5.0 (Windows NT 10.0; WOW64) AppleWebKit/537.36 (KHTML, like Gecko) Chrome/46.0.2490.80 Safari/537.36"
162.225.188.207 - - [01/Nov/2015:12:11:02 -0500] "GET /javascripts/octopress.js HTTP/1.1" 200 862 "https://cs4720.cs.virginia.edu/syllabus.html" "Mozilla/5.0 (Windows NT 10.0; WOW64) AppleWebKit/537.36 (KHTML, like Gecko) Chrome/46.0.2490.80 Safari/537.36"
162.225.188.207 - - [01/Nov/2015:12:11:03 -0500] "GET /favicon.png HTTP/1.1" 200 767 "https://cs4720.cs.virginia.edu/syllabus.html" "Mozilla/5.0 (Windows NT 10.0; WOW64) AppleWebKit/537.36 (KHTML, like Gecko) Chrome/46.0.2490.80 Safari/537.36"
172.26.30.213 - - [01/Nov/2015:12:11:14 -0500] "GET /oh/queue_count.php HTTP/1.1" 302 1874 "https://stardock.cs.virginia.edu/oh/" "Mozilla/5.0 (Macintosh; Intel Mac OS X 10_9_5) AppleWebKit/537.36 (KHTML, like Gecko) Chrome/46.0.2490.80 Safari/537.36"
172.26.30.213 - - [01/Nov/2015:12:11:14 -0500] "GET /oh/queue_count.php HTTP/1.1" 302 1858 "https://stardock.cs.virginia.edu/oh/" "Mozilla/5.0 (Macintosh; Intel Mac OS X 10_9_5) AppleWebKit/537.36 (KHTML, like Gecko) Chrome/46.0.2490.80 Safari/537.36"
::1 - - [01/Nov/2015:12:11:18 -0500] "OPTIONS * HTTP/1.0" 200 183 "-" "Apache/2.4.7 (Ubuntu) mod_auth_pgsql/2.0.3 PHP/5.5.9-1ubuntu4.12 OpenSSL/1.0.1f (internal dummy connection)"
::1 - - [01/Nov/2015:12:11:20 -0500] "OPTIONS * HTTP/1.0" 200 183 "-" "Apache/2.4.7 (Ubuntu) mod_auth_pgsql/2.0.3 PHP/5.5.9-1ubuntu4.12 OpenSSL/1.0.1f (internal dummy connection)"
::1 - - [01/Nov/2015:12:11:21 -0500] "OPTIONS * HTTP/1.0" 200 183 "-" "Apache/2.4.7 (Ubuntu) mod_auth_pgsql/2.0.3 PHP/5.5.9-1ubuntu4.12 OpenSSL/1.0.1f (internal dummy connection)"
172.26.30.213 - - [01/Nov/2015:12:11:29 -0500] "GET /oh/queue_count.php HTTP/1.1" 302 1862 "https://stardock.cs.virginia.edu/oh/" "Mozilla/5.0 (Macintosh; Intel Mac OS X 10_9_5) AppleWebKit/537.36 (KHTML, like Gecko) Chrome/46.0.2490.80 Safari/537.36"
172.26.30.213 - - [01/Nov/2015:12:11:29 -0500] "GET /oh/queue_count.php HTTP/1.1" 302 1878 "https://stardock.cs.virginia.edu/oh/" "Mozilla/5.0 (Macintosh; Intel Mac OS X 10_9_5) AppleWebKit/537.36 (KHTML, like Gecko) Chrome/46.0.2490.80 Safari/537.36"
172.26.30.213 - - [01/Nov/2015:12:11:34 -0500] "GET /oh/index.php HTTP/1.1" 302 1894 "https://stardock.cs.virginia.edu/oh/" "Mozilla/5.0 (Macintosh; Intel Mac OS X 10_9_5) AppleWebKit/537.36 (KHTML, like Gecko) Chrome/46.0.2490.80 Safari/537.36"
172.26.30.213 - - [01/Nov/2015:12:11:34 -0500] "GET /oh/index.php HTTP/1.1" 302 1874 "https://stardock.cs.virginia.edu/oh/" "Mozilla/5.0 (Macintosh; Intel Mac OS X 10_9_5) AppleWebKit/537.36 (KHTML, like Gecko) Chrome/46.0.2490.80 Safari/537.36"
172.26.30.213 - - [01/Nov/2015:12:11:44 -0500] "GET /oh/queue_count.php HTTP/1.1" 302 1894 "https://stardock.cs.virginia.edu/oh/" "Mozilla/5.0 (Macintosh; Intel Mac OS X 10_9_5) AppleWebKit/537.36 (KHTML, like Gecko) Chrome/46.0.2490.80 Safari/537.36"
172.26.30.213 - - [01/Nov/2015:12:11:44 -0500] "GET /oh/queue_count.php HTTP/1.1" 302 1858 "https://stardock.cs.virginia.edu/oh/" "Mozilla/5.0 (Macintosh; Intel Mac OS X 10_9_5) AppleWebKit/537.36 (KHTML, like Gecko) Chrome/46.0.2490.80 Safari/537.36"
172.26.30.213 - - [01/Nov/2015:12:11:59 -0500] "GET /oh/queue_count.php HTTP/1.1" 302 1882 "https://stardock.cs.virginia.edu/oh/" "Mozilla/5.0 (Macintosh; Intel Mac OS X 10_9_5) AppleWebKit/537.36 (KHTML, like Gecko) Chrome/46.0.2490.80 Safari/537.36"
172.26.30.213 - - [01/Nov/2015:12:11:59 -0500] "GET /oh/queue_count.php HTTP/1.1" 302 1902 "https://stardock.cs.virginia.edu/oh/" "Mozilla/5.0 (Macintosh; Intel Mac OS X 10_9_5) AppleWebKit/537.36 (KHTML, like Gecko) Chrome/46.0.2490.80 Safari/537.36"
172.26.30.213 - - [01/Nov/2015:12:12:14 -0500] "GET /oh/queue_count.php HTTP/1.1" 302 1882 "https://stardock.cs.virginia.edu/oh/" "Mozilla/5.0 (Macintosh; Intel Mac OS X 10_9_5) AppleWebKit/537.36 (KHTML, like Gecko) Chrome/46.0.2490.80 Safari/537.36"
172.26.30.213 - - [01/Nov/2015:12:12:14 -0500] "GET /oh/queue_count.php HTTP/1.1" 302 1858 "https://stardock.cs.virginia.edu/oh/" "Mozilla/5.0 (Macintosh; Intel Mac OS X 10_9_5) AppleWebKit/537.36 (KHTML, like Gecko) Chrome/46.0.2490.80 Safari/537.36"
172.26.30.213 - - [01/Nov/2015:12:12:29 -0500] "GET /oh/queue_count.php HTTP/1.1" 302 1886 "https://stardock.cs.virginia.edu/oh/" "Mozilla/5.0 (Macintosh; Intel Mac OS X 10_9_5) AppleWebKit/537.36 (KHTML, like Gecko) Chrome/46.0.2490.80 Safari/537.36"
172.26.30.213 - - [01/Nov/2015:12:12:29 -0500] "GET /oh/queue_count.php HTTP/1.1" 302 1902 "https://stardock.cs.virginia.edu/oh/" "Mozilla/5.0 (Macintosh; Intel Mac OS X 10_9_5) AppleWebKit/537.36 (KHTML, like Gecko) Chrome/46.0.2490.80 Safari/537.36"
172.26.30.213 - - [01/Nov/2015:12:12:34 -0500] "GET /oh/index.php HTTP/1.1" 302 1878 "https://stardock.cs.virginia.edu/oh/" "Mozilla/5.0 (Macintosh; Intel Mac OS X 10_9_5) AppleWebKit/537.36 (KHTML, like Gecko) Chrome/46.0.2490.80 Safari/537.36"
172.26.30.213 - - [01/Nov/2015:12:12:34 -0500] "GET /oh/index.php HTTP/1.1" 302 1910 "https://stardock.cs.virginia.edu/oh/" "Mozilla/5.0 (Macintosh; Intel Mac OS X 10_9_5) AppleWebKit/537.36 (KHTML, like Gecko) Chrome/46.0.2490.80 Safari/537.36"
172.26.30.213 - - [01/Nov/2015:12:12:44 -0500] "GET /oh/queue_count.php HTTP/1.1" 302 1858 "https://stardock.cs.virginia.edu/oh/" "Mozilla/5.0 (Macintosh; Intel Mac OS X 10_9_5) AppleWebKit/537.36 (KHTML, like Gecko) Chrome/46.0.2490.80 Safari/537.36"
172.26.30.213 - - [01/Nov/2015:12:12:44 -0500] "GET /oh/queue_count.php HTTP/1.1" 302 1890 "https://stardock.cs.virginia.edu/oh/" "Mozilla/5.0 (Macintosh; Intel Mac OS X 10_9_5) AppleWebKit/537.36 (KHTML, like Gecko) Chrome/46.0.2490.80 Safari/537.36"
172.26.30.213 - - [01/Nov/2015:12:12:59 -0500] "GET /oh/queue_count.php HTTP/1.1" 302 1882 "https://stardock.cs.virginia.edu/oh/" "Mozilla/5.0 (Macintosh; Intel Mac OS X 10_9_5) AppleWebKit/537.36 (KHTML, like Gecko) Chrome/46.0.2490.80 Safari/537.36"
172.26.30.213 - - [01/Nov/2015:12:12:59 -0500] "GET /oh/queue_count.php HTTP/1.1" 302 1882 "https://stardock.cs.virginia.edu/oh/" "Mozilla/5.0 (Macintosh; Intel Mac OS X 10_9_5) AppleWebKit/537.36 (KHTML, like Gecko) Chrome/46.0.2490.80 Safari/537.36"
172.26.30.213 - - [01/Nov/2015:12:13:14 -0500] "GET /oh/queue_count.php HTTP/1.1" 302 1874 "https://stardock.cs.virginia.edu/oh/" "Mozilla/5.0 (Macintosh; Intel Mac OS X 10_9_5) AppleWebKit/537.36 (KHTML, like Gecko) Chrome/46.0.2490.80 Safari/537.36"
172.26.30.213 - - [01/Nov/2015:12:13:14 -0500] "GET /oh/queue_count.php HTTP/1.1" 302 1886 "https://stardock.cs.virginia.edu/oh/" "Mozilla/5.0 (Macintosh; Intel Mac OS X 10_9_5) AppleWebKit/537.36 (KHTML, like Gecko) Chrome/46.0.2490.80 Safari/537.36"
172.26.30.213 - - [01/Nov/2015:12:13:29 -0500] "GET /oh/queue_count.php HTTP/1.1" 302 1874 "https://stardock.cs.virginia.edu/oh/" "Mozilla/5.0 (Macintosh; Intel Mac OS X 10_9_5) AppleWebKit/537.36 (KHTML, like Gecko) Chrome/46.0.2490.80 Safari/537.36"
172.26.30.213 - - [01/Nov/2015:12:13:29 -0500] "GET /oh/queue_count.php HTTP/1.1" 302 1866 "https://stardock.cs.virginia.edu/oh/" "Mozilla/5.0 (Macintosh; Intel Mac OS X 10_9_5) AppleWebKit/537.36 (KHTML, like Gecko) Chrome/46.0.2490.80 Safari/537.36"
172.25.252.123 - - [01/Nov/2015:12:13:30 -0500] "GET /emails.html HTTP/1.1" 200 6307 "-" "Mozilla/5.0 (Macintosh; Intel Mac OS X 10_11_1) AppleWebKit/537.36 (KHTML, like Gecko) Chrome/46.0.2490.80 Safari/537.36"
172.26.30.213 - - [01/Nov/2015:12:13:34 -0500] "GET /oh/index.php HTTP/1.1" 302 1870 "https://stardock.cs.virginia.edu/oh/" "Mozilla/5.0 (Macintosh; Intel Mac OS X 10_9_5) AppleWebKit/537.36 (KHTML, like Gecko) Chrome/46.0.2490.80 Safari/537.36"
172.26.30.213 - - [01/Nov/2015:12:13:34 -0500] "GET /oh/index.php HTTP/1.1" 302 1914 "https://stardock.cs.virginia.edu/oh/" "Mozilla/5.0 (Macintosh; Intel Mac OS X 10_9_5) AppleWebKit/537.36 (KHTML, like Gecko) Chrome/46.0.2490.80 Safari/537.36"
172.26.30.213 - - [01/Nov/2015:12:13:44 -0500] "GET /oh/queue_count.php HTTP/1.1" 302 1866 "https://stardock.cs.virginia.edu/oh/" "Mozilla/5.0 (Macintosh; Intel Mac OS X 10_9_5) AppleWebKit/537.36 (KHTML, like Gecko) Chrome/46.0.2490.80 Safari/537.36"
172.26.30.213 - - [01/Nov/2015:12:13:44 -0500] "GET /oh/queue_count.php HTTP/1.1" 302 1882 "https://stardock.cs.virginia.edu/oh/" "Mozilla/5.0 (Macintosh; Intel Mac OS X 10_9_5) AppleWebKit/537.36 (KHTML, like Gecko) Chrome/46.0.2490.80 Safari/537.36"
::1 - - [01/Nov/2015:12:13:47 -0500] "OPTIONS * HTTP/1.0" 200 183 "-" "Apache/2.4.7 (Ubuntu) mod_auth_pgsql/2.0.3 PHP/5.5.9-1ubuntu4.12 OpenSSL/1.0.1f (internal dummy connection)"
172.26.30.213 - - [01/Nov/2015:12:13:59 -0500] "GET /oh/queue_count.php HTTP/1.1" 302 1842 "https://stardock.cs.virginia.edu/oh/" "Mozilla/5.0 (Macintosh; Intel Mac OS X 10_9_5) AppleWebKit/537.36 (KHTML, like Gecko) Chrome/46.0.2490.80 Safari/537.36"
172.26.30.213 - - [01/Nov/2015:12:13:59 -0500] "GET /oh/queue_count.php HTTP/1.1" 302 1874 "https://stardock.cs.virginia.edu/oh/" "Mozilla/5.0 (Macintosh; Intel Mac OS X 10_9_5) AppleWebKit/537.36 (KHTML, like Gecko) Chrome/46.0.2490.80 Safari/537.36"
172.26.30.213 - - [01/Nov/2015:12:14:14 -0500] "GET /oh/queue_count.php HTTP/1.1" 302 1874 "https://stardock.cs.virginia.edu/oh/" "Mozilla/5.0 (Macintosh; Intel Mac OS X 10_9_5) AppleWebKit/537.36 (KHTML, like Gecko) Chrome/46.0.2490.80 Safari/537.36"
172.26.30.213 - - [01/Nov/2015:12:14:14 -0500] "GET /oh/queue_count.php HTTP/1.1" 302 1886 "https://stardock.cs.virginia.edu/oh/" "Mozilla/5.0 (Macintosh; Intel Mac OS X 10_9_5) AppleWebKit/537.36 (KHTML, like Gecko) Chrome/46.0.2490.80 Safari/537.36"
172.26.30.213 - - [01/Nov/2015:12:14:29 -0500] "GET /oh/queue_count.php HTTP/1.1" 302 1874 "https://stardock.cs.virginia.edu/oh/" "Mozilla/5.0 (Macintosh; Intel Mac OS X 10_9_5) AppleWebKit/537.36 (KHTML, like Gecko) Chrome/46.0.2490.80 Safari/537.36"
172.26.30.213 - - [01/Nov/2015:12:14:29 -0500] "GET /oh/queue_count.php HTTP/1.1" 302 1890 "https://stardock.cs.virginia.edu/oh/" "Mozilla/5.0 (Macintosh; Intel Mac OS X 10_9_5) AppleWebKit/537.36 (KHTML, like Gecko) Chrome/46.0.2490.80 Safari/537.36"
172.26.30.213 - - [01/Nov/2015:12:14:34 -0500] "GET /oh/index.php HTTP/1.1" 302 1886 "https://stardock.cs.virginia.edu/oh/" "Mozilla/5.0 (Macintosh; Intel Mac OS X 10_9_5) AppleWebKit/537.36 (KHTML, like Gecko) Chrome/46.0.2490.80 Safari/537.36"
