172.25.43.109 - ldk7zf [01/Nov/2015:13:58:54 -0500] "GET /cs2110oh/index.php HTTP/1.1" 200 1915 "https://stardock.cs.virginia.edu/cs2110oh/" "Mozilla/5.0 (Macintosh; Intel Mac OS X 10_10_5) AppleWebKit/537.36 (KHTML, like Gecko) Chrome/43.0.2357.130 Safari/537.36"
172.27.42.14 - kef6de [01/Nov/2015:13:59:04 -0500] "GET /cs2110oh/queue_count.php HTTP/1.1" 200 344 "https://stardock.cs.virginia.edu/cs2110oh/?loc=&help=equals+method" "Mozilla/5.0 (Windows NT 10.0; WOW64) AppleWebKit/537.36 (KHTML, like Gecko) Chrome/46.0.2490.80 Safari/537.36"
172.25.208.73 - mos6kv [01/Nov/2015:13:59:05 -0500] "GET /cs2110oh/queue_count.php HTTP/1.1" 200 344 "https://stardock.cs.virginia.edu/cs2110oh/" "Mozilla/5.0 (Macintosh; Intel Mac OS X 10_9_5) AppleWebKit/537.36 (KHTML, like Gecko) Chrome/46.0.2490.71 Safari/537.36"
180.76.15.155 - - [01/Nov/2015:13:59:09 -0500] "GET / HTTP/1.1" 302 491 "-" "Mozilla/5.0 (compatible; Baiduspider/2.0; +http://www.baidu.com/search/spider.html)"
172.25.43.109 - ldk7zf [01/Nov/2015:13:59:09 -0500] "GET /cs2110oh/queue_count.php HTTP/1.1" 200 344 "https://stardock.cs.virginia.edu/cs2110oh/" "Mozilla/5.0 (Macintosh; Intel Mac OS X 10_10_5) AppleWebKit/537.36 (KHTML, like Gecko) Chrome/43.0.2357.130 Safari/537.36"
172.25.43.109 - ldk7zf [01/Nov/2015:13:59:09 -0500] "GET /cs2110oh/index.php HTTP/1.1" 200 1915 "https://stardock.cs.virginia.edu/cs2110oh/" "Mozilla/5.0 (Macintosh; Intel Mac OS X 10_10_5) AppleWebKit/537.36 (KHTML, like Gecko) Chrome/43.0.2357.130 Safari/537.36"
172.27.42.14 - kef6de [01/Nov/2015:13:59:19 -0500] "GET /cs2110oh/queue_count.php HTTP/1.1" 200 344 "https://stardock.cs.virginia.edu/cs2110oh/?loc=&help=equals+method" "Mozilla/5.0 (Windows NT 10.0; WOW64) AppleWebKit/537.36 (KHTML, like Gecko) Chrome/46.0.2490.80 Safari/537.36"
172.25.208.73 - mos6kv [01/Nov/2015:13:59:20 -0500] "GET /cs2110oh/queue_count.php HTTP/1.1" 200 344 "https://stardock.cs.virginia.edu/cs2110oh/" "Mozilla/5.0 (Macintosh; Intel Mac OS X 10_9_5) AppleWebKit/537.36 (KHTML, like Gecko) Chrome/46.0.2490.71 Safari/537.36"
172.25.43.109 - ldk7zf [01/Nov/2015:13:59:24 -0500] "GET /cs2110oh/queue_count.php HTTP/1.1" 200 344 "https://stardock.cs.virginia.edu/cs2110oh/" "Mozilla/5.0 (Macintosh; Intel Mac OS X 10_10_5) AppleWebKit/537.36 (KHTML, like Gecko) Chrome/43.0.2357.130 Safari/537.36"
172.25.43.109 - ldk7zf [01/Nov/2015:13:59:24 -0500] "GET /cs2110oh/index.php HTTP/1.1" 200 1915 "https://stardock.cs.virginia.edu/cs2110oh/" "Mozilla/5.0 (Macintosh; Intel Mac OS X 10_10_5) AppleWebKit/537.36 (KHTML, like Gecko) Chrome/43.0.2357.130 Safari/537.36"
172.27.42.14 - kef6de [01/Nov/2015:13:59:33 -0500] "GET /cs2110oh/index.php HTTP/1.1" 200 1842 "https://stardock.cs.virginia.edu/cs2110oh/?loc=&help=equals+method" "Mozilla/5.0 (Windows NT 10.0; WOW64) AppleWebKit/537.36 (KHTML, like Gecko) Chrome/46.0.2490.80 Safari/537.36"
172.27.42.14 - kef6de [01/Nov/2015:13:59:34 -0500] "GET /cs2110oh/queue_count.php HTTP/1.1" 200 344 "https://stardock.cs.virginia.edu/cs2110oh/?loc=&help=equals+method" "Mozilla/5.0 (Windows NT 10.0; WOW64) AppleWebKit/537.36 (KHTML, like Gecko) Chrome/46.0.2490.80 Safari/537.36"
172.25.208.73 - mos6kv [01/Nov/2015:13:59:35 -0500] "GET /cs2110oh/queue_count.php HTTP/1.1" 200 344 "https://stardock.cs.virginia.edu/cs2110oh/" "Mozilla/5.0 (Macintosh; Intel Mac OS X 10_9_5) AppleWebKit/537.36 (KHTML, like Gecko) Chrome/46.0.2490.71 Safari/537.36"
172.25.43.109 - ldk7zf [01/Nov/2015:13:59:39 -0500] "GET /cs2110oh/queue_count.php HTTP/1.1" 200 344 "https://stardock.cs.virginia.edu/cs2110oh/" "Mozilla/5.0 (Macintosh; Intel Mac OS X 10_10_5) AppleWebKit/537.36 (KHTML, like Gecko) Chrome/43.0.2357.130 Safari/537.36"
172.25.43.109 - ldk7zf [01/Nov/2015:13:59:39 -0500] "GET /cs2110oh/index.php HTTP/1.1" 200 1915 "https://stardock.cs.virginia.edu/cs2110oh/" "Mozilla/5.0 (Macintosh; Intel Mac OS X 10_10_5) AppleWebKit/537.36 (KHTML, like Gecko) Chrome/43.0.2357.130 Safari/537.36"
172.26.43.54 - - [01/Nov/2015:13:59:43 -0500] "GET / HTTP/1.1" 200 7212 "https://collab.itc.virginia.edu/portal/site/9a30681e-a407-43a0-9b0c-76d1ab3eb8bd" "Mozilla/5.0 (X11; Ubuntu; Linux i686; rv:31.0) Gecko/20100101 Firefox/31.0"
172.26.43.54 - - [01/Nov/2015:13:59:44 -0500] "GET /stylesheets/screen.css HTTP/1.1" 200 13860 "https://cs1110.cs.virginia.edu/" "Mozilla/5.0 (X11; Ubuntu; Linux i686; rv:31.0) Gecko/20100101 Firefox/31.0"
172.26.43.54 - - [01/Nov/2015:13:59:44 -0500] "GET /javascripts/octopress.js HTTP/1.1" 200 1000 "https://cs1110.cs.virginia.edu/" "Mozilla/5.0 (X11; Ubuntu; Linux i686; rv:31.0) Gecko/20100101 Firefox/31.0"
172.26.43.54 - - [01/Nov/2015:13:59:44 -0500] "GET /images/matrix.png HTTP/1.1" 304 266 "https://cs1110.cs.virginia.edu/stylesheets/screen.css" "Mozilla/5.0 (X11; Ubuntu; Linux i686; rv:31.0) Gecko/20100101 Firefox/31.0"
172.26.43.54 - - [01/Nov/2015:13:59:44 -0500] "GET /font/fontawesome-webfont.woff?v=3.2.1 HTTP/1.1" 304 268 "https://cs1110.cs.virginia.edu/stylesheets/screen.css" "Mozilla/5.0 (X11; Ubuntu; Linux i686; rv:31.0) Gecko/20100101 Firefox/31.0"
172.27.42.14 - kef6de [01/Nov/2015:13:59:49 -0500] "GET /cs2110oh/queue_count.php HTTP/1.1" 200 344 "https://stardock.cs.virginia.edu/cs2110oh/?loc=&help=equals+method" "Mozilla/5.0 (Windows NT 10.0; WOW64) AppleWebKit/537.36 (KHTML, like Gecko) Chrome/46.0.2490.80 Safari/537.36"
172.25.208.73 - mos6kv [01/Nov/2015:13:59:50 -0500] "GET /cs2110oh/index.php HTTP/1.1" 200 2105 "https://stardock.cs.virginia.edu/cs2110oh/" "Mozilla/5.0 (Macintosh; Intel Mac OS X 10_9_5) AppleWebKit/537.36 (KHTML, like Gecko) Chrome/46.0.2490.71 Safari/537.36"
172.25.208.73 - mos6kv [01/Nov/2015:13:59:50 -0500] "GET /cs2110oh/queue_count.php HTTP/1.1" 200 344 "https://stardock.cs.virginia.edu/cs2110oh/" "Mozilla/5.0 (Macintosh; Intel Mac OS X 10_9_5) AppleWebKit/537.36 (KHTML, like Gecko) Chrome/46.0.2490.71 Safari/537.36"
172.25.43.109 - ldk7zf [01/Nov/2015:13:59:54 -0500] "GET /cs2110oh/queue_count.php HTTP/1.1" 200 344 "https://stardock.cs.virginia.edu/cs2110oh/" "Mozilla/5.0 (Macintosh; Intel Mac OS X 10_10_5) AppleWebKit/537.36 (KHTML, like Gecko) Chrome/43.0.2357.130 Safari/537.36"
172.25.43.109 - ldk7zf [01/Nov/2015:13:59:54 -0500] "GET /cs2110oh/index.php HTTP/1.1" 200 1915 "https://stardock.cs.virginia.edu/cs2110oh/" "Mozilla/5.0 (Macintosh; Intel Mac OS X 10_10_5) AppleWebKit/537.36 (KHTML, like Gecko) Chrome/43.0.2357.130 Safari/537.36"
172.25.208.73 - mos6kv [01/Nov/2015:14:00:01 -0500] "GET /cs2110oh/?loc=P1&help=HW+4 HTTP/1.1" 200 2105 "https://stardock.cs.virginia.edu/cs2110oh/" "Mozilla/5.0 (Macintosh; Intel Mac OS X 10_9_5) AppleWebKit/537.36 (KHTML, like Gecko) Chrome/46.0.2490.71 Safari/537.36"
172.27.42.14 - kef6de [01/Nov/2015:14:00:05 -0500] "GET /cs2110oh/queue_count.php HTTP/1.1" 200 4878 "https://stardock.cs.virginia.edu/cs2110oh/?loc=&help=equals+method" "Mozilla/5.0 (Windows NT 10.0; WOW64) AppleWebKit/537.36 (KHTML, like Gecko) Chrome/46.0.2490.80 Safari/537.36"
172.25.208.73 - mos6kv [01/Nov/2015:14:00:09 -0500] "GET /cs2110oh/enqueue.php?loc=P1&help=HW+4 HTTP/1.1" 200 634 "https://stardock.cs.virginia.edu/cs2110oh/?loc=P1&help=HW+4" "Mozilla/5.0 (Macintosh; Intel Mac OS X 10_9_5) AppleWebKit/537.36 (KHTML, like Gecko) Chrome/46.0.2490.71 Safari/537.36"
172.25.43.109 - ldk7zf [01/Nov/2015:14:00:09 -0500] "GET /cs2110oh/queue_count.php HTTP/1.1" 200 344 "https://stardock.cs.virginia.edu/cs2110oh/" "Mozilla/5.0 (Macintosh; Intel Mac OS X 10_10_5) AppleWebKit/537.36 (KHTML, like Gecko) Chrome/43.0.2357.130 Safari/537.36"
172.25.43.109 - ldk7zf [01/Nov/2015:14:00:09 -0500] "GET /cs2110oh/index.php HTTP/1.1" 200 1950 "https://stardock.cs.virginia.edu/cs2110oh/" "Mozilla/5.0 (Macintosh; Intel Mac OS X 10_10_5) AppleWebKit/537.36 (KHTML, like Gecko) Chrome/43.0.2357.130 Safari/537.36"
172.25.208.73 - mos6kv [01/Nov/2015:14:00:16 -0500] "GET /cs2110oh/queue_count.php HTTP/1.1" 200 344 "https://stardock.cs.virginia.edu/cs2110oh/?loc=P1&help=HW+4" "Mozilla/5.0 (Macintosh; Intel Mac OS X 10_9_5) AppleWebKit/537.36 (KHTML, like Gecko) Chrome/46.0.2490.71 Safari/537.36"
172.27.42.14 - kef6de [01/Nov/2015:14:00:19 -0500] "GET /cs2110oh/queue_count.php HTTP/1.1" 200 344 "https://stardock.cs.virginia.edu/cs2110oh/?loc=&help=equals+method" "Mozilla/5.0 (Windows NT 10.0; WOW64) AppleWebKit/537.36 (KHTML, like Gecko) Chrome/46.0.2490.80 Safari/537.36"
172.25.43.109 - ldk7zf [01/Nov/2015:14:00:24 -0500] "GET /cs2110oh/queue_count.php HTTP/1.1" 200 344 "https://stardock.cs.virginia.edu/cs2110oh/" "Mozilla/5.0 (Macintosh; Intel Mac OS X 10_10_5) AppleWebKit/537.36 (KHTML, like Gecko) Chrome/43.0.2357.130 Safari/537.36"
172.25.43.109 - ldk7zf [01/Nov/2015:14:00:24 -0500] "GET /cs2110oh/index.php HTTP/1.1" 200 1950 "https://stardock.cs.virginia.edu/cs2110oh/" "Mozilla/5.0 (Macintosh; Intel Mac OS X 10_10_5) AppleWebKit/537.36 (KHTML, like Gecko) Chrome/43.0.2357.130 Safari/537.36"
172.25.208.73 - mos6kv [01/Nov/2015:14:00:31 -0500] "GET /cs2110oh/queue_count.php HTTP/1.1" 200 344 "https://stardock.cs.virginia.edu/cs2110oh/?loc=P1&help=HW+4" "Mozilla/5.0 (Macintosh; Intel Mac OS X 10_9_5) AppleWebKit/537.36 (KHTML, like Gecko) Chrome/46.0.2490.71 Safari/537.36"
172.27.42.14 - kef6de [01/Nov/2015:14:00:33 -0500] "GET /cs2110oh/index.php HTTP/1.1" 200 1842 "https://stardock.cs.virginia.edu/cs2110oh/?loc=&help=equals+method" "Mozilla/5.0 (Windows NT 10.0; WOW64) AppleWebKit/537.36 (KHTML, like Gecko) Chrome/46.0.2490.80 Safari/537.36"
172.27.42.14 - kef6de [01/Nov/2015:14:00:34 -0500] "GET /cs2110oh/queue_count.php HTTP/1.1" 200 344 "https://stardock.cs.virginia.edu/cs2110oh/?loc=&help=equals+method" "Mozilla/5.0 (Windows NT 10.0; WOW64) AppleWebKit/537.36 (KHTML, like Gecko) Chrome/46.0.2490.80 Safari/537.36"
172.25.208.73 - mos6kv [01/Nov/2015:14:00:36 -0500] "GET /cs2110oh/ HTTP/1.1" 200 1839 "https://collab.itc.virginia.edu/portal/site/9b174758-6297-4f6b-868e-f035918e3a20" "Mozilla/5.0 (Macintosh; Intel Mac OS X 10_9_5) AppleWebKit/537.36 (KHTML, like Gecko) Chrome/46.0.2490.71 Safari/537.36"
172.25.43.109 - ldk7zf [01/Nov/2015:14:00:39 -0500] "GET /cs2110oh/queue_count.php HTTP/1.1" 200 344 "https://stardock.cs.virginia.edu/cs2110oh/" "Mozilla/5.0 (Macintosh; Intel Mac OS X 10_10_5) AppleWebKit/537.36 (KHTML, like Gecko) Chrome/43.0.2357.130 Safari/537.36"
172.25.43.109 - ldk7zf [01/Nov/2015:14:00:39 -0500] "GET /cs2110oh/index.php HTTP/1.1" 200 1950 "https://stardock.cs.virginia.edu/cs2110oh/" "Mozilla/5.0 (Macintosh; Intel Mac OS X 10_10_5) AppleWebKit/537.36 (KHTML, like Gecko) Chrome/43.0.2357.130 Safari/537.36"
82.34.135.253 - - [01/Nov/2015:14:00:40 -0500] "GET /cs1110-f14/code/zombies/sprite.png HTTP/1.1" 200 21909 "https://www.google.co.uk/" "Mozilla/5.0 (Windows NT 10.0; WOW64) AppleWebKit/537.36 (KHTML, like Gecko) Chrome/46.0.2490.80 Safari/537.36"
172.25.208.73 - mos6kv [01/Nov/2015:14:00:46 -0500] "GET /cs2110oh/queue_count.php HTTP/1.1" 200 344 "https://stardock.cs.virginia.edu/cs2110oh/?loc=P1&help=HW+4" "Mozilla/5.0 (Macintosh; Intel Mac OS X 10_9_5) AppleWebKit/537.36 (KHTML, like Gecko) Chrome/46.0.2490.71 Safari/537.36"
172.27.42.14 - kef6de [01/Nov/2015:14:00:50 -0500] "GET /cs2110oh/queue_count.php HTTP/1.1" 200 482 "https://stardock.cs.virginia.edu/cs2110oh/?loc=&help=equals+method" "Mozilla/5.0 (Windows NT 10.0; WOW64) AppleWebKit/537.36 (KHTML, like Gecko) Chrome/46.0.2490.80 Safari/537.36"
172.25.43.109 - ldk7zf [01/Nov/2015:14:00:54 -0500] "GET /cs2110oh/queue_count.php HTTP/1.1" 200 344 "https://stardock.cs.virginia.edu/cs2110oh/" "Mozilla/5.0 (Macintosh; Intel Mac OS X 10_10_5) AppleWebKit/537.36 (KHTML, like Gecko) Chrome/43.0.2357.130 Safari/537.36"
172.25.43.109 - ldk7zf [01/Nov/2015:14:00:54 -0500] "GET /cs2110oh/index.php HTTP/1.1" 200 1950 "https://stardock.cs.virginia.edu/cs2110oh/" "Mozilla/5.0 (Macintosh; Intel Mac OS X 10_10_5) AppleWebKit/537.36 (KHTML, like Gecko) Chrome/43.0.2357.130 Safari/537.36"
172.25.208.179 - - [01/Nov/2015:14:00:56 -0500] "GET /cs2110oh/ HTTP/1.1" 302 6420 "https://collab.itc.virginia.edu/portal/site/9b174758-6297-4f6b-868e-f035918e3a20/page/94cb1327-cb0e-4273-b61a-dd03a54bf08b" "Mozilla/5.0 (Windows NT 6.3; WOW64) AppleWebKit/537.36 (KHTML, like Gecko) Chrome/46.0.2490.80 Safari/537.36"
172.25.208.179 - - [01/Nov/2015:14:01:00 -0500] "POST /Shibboleth.sso/SAML2/POST HTTP/1.1" 302 879 "https://shibidp.its.virginia.edu/idp/profile/SAML2/Redirect/SSO" "Mozilla/5.0 (Windows NT 6.3; WOW64) AppleWebKit/537.36 (KHTML, like Gecko) Chrome/46.0.2490.80 Safari/537.36"
172.25.208.179 - jy9vm [01/Nov/2015:14:01:00 -0500] "GET /cs2110oh/ HTTP/1.1" 200 2101 "https://shibidp.its.virginia.edu/idp/profile/SAML2/Redirect/SSO" "Mozilla/5.0 (Windows NT 6.3; WOW64) AppleWebKit/537.36 (KHTML, like Gecko) Chrome/46.0.2490.80 Safari/537.36"
172.25.208.179 - jy9vm [01/Nov/2015:14:01:01 -0500] "GET /cs2110oh/css/style.css HTTP/1.1" 200 5407 "https://stardock.cs.virginia.edu/cs2110oh/" "Mozilla/5.0 (Windows NT 6.3; WOW64) AppleWebKit/537.36 (KHTML, like Gecko) Chrome/46.0.2490.80 Safari/537.36"
172.25.208.179 - jy9vm [01/Nov/2015:14:01:01 -0500] "GET /cs2110oh/css/bootstrap.css HTTP/1.1" 200 17688 "https://stardock.cs.virginia.edu/cs2110oh/" "Mozilla/5.0 (Windows NT 6.3; WOW64) AppleWebKit/537.36 (KHTML, like Gecko) Chrome/46.0.2490.80 Safari/537.36"
172.25.208.179 - jy9vm [01/Nov/2015:14:01:01 -0500] "GET /cs2110oh/css/bootstrap-responsive.css HTTP/1.1" 200 4616 "https://stardock.cs.virginia.edu/cs2110oh/" "Mozilla/5.0 (Windows NT 6.3; WOW64) AppleWebKit/537.36 (KHTML, like Gecko) Chrome/46.0.2490.80 Safari/537.36"
172.25.208.179 - jy9vm [01/Nov/2015:14:01:01 -0500] "GET /cs2110oh/js/bootstrap.min.js HTTP/1.1" 200 7286 "https://stardock.cs.virginia.edu/cs2110oh/" "Mozilla/5.0 (Windows NT 6.3; WOW64) AppleWebKit/537.36 (KHTML, like Gecko) Chrome/46.0.2490.80 Safari/537.36"
172.25.208.179 - jy9vm [01/Nov/2015:14:01:01 -0500] "GET /cs2110oh/js/script.js HTTP/1.1" 200 1841 "https://stardock.cs.virginia.edu/cs2110oh/" "Mozilla/5.0 (Windows NT 6.3; WOW64) AppleWebKit/537.36 (KHTML, like Gecko) Chrome/46.0.2490.80 Safari/537.36"
172.25.208.179 - jy9vm [01/Nov/2015:14:01:01 -0500] "GET /cs2110oh/js/jquery-1.8.3.js HTTP/1.1" 200 34211 "https://stardock.cs.virginia.edu/cs2110oh/" "Mozilla/5.0 (Windows NT 6.3; WOW64) AppleWebKit/537.36 (KHTML, like Gecko) Chrome/46.0.2490.80 Safari/537.36"
172.25.208.73 - mos6kv [01/Nov/2015:14:01:01 -0500] "GET /cs2110oh/index.php HTTP/1.1" 200 1839 "https://stardock.cs.virginia.edu/cs2110oh/?loc=P1&help=HW+4" "Mozilla/5.0 (Macintosh; Intel Mac OS X 10_9_5) AppleWebKit/537.36 (KHTML, like Gecko) Chrome/46.0.2490.71 Safari/537.36"
172.25.208.73 - mos6kv [01/Nov/2015:14:01:01 -0500] "GET /cs2110oh/queue_count.php HTTP/1.1" 200 482 "https://stardock.cs.virginia.edu/cs2110oh/?loc=P1&help=HW+4" "Mozilla/5.0 (Macintosh; Intel Mac OS X 10_9_5) AppleWebKit/537.36 (KHTML, like Gecko) Chrome/46.0.2490.71 Safari/537.36"
172.27.42.14 - kef6de [01/Nov/2015:14:01:06 -0500] "GET /cs2110oh/queue_count.php HTTP/1.1" 200 482 "https://stardock.cs.virginia.edu/cs2110oh/?loc=&help=equals+method" "Mozilla/5.0 (Windows NT 10.0; WOW64) AppleWebKit/537.36 (KHTML, like Gecko) Chrome/46.0.2490.80 Safari/537.36"
172.25.43.109 - ldk7zf [01/Nov/2015:14:01:10 -0500] "GET /cs2110oh/queue_count.php HTTP/1.1" 200 482 "https://stardock.cs.virginia.edu/cs2110oh/" "Mozilla/5.0 (Macintosh; Intel Mac OS X 10_10_5) AppleWebKit/537.36 (KHTML, like Gecko) Chrome/43.0.2357.130 Safari/537.36"
172.25.43.109 - ldk7zf [01/Nov/2015:14:01:10 -0500] "GET /cs2110oh/index.php HTTP/1.1" 200 2088 "https://stardock.cs.virginia.edu/cs2110oh/" "Mozilla/5.0 (Macintosh; Intel Mac OS X 10_10_5) AppleWebKit/537.36 (KHTML, like Gecko) Chrome/43.0.2357.130 Safari/537.36"
172.25.208.179 - jy9vm [01/Nov/2015:14:01:16 -0500] "GET /cs2110oh/queue_count.php HTTP/1.1" 200 482 "https://stardock.cs.virginia.edu/cs2110oh/" "Mozilla/5.0 (Windows NT 6.3; WOW64) AppleWebKit/537.36 (KHTML, like Gecko) Chrome/46.0.2490.80 Safari/537.36"
172.25.208.73 - mos6kv [01/Nov/2015:14:01:16 -0500] "GET /cs2110oh/queue_count.php HTTP/1.1" 200 344 "https://stardock.cs.virginia.edu/cs2110oh/?loc=P1&help=HW+4" "Mozilla/5.0 (Macintosh; Intel Mac OS X 10_9_5) AppleWebKit/537.36 (KHTML, like Gecko) Chrome/46.0.2490.71 Safari/537.36"
::1 - - [01/Nov/2015:14:01:17 -0500] "OPTIONS * HTTP/1.0" 200 183 "-" "Apache/2.4.7 (Ubuntu) mod_auth_pgsql/2.0.3 PHP/5.5.9-1ubuntu4.12 OpenSSL/1.0.1f (internal dummy connection)"
::1 - - [01/Nov/2015:14:01:19 -0500] "OPTIONS * HTTP/1.0" 200 183 "-" "Apache/2.4.7 (Ubuntu) mod_auth_pgsql/2.0.3 PHP/5.5.9-1ubuntu4.12 OpenSSL/1.0.1f (internal dummy connection)"
172.27.42.14 - kef6de [01/Nov/2015:14:01:20 -0500] "GET /cs2110oh/queue_count.php HTTP/1.1" 200 344 "https://stardock.cs.virginia.edu/cs2110oh/?loc=&help=equals+method" "Mozilla/5.0 (Windows NT 10.0; WOW64) AppleWebKit/537.36 (KHTML, like Gecko) Chrome/46.0.2490.80 Safari/537.36"
172.25.43.109 - ldk7zf [01/Nov/2015:14:01:26 -0500] "GET /cs2110oh/queue_count.php HTTP/1.1" 200 482 "https://stardock.cs.virginia.edu/cs2110oh/" "Mozilla/5.0 (Macintosh; Intel Mac OS X 10_10_5) AppleWebKit/537.36 (KHTML, like Gecko) Chrome/43.0.2357.130 Safari/537.36"
172.25.43.109 - ldk7zf [01/Nov/2015:14:01:26 -0500] "GET /cs2110oh/index.php HTTP/1.1" 200 2088 "https://stardock.cs.virginia.edu/cs2110oh/" "Mozilla/5.0 (Macintosh; Intel Mac OS X 10_10_5) AppleWebKit/537.36 (KHTML, like Gecko) Chrome/43.0.2357.130 Safari/537.36"
172.25.208.179 - jy9vm [01/Nov/2015:14:01:31 -0500] "GET /cs2110oh/queue_count.php HTTP/1.1" 200 344 "https://stardock.cs.virginia.edu/cs2110oh/" "Mozilla/5.0 (Windows NT 6.3; WOW64) AppleWebKit/537.36 (KHTML, like Gecko) Chrome/46.0.2490.80 Safari/537.36"
172.25.208.73 - mos6kv [01/Nov/2015:14:01:31 -0500] "GET /cs2110oh/queue_count.php HTTP/1.1" 200 344 "https://stardock.cs.virginia.edu/cs2110oh/?loc=P1&help=HW+4" "Mozilla/5.0 (Macintosh; Intel Mac OS X 10_9_5) AppleWebKit/537.36 (KHTML, like Gecko) Chrome/46.0.2490.71 Safari/537.36"
172.27.42.14 - kef6de [01/Nov/2015:14:01:33 -0500] "GET /cs2110oh/index.php HTTP/1.1" 200 1842 "https://stardock.cs.virginia.edu/cs2110oh/?loc=&help=equals+method" "Mozilla/5.0 (Windows NT 10.0; WOW64) AppleWebKit/537.36 (KHTML, like Gecko) Chrome/46.0.2490.80 Safari/537.36"
172.27.42.14 - kef6de [01/Nov/2015:14:01:36 -0500] "GET /cs2110oh/queue_count.php HTTP/1.1" 200 344 "https://stardock.cs.virginia.edu/cs2110oh/?loc=&help=equals+method" "Mozilla/5.0 (Windows NT 10.0; WOW64) AppleWebKit/537.36 (KHTML, like Gecko) Chrome/46.0.2490.80 Safari/537.36"
172.25.43.109 - ldk7zf [01/Nov/2015:14:01:42 -0500] "GET /cs2110oh/queue_count.php HTTP/1.1" 200 4878 "https://stardock.cs.virginia.edu/cs2110oh/" "Mozilla/5.0 (Macintosh; Intel Mac OS X 10_10_5) AppleWebKit/537.36 (KHTML, like Gecko) Chrome/43.0.2357.130 Safari/537.36"
172.25.43.109 - ldk7zf [01/Nov/2015:14:01:42 -0500] "GET /cs2110oh/index.php HTTP/1.1" 200 6484 "https://stardock.cs.virginia.edu/cs2110oh/" "Mozilla/5.0 (Macintosh; Intel Mac OS X 10_10_5) AppleWebKit/537.36 (KHTML, like Gecko) Chrome/43.0.2357.130 Safari/537.36"
172.25.208.179 - jy9vm [01/Nov/2015:14:01:46 -0500] "GET /cs2110oh/queue_count.php HTTP/1.1" 200 344 "https://stardock.cs.virginia.edu/cs2110oh/" "Mozilla/5.0 (Windows NT 6.3; WOW64) AppleWebKit/537.36 (KHTML, like Gecko) Chrome/46.0.2490.80 Safari/537.36"
172.25.208.73 - mos6kv [01/Nov/2015:14:01:46 -0500] "GET /cs2110oh/queue_count.php HTTP/1.1" 200 344 "https://stardock.cs.virginia.edu/cs2110oh/?loc=P1&help=HW+4" "Mozilla/5.0 (Macintosh; Intel Mac OS X 10_9_5) AppleWebKit/537.36 (KHTML, like Gecko) Chrome/46.0.2490.71 Safari/537.36"
172.27.42.14 - kef6de [01/Nov/2015:14:01:50 -0500] "GET /cs2110oh/queue_count.php HTTP/1.1" 200 344 "https://stardock.cs.virginia.edu/cs2110oh/?loc=&help=equals+method" "Mozilla/5.0 (Windows NT 10.0; WOW64) AppleWebKit/537.36 (KHTML, like Gecko) Chrome/46.0.2490.80 Safari/537.36"
172.25.208.179 - jy9vm [01/Nov/2015:14:01:51 -0500] "GET /cs2110oh/enqueue.php?loc=B6&help=Homework+4 HTTP/1.1" 200 642 "https://stardock.cs.virginia.edu/cs2110oh/" "Mozilla/5.0 (Windows NT 6.3; WOW64) AppleWebKit/537.36 (KHTML, like Gecko) Chrome/46.0.2490.80 Safari/537.36"
172.25.43.109 - ldk7zf [01/Nov/2015:14:01:58 -0500] "GET /cs2110oh/queue_count.php HTTP/1.1" 200 482 "https://stardock.cs.virginia.edu/cs2110oh/" "Mozilla/5.0 (Macintosh; Intel Mac OS X 10_10_5) AppleWebKit/537.36 (KHTML, like Gecko) Chrome/43.0.2357.130 Safari/537.36"
172.25.43.109 - ldk7zf [01/Nov/2015:14:01:58 -0500] "GET /cs2110oh/index.php HTTP/1.1" 200 2118 "https://stardock.cs.virginia.edu/cs2110oh/" "Mozilla/5.0 (Macintosh; Intel Mac OS X 10_10_5) AppleWebKit/537.36 (KHTML, like Gecko) Chrome/43.0.2357.130 Safari/537.36"
172.25.208.73 - mos6kv [01/Nov/2015:14:02:01 -0500] "GET /cs2110oh/index.php HTTP/1.1" 200 1839 "https://stardock.cs.virginia.edu/cs2110oh/?loc=P1&help=HW+4" "Mozilla/5.0 (Macintosh; Intel Mac OS X 10_9_5) AppleWebKit/537.36 (KHTML, like Gecko) Chrome/46.0.2490.71 Safari/537.36"
172.25.208.73 - mos6kv [01/Nov/2015:14:02:01 -0500] "GET /cs2110oh/queue_count.php HTTP/1.1" 200 482 "https://stardock.cs.virginia.edu/cs2110oh/?loc=P1&help=HW+4" "Mozilla/5.0 (Macintosh; Intel Mac OS X 10_9_5) AppleWebKit/537.36 (KHTML, like Gecko) Chrome/46.0.2490.71 Safari/537.36"
172.25.208.179 - jy9vm [01/Nov/2015:14:02:01 -0500] "GET /cs2110oh/index.php HTTP/1.1" 200 1839 "https://stardock.cs.virginia.edu/cs2110oh/" "Mozilla/5.0 (Windows NT 6.3; WOW64) AppleWebKit/537.36 (KHTML, like Gecko) Chrome/46.0.2490.80 Safari/537.36"
172.25.208.179 - jy9vm [01/Nov/2015:14:02:01 -0500] "GET /cs2110oh/queue_count.php HTTP/1.1" 200 482 "https://stardock.cs.virginia.edu/cs2110oh/" "Mozilla/5.0 (Windows NT 6.3; WOW64) AppleWebKit/537.36 (KHTML, like Gecko) Chrome/46.0.2490.80 Safari/537.36"
172.27.42.14 - kef6de [01/Nov/2015:14:02:05 -0500] "GET /cs2110oh/queue_count.php HTTP/1.1" 200 344 "https://stardock.cs.virginia.edu/cs2110oh/?loc=&help=equals+method" "Mozilla/5.0 (Windows NT 10.0; WOW64) AppleWebKit/537.36 (KHTML, like Gecko) Chrome/46.0.2490.80 Safari/537.36"
172.25.43.109 - ldk7zf [01/Nov/2015:14:02:14 -0500] "GET /cs2110oh/queue_count.php HTTP/1.1" 200 482 "https://stardock.cs.virginia.edu/cs2110oh/" "Mozilla/5.0 (Macintosh; Intel Mac OS X 10_10_5) AppleWebKit/537.36 (KHTML, like Gecko) Chrome/43.0.2357.130 Safari/537.36"
172.25.43.109 - ldk7zf [01/Nov/2015:14:02:14 -0500] "GET /cs2110oh/index.php HTTP/1.1" 200 2118 "https://stardock.cs.virginia.edu/cs2110oh/" "Mozilla/5.0 (Macintosh; Intel Mac OS X 10_10_5) AppleWebKit/537.36 (KHTML, like Gecko) Chrome/43.0.2357.130 Safari/537.36"
172.25.208.73 - mos6kv [01/Nov/2015:14:02:16 -0500] "GET /cs2110oh/queue_count.php HTTP/1.1" 200 344 "https://stardock.cs.virginia.edu/cs2110oh/?loc=P1&help=HW+4" "Mozilla/5.0 (Macintosh; Intel Mac OS X 10_9_5) AppleWebKit/537.36 (KHTML, like Gecko) Chrome/46.0.2490.71 Safari/537.36"
172.25.208.179 - jy9vm [01/Nov/2015:14:02:16 -0500] "GET /cs2110oh/queue_count.php HTTP/1.1" 200 344 "https://stardock.cs.virginia.edu/cs2110oh/" "Mozilla/5.0 (Windows NT 6.3; WOW64) AppleWebKit/537.36 (KHTML, like Gecko) Chrome/46.0.2490.80 Safari/537.36"
172.27.42.14 - kef6de [01/Nov/2015:14:02:20 -0500] "GET /cs2110oh/queue_count.php HTTP/1.1" 200 344 "https://stardock.cs.virginia.edu/cs2110oh/?loc=&help=equals+method" "Mozilla/5.0 (Windows NT 10.0; WOW64) AppleWebKit/537.36 (KHTML, like Gecko) Chrome/46.0.2490.80 Safari/537.36"
172.25.43.109 - ldk7zf [01/Nov/2015:14:02:30 -0500] "GET /cs2110oh/queue_count.php HTTP/1.1" 200 482 "https://stardock.cs.virginia.edu/cs2110oh/" "Mozilla/5.0 (Macintosh; Intel Mac OS X 10_10_5) AppleWebKit/537.36 (KHTML, like Gecko) Chrome/43.0.2357.130 Safari/537.36"
172.25.43.109 - ldk7zf [01/Nov/2015:14:02:30 -0500] "GET /cs2110oh/index.php HTTP/1.1" 200 2118 "https://stardock.cs.virginia.edu/cs2110oh/" "Mozilla/5.0 (Macintosh; Intel Mac OS X 10_10_5) AppleWebKit/537.36 (KHTML, like Gecko) Chrome/43.0.2357.130 Safari/537.36"
172.25.208.73 - mos6kv [01/Nov/2015:14:02:31 -0500] "GET /cs2110oh/queue_count.php HTTP/1.1" 200 344 "https://stardock.cs.virginia.edu/cs2110oh/?loc=P1&help=HW+4" "Mozilla/5.0 (Macintosh; Intel Mac OS X 10_9_5) AppleWebKit/537.36 (KHTML, like Gecko) Chrome/46.0.2490.71 Safari/537.36"
172.25.208.179 - jy9vm [01/Nov/2015:14:02:31 -0500] "GET /cs2110oh/queue_count.php HTTP/1.1" 200 344 "https://stardock.cs.virginia.edu/cs2110oh/" "Mozilla/5.0 (Windows NT 6.3; WOW64) AppleWebKit/537.36 (KHTML, like Gecko) Chrome/46.0.2490.80 Safari/537.36"
172.27.42.14 - kef6de [01/Nov/2015:14:02:33 -0500] "GET /cs2110oh/index.php HTTP/1.1" 200 1842 "https://stardock.cs.virginia.edu/cs2110oh/?loc=&help=equals+method" "Mozilla/5.0 (Windows NT 10.0; WOW64) AppleWebKit/537.36 (KHTML, like Gecko) Chrome/46.0.2490.80 Safari/537.36"
172.27.42.14 - kef6de [01/Nov/2015:14:02:35 -0500] "GET /cs2110oh/queue_count.php HTTP/1.1" 200 344 "https://stardock.cs.virginia.edu/cs2110oh/?loc=&help=equals+method" "Mozilla/5.0 (Windows NT 10.0; WOW64) AppleWebKit/537.36 (KHTML, like Gecko) Chrome/46.0.2490.80 Safari/537.36"
172.25.43.109 - ldk7zf [01/Nov/2015:14:02:46 -0500] "GET /cs2110oh/queue_count.php HTTP/1.1" 200 482 "https://stardock.cs.virginia.edu/cs2110oh/" "Mozilla/5.0 (Macintosh; Intel Mac OS X 10_10_5) AppleWebKit/537.36 (KHTML, like Gecko) Chrome/43.0.2357.130 Safari/537.36"
172.25.43.109 - ldk7zf [01/Nov/2015:14:02:46 -0500] "GET /cs2110oh/index.php HTTP/1.1" 200 2118 "https://stardock.cs.virginia.edu/cs2110oh/" "Mozilla/5.0 (Macintosh; Intel Mac OS X 10_10_5) AppleWebKit/537.36 (KHTML, like Gecko) Chrome/43.0.2357.130 Safari/537.36"
172.25.208.73 - mos6kv [01/Nov/2015:14:02:46 -0500] "GET /cs2110oh/queue_count.php HTTP/1.1" 200 344 "https://stardock.cs.virginia.edu/cs2110oh/?loc=P1&help=HW+4" "Mozilla/5.0 (Macintosh; Intel Mac OS X 10_9_5) AppleWebKit/537.36 (KHTML, like Gecko) Chrome/46.0.2490.71 Safari/537.36"
172.25.208.179 - jy9vm [01/Nov/2015:14:02:46 -0500] "GET /cs2110oh/queue_count.php HTTP/1.1" 200 344 "https://stardock.cs.virginia.edu/cs2110oh/" "Mozilla/5.0 (Windows NT 6.3; WOW64) AppleWebKit/537.36 (KHTML, like Gecko) Chrome/46.0.2490.80 Safari/537.36"
172.27.42.14 - kef6de [01/Nov/2015:14:02:50 -0500] "GET /cs2110oh/queue_count.php HTTP/1.1" 200 344 "https://stardock.cs.virginia.edu/cs2110oh/?loc=&help=equals+method" "Mozilla/5.0 (Windows NT 10.0; WOW64) AppleWebKit/537.36 (KHTML, like Gecko) Chrome/46.0.2490.80 Safari/537.36"
172.25.43.109 - ldk7zf [01/Nov/2015:14:03:01 -0500] "GET /cs2110oh/queue_count.php HTTP/1.1" 200 344 "https://stardock.cs.virginia.edu/cs2110oh/" "Mozilla/5.0 (Macintosh; Intel Mac OS X 10_10_5) AppleWebKit/537.36 (KHTML, like Gecko) Chrome/43.0.2357.130 Safari/537.36"
172.25.43.109 - ldk7zf [01/Nov/2015:14:03:01 -0500] "GET /cs2110oh/index.php HTTP/1.1" 200 1980 "https://stardock.cs.virginia.edu/cs2110oh/" "Mozilla/5.0 (Macintosh; Intel Mac OS X 10_10_5) AppleWebKit/537.36 (KHTML, like Gecko) Chrome/43.0.2357.130 Safari/537.36"
172.25.208.73 - mos6kv [01/Nov/2015:14:03:01 -0500] "GET /cs2110oh/index.php HTTP/1.1" 200 1839 "https://stardock.cs.virginia.edu/cs2110oh/?loc=P1&help=HW+4" "Mozilla/5.0 (Macintosh; Intel Mac OS X 10_9_5) AppleWebKit/537.36 (KHTML, like Gecko) Chrome/46.0.2490.71 Safari/537.36"
172.25.208.73 - mos6kv [01/Nov/2015:14:03:01 -0500] "GET /cs2110oh/queue_count.php HTTP/1.1" 200 482 "https://stardock.cs.virginia.edu/cs2110oh/?loc=P1&help=HW+4" "Mozilla/5.0 (Macintosh; Intel Mac OS X 10_9_5) AppleWebKit/537.36 (KHTML, like Gecko) Chrome/46.0.2490.71 Safari/537.36"
172.25.208.179 - jy9vm [01/Nov/2015:14:03:01 -0500] "GET /cs2110oh/index.php HTTP/1.1" 200 1839 "https://stardock.cs.virginia.edu/cs2110oh/" "Mozilla/5.0 (Windows NT 6.3; WOW64) AppleWebKit/537.36 (KHTML, like Gecko) Chrome/46.0.2490.80 Safari/537.36"
172.25.208.179 - jy9vm [01/Nov/2015:14:03:01 -0500] "GET /cs2110oh/queue_count.php HTTP/1.1" 200 344 "https://stardock.cs.virginia.edu/cs2110oh/" "Mozilla/5.0 (Windows NT 6.3; WOW64) AppleWebKit/537.36 (KHTML, like Gecko) Chrome/46.0.2490.80 Safari/537.36"
172.27.42.14 - kef6de [01/Nov/2015:14:03:05 -0500] "GET /cs2110oh/queue_count.php HTTP/1.1" 200 344 "https://stardock.cs.virginia.edu/cs2110oh/?loc=&help=equals+method" "Mozilla/5.0 (Windows NT 10.0; WOW64) AppleWebKit/537.36 (KHTML, like Gecko) Chrome/46.0.2490.80 Safari/537.36"
172.25.43.109 - ldk7zf [01/Nov/2015:14:03:16 -0500] "GET /cs2110oh/queue_count.php HTTP/1.1" 200 344 "https://stardock.cs.virginia.edu/cs2110oh/" "Mozilla/5.0 (Macintosh; Intel Mac OS X 10_10_5) AppleWebKit/537.36 (KHTML, like Gecko) Chrome/43.0.2357.130 Safari/537.36"
172.25.43.109 - ldk7zf [01/Nov/2015:14:03:16 -0500] "GET /cs2110oh/index.php HTTP/1.1" 200 1980 "https://stardock.cs.virginia.edu/cs2110oh/" "Mozilla/5.0 (Macintosh; Intel Mac OS X 10_10_5) AppleWebKit/537.36 (KHTML, like Gecko) Chrome/43.0.2357.130 Safari/537.36"
172.25.208.73 - mos6kv [01/Nov/2015:14:03:16 -0500] "GET /cs2110oh/queue_count.php HTTP/1.1" 200 344 "https://stardock.cs.virginia.edu/cs2110oh/?loc=P1&help=HW+4" "Mozilla/5.0 (Macintosh; Intel Mac OS X 10_9_5) AppleWebKit/537.36 (KHTML, like Gecko) Chrome/46.0.2490.71 Safari/537.36"
172.25.43.109 - ldk7zf [01/Nov/2015:14:03:17 -0500] "GET /cs2110oh/ta_remove.php?id=clc7az HTTP/1.1" 200 528 "https://stardock.cs.virginia.edu/cs2110oh/" "Mozilla/5.0 (Macintosh; Intel Mac OS X 10_10_5) AppleWebKit/537.36 (KHTML, like Gecko) Chrome/43.0.2357.130 Safari/537.36"
172.25.43.109 - ldk7zf [01/Nov/2015:14:03:17 -0500] "GET /cs2110oh/index.php HTTP/1.1" 200 1946 "https://stardock.cs.virginia.edu/cs2110oh/" "Mozilla/5.0 (Macintosh; Intel Mac OS X 10_10_5) AppleWebKit/537.36 (KHTML, like Gecko) Chrome/43.0.2357.130 Safari/537.36"
::1 - - [01/Nov/2015:14:03:19 -0500] "OPTIONS * HTTP/1.0" 200 183 "-" "Apache/2.4.7 (Ubuntu) mod_auth_pgsql/2.0.3 PHP/5.5.9-1ubuntu4.12 OpenSSL/1.0.1f (internal dummy connection)"
172.27.42.14 - kef6de [01/Nov/2015:14:03:21 -0500] "GET /cs2110oh/queue_count.php HTTP/1.1" 200 344 "https://stardock.cs.virginia.edu/cs2110oh/?loc=&help=equals+method" "Mozilla/5.0 (Windows NT 10.0; WOW64) AppleWebKit/537.36 (KHTML, like Gecko) Chrome/46.0.2490.80 Safari/537.36"
172.25.43.109 - ldk7zf [01/Nov/2015:14:03:21 -0500] "GET /cs2110oh/ta_remove.php?id=mos6kv HTTP/1.1" 200 528 "https://stardock.cs.virginia.edu/cs2110oh/" "Mozilla/5.0 (Macintosh; Intel Mac OS X 10_10_5) AppleWebKit/537.36 (KHTML, like Gecko) Chrome/43.0.2357.130 Safari/537.36"
172.25.43.109 - ldk7zf [01/Nov/2015:14:03:21 -0500] "GET /cs2110oh/index.php HTTP/1.1" 200 1915 "https://stardock.cs.virginia.edu/cs2110oh/" "Mozilla/5.0 (Macintosh; Intel Mac OS X 10_10_5) AppleWebKit/537.36 (KHTML, like Gecko) Chrome/43.0.2357.130 Safari/537.36"
172.25.43.109 - ldk7zf [01/Nov/2015:14:03:31 -0500] "GET /cs2110oh/queue_count.php HTTP/1.1" 200 344 "https://stardock.cs.virginia.edu/cs2110oh/" "Mozilla/5.0 (Macintosh; Intel Mac OS X 10_10_5) AppleWebKit/537.36 (KHTML, like Gecko) Chrome/43.0.2357.130 Safari/537.36"
172.25.43.109 - ldk7zf [01/Nov/2015:14:03:31 -0500] "GET /cs2110oh/index.php HTTP/1.1" 200 1915 "https://stardock.cs.virginia.edu/cs2110oh/" "Mozilla/5.0 (Macintosh; Intel Mac OS X 10_10_5) AppleWebKit/537.36 (KHTML, like Gecko) Chrome/43.0.2357.130 Safari/537.36"
172.25.208.73 - mos6kv [01/Nov/2015:14:03:31 -0500] "GET /cs2110oh/queue_count.php HTTP/1.1" 200 344 "https://stardock.cs.virginia.edu/cs2110oh/?loc=P1&help=HW+4" "Mozilla/5.0 (Macintosh; Intel Mac OS X 10_9_5) AppleWebKit/537.36 (KHTML, like Gecko) Chrome/46.0.2490.71 Safari/537.36"
172.27.42.14 - kef6de [01/Nov/2015:14:03:33 -0500] "GET /cs2110oh/index.php HTTP/1.1" 200 1843 "https://stardock.cs.virginia.edu/cs2110oh/?loc=&help=equals+method" "Mozilla/5.0 (Windows NT 10.0; WOW64) AppleWebKit/537.36 (KHTML, like Gecko) Chrome/46.0.2490.80 Safari/537.36"
172.27.42.14 - kef6de [01/Nov/2015:14:03:35 -0500] "GET /cs2110oh/queue_count.php HTTP/1.1" 200 344 "https://stardock.cs.virginia.edu/cs2110oh/?loc=&help=equals+method" "Mozilla/5.0 (Windows NT 10.0; WOW64) AppleWebKit/537.36 (KHTML, like Gecko) Chrome/46.0.2490.80 Safari/537.36"
172.25.43.109 - ldk7zf [01/Nov/2015:14:03:46 -0500] "GET /cs2110oh/queue_count.php HTTP/1.1" 200 344 "https://stardock.cs.virginia.edu/cs2110oh/" "Mozilla/5.0 (Macintosh; Intel Mac OS X 10_10_5) AppleWebKit/537.36 (KHTML, like Gecko) Chrome/43.0.2357.130 Safari/537.36"
172.25.43.109 - ldk7zf [01/Nov/2015:14:03:46 -0500] "GET /cs2110oh/index.php HTTP/1.1" 200 1915 "https://stardock.cs.virginia.edu/cs2110oh/" "Mozilla/5.0 (Macintosh; Intel Mac OS X 10_10_5) AppleWebKit/537.36 (KHTML, like Gecko) Chrome/43.0.2357.130 Safari/537.36"
172.25.208.73 - mos6kv [01/Nov/2015:14:03:46 -0500] "GET /cs2110oh/queue_count.php HTTP/1.1" 200 344 "https://stardock.cs.virginia.edu/cs2110oh/?loc=P1&help=HW+4" "Mozilla/5.0 (Macintosh; Intel Mac OS X 10_9_5) AppleWebKit/537.36 (KHTML, like Gecko) Chrome/46.0.2490.71 Safari/537.36"
172.27.42.14 - kef6de [01/Nov/2015:14:03:50 -0500] "GET /cs2110oh/queue_count.php HTTP/1.1" 200 344 "https://stardock.cs.virginia.edu/cs2110oh/?loc=&help=equals+method" "Mozilla/5.0 (Windows NT 10.0; WOW64) AppleWebKit/537.36 (KHTML, like Gecko) Chrome/46.0.2490.80 Safari/537.36"
172.25.43.109 - ldk7zf [01/Nov/2015:14:04:01 -0500] "GET /cs2110oh/queue_count.php HTTP/1.1" 200 344 "https://stardock.cs.virginia.edu/cs2110oh/" "Mozilla/5.0 (Macintosh; Intel Mac OS X 10_10_5) AppleWebKit/537.36 (KHTML, like Gecko) Chrome/43.0.2357.130 Safari/537.36"
172.25.43.109 - ldk7zf [01/Nov/2015:14:04:01 -0500] "GET /cs2110oh/index.php HTTP/1.1" 200 1915 "https://stardock.cs.virginia.edu/cs2110oh/" "Mozilla/5.0 (Macintosh; Intel Mac OS X 10_10_5) AppleWebKit/537.36 (KHTML, like Gecko) Chrome/43.0.2357.130 Safari/537.36"
172.25.208.73 - mos6kv [01/Nov/2015:14:04:01 -0500] "GET /cs2110oh/index.php HTTP/1.1" 200 2105 "https://stardock.cs.virginia.edu/cs2110oh/?loc=P1&help=HW+4" "Mozilla/5.0 (Macintosh; Intel Mac OS X 10_9_5) AppleWebKit/537.36 (KHTML, like Gecko) Chrome/46.0.2490.71 Safari/537.36"
172.25.208.73 - mos6kv [01/Nov/2015:14:04:01 -0500] "GET /cs2110oh/queue_count.php HTTP/1.1" 200 482 "https://stardock.cs.virginia.edu/cs2110oh/?loc=P1&help=HW+4" "Mozilla/5.0 (Macintosh; Intel Mac OS X 10_9_5) AppleWebKit/537.36 (KHTML, like Gecko) Chrome/46.0.2490.71 Safari/537.36"
172.27.42.14 - kef6de [01/Nov/2015:14:04:05 -0500] "GET /cs2110oh/queue_count.php HTTP/1.1" 200 344 "https://stardock.cs.virginia.edu/cs2110oh/?loc=&help=equals+method" "Mozilla/5.0 (Windows NT 10.0; WOW64) AppleWebKit/537.36 (KHTML, like Gecko) Chrome/46.0.2490.80 Safari/537.36"
172.25.43.109 - ldk7zf [01/Nov/2015:14:04:16 -0500] "GET /cs2110oh/queue_count.php HTTP/1.1" 200 344 "https://stardock.cs.virginia.edu/cs2110oh/" "Mozilla/5.0 (Macintosh; Intel Mac OS X 10_10_5) AppleWebKit/537.36 (KHTML, like Gecko) Chrome/43.0.2357.130 Safari/537.36"
172.25.43.109 - ldk7zf [01/Nov/2015:14:04:16 -0500] "GET /cs2110oh/index.php HTTP/1.1" 200 1915 "https://stardock.cs.virginia.edu/cs2110oh/" "Mozilla/5.0 (Macintosh; Intel Mac OS X 10_10_5) AppleWebKit/537.36 (KHTML, like Gecko) Chrome/43.0.2357.130 Safari/537.36"
172.25.208.73 - mos6kv [01/Nov/2015:14:04:16 -0500] "GET /cs2110oh/queue_count.php HTTP/1.1" 200 344 "https://stardock.cs.virginia.edu/cs2110oh/?loc=P1&help=HW+4" "Mozilla/5.0 (Macintosh; Intel Mac OS X 10_9_5) AppleWebKit/537.36 (KHTML, like Gecko) Chrome/46.0.2490.71 Safari/537.36"
172.27.42.14 - kef6de [01/Nov/2015:14:04:20 -0500] "GET /cs2110oh/queue_count.php HTTP/1.1" 200 344 "https://stardock.cs.virginia.edu/cs2110oh/?loc=&help=equals+method" "Mozilla/5.0 (Windows NT 10.0; WOW64) AppleWebKit/537.36 (KHTML, like Gecko) Chrome/46.0.2490.80 Safari/537.36"
172.25.43.109 - ldk7zf [01/Nov/2015:14:04:31 -0500] "GET /cs2110oh/queue_count.php HTTP/1.1" 200 344 "https://stardock.cs.virginia.edu/cs2110oh/" "Mozilla/5.0 (Macintosh; Intel Mac OS X 10_10_5) AppleWebKit/537.36 (KHTML, like Gecko) Chrome/43.0.2357.130 Safari/537.36"
172.25.43.109 - ldk7zf [01/Nov/2015:14:04:31 -0500] "GET /cs2110oh/index.php HTTP/1.1" 200 1915 "https://stardock.cs.virginia.edu/cs2110oh/" "Mozilla/5.0 (Macintosh; Intel Mac OS X 10_10_5) AppleWebKit/537.36 (KHTML, like Gecko) Chrome/43.0.2357.130 Safari/537.36"
172.25.208.73 - mos6kv [01/Nov/2015:14:04:31 -0500] "GET /cs2110oh/queue_count.php HTTP/1.1" 200 344 "https://stardock.cs.virginia.edu/cs2110oh/?loc=P1&help=HW+4" "Mozilla/5.0 (Macintosh; Intel Mac OS X 10_9_5) AppleWebKit/537.36 (KHTML, like Gecko) Chrome/46.0.2490.71 Safari/537.36"
172.27.42.14 - kef6de [01/Nov/2015:14:04:34 -0500] "GET /cs2110oh/index.php HTTP/1.1" 200 1843 "https://stardock.cs.virginia.edu/cs2110oh/?loc=&help=equals+method" "Mozilla/5.0 (Windows NT 10.0; WOW64) AppleWebKit/537.36 (KHTML, like Gecko) Chrome/46.0.2490.80 Safari/537.36"
172.27.42.14 - kef6de [01/Nov/2015:14:04:35 -0500] "GET /cs2110oh/queue_count.php HTTP/1.1" 200 344 "https://stardock.cs.virginia.edu/cs2110oh/?loc=&help=equals+method" "Mozilla/5.0 (Windows NT 10.0; WOW64) AppleWebKit/537.36 (KHTML, like Gecko) Chrome/46.0.2490.80 Safari/537.36"
172.25.43.109 - ldk7zf [01/Nov/2015:14:04:46 -0500] "GET /cs2110oh/queue_count.php HTTP/1.1" 200 344 "https://stardock.cs.virginia.edu/cs2110oh/" "Mozilla/5.0 (Macintosh; Intel Mac OS X 10_10_5) AppleWebKit/537.36 (KHTML, like Gecko) Chrome/43.0.2357.130 Safari/537.36"
172.25.43.109 - ldk7zf [01/Nov/2015:14:04:46 -0500] "GET /cs2110oh/index.php HTTP/1.1" 200 1915 "https://stardock.cs.virginia.edu/cs2110oh/" "Mozilla/5.0 (Macintosh; Intel Mac OS X 10_10_5) AppleWebKit/537.36 (KHTML, like Gecko) Chrome/43.0.2357.130 Safari/537.36"
172.25.208.73 - mos6kv [01/Nov/2015:14:04:46 -0500] "GET /cs2110oh/queue_count.php HTTP/1.1" 200 344 "https://stardock.cs.virginia.edu/cs2110oh/?loc=P1&help=HW+4" "Mozilla/5.0 (Macintosh; Intel Mac OS X 10_9_5) AppleWebKit/537.36 (KHTML, like Gecko) Chrome/46.0.2490.71 Safari/537.36"
172.27.42.14 - kef6de [01/Nov/2015:14:04:50 -0500] "GET /cs2110oh/queue_count.php HTTP/1.1" 200 344 "https://stardock.cs.virginia.edu/cs2110oh/?loc=&help=equals+method" "Mozilla/5.0 (Windows NT 10.0; WOW64) AppleWebKit/537.36 (KHTML, like Gecko) Chrome/46.0.2490.80 Safari/537.36"
172.25.43.109 - ldk7zf [01/Nov/2015:14:05:01 -0500] "GET /cs2110oh/queue_count.php HTTP/1.1" 200 344 "https://stardock.cs.virginia.edu/cs2110oh/" "Mozilla/5.0 (Macintosh; Intel Mac OS X 10_10_5) AppleWebKit/537.36 (KHTML, like Gecko) Chrome/43.0.2357.130 Safari/537.36"
172.25.43.109 - ldk7zf [01/Nov/2015:14:05:01 -0500] "GET /cs2110oh/index.php HTTP/1.1" 200 1915 "https://stardock.cs.virginia.edu/cs2110oh/" "Mozilla/5.0 (Macintosh; Intel Mac OS X 10_10_5) AppleWebKit/537.36 (KHTML, like Gecko) Chrome/43.0.2357.130 Safari/537.36"
172.25.208.73 - mos6kv [01/Nov/2015:14:05:01 -0500] "GET /cs2110oh/index.php HTTP/1.1" 200 2105 "https://stardock.cs.virginia.edu/cs2110oh/?loc=P1&help=HW+4" "Mozilla/5.0 (Macintosh; Intel Mac OS X 10_9_5) AppleWebKit/537.36 (KHTML, like Gecko) Chrome/46.0.2490.71 Safari/537.36"
172.25.208.73 - mos6kv [01/Nov/2015:14:05:01 -0500] "GET /cs2110oh/queue_count.php HTTP/1.1" 200 344 "https://stardock.cs.virginia.edu/cs2110oh/?loc=P1&help=HW+4" "Mozilla/5.0 (Macintosh; Intel Mac OS X 10_9_5) AppleWebKit/537.36 (KHTML, like Gecko) Chrome/46.0.2490.71 Safari/537.36"
172.27.42.14 - kef6de [01/Nov/2015:14:05:05 -0500] "GET /cs2110oh/queue_count.php HTTP/1.1" 200 344 "https://stardock.cs.virginia.edu/cs2110oh/?loc=&help=equals+method" "Mozilla/5.0 (Windows NT 10.0; WOW64) AppleWebKit/537.36 (KHTML, like Gecko) Chrome/46.0.2490.80 Safari/537.36"
172.25.43.109 - ldk7zf [01/Nov/2015:14:05:16 -0500] "GET /cs2110oh/queue_count.php HTTP/1.1" 200 344 "https://stardock.cs.virginia.edu/cs2110oh/" "Mozilla/5.0 (Macintosh; Intel Mac OS X 10_10_5) AppleWebKit/537.36 (KHTML, like Gecko) Chrome/43.0.2357.130 Safari/537.36"
172.25.43.109 - ldk7zf [01/Nov/2015:14:05:16 -0500] "GET /cs2110oh/index.php HTTP/1.1" 200 1915 "https://stardock.cs.virginia.edu/cs2110oh/" "Mozilla/5.0 (Macintosh; Intel Mac OS X 10_10_5) AppleWebKit/537.36 (KHTML, like Gecko) Chrome/43.0.2357.130 Safari/537.36"
172.25.208.73 - mos6kv [01/Nov/2015:14:05:16 -0500] "GET /cs2110oh/queue_count.php HTTP/1.1" 200 344 "https://stardock.cs.virginia.edu/cs2110oh/?loc=P1&help=HW+4" "Mozilla/5.0 (Macintosh; Intel Mac OS X 10_9_5) AppleWebKit/537.36 (KHTML, like Gecko) Chrome/46.0.2490.71 Safari/537.36"
172.27.42.14 - kef6de [01/Nov/2015:14:05:20 -0500] "GET /cs2110oh/queue_count.php HTTP/1.1" 200 344 "https://stardock.cs.virginia.edu/cs2110oh/?loc=&help=equals+method" "Mozilla/5.0 (Windows NT 10.0; WOW64) AppleWebKit/537.36 (KHTML, like Gecko) Chrome/46.0.2490.80 Safari/537.36"
172.25.208.73 - mos6kv [01/Nov/2015:14:05:31 -0500] "GET /cs2110oh/queue_count.php HTTP/1.1" 200 344 "https://stardock.cs.virginia.edu/cs2110oh/?loc=P1&help=HW+4" "Mozilla/5.0 (Macintosh; Intel Mac OS X 10_9_5) AppleWebKit/537.36 (KHTML, like Gecko) Chrome/46.0.2490.71 Safari/537.36"
172.25.43.109 - ldk7zf [01/Nov/2015:14:05:32 -0500] "GET /cs2110oh/queue_count.php HTTP/1.1" 200 482 "https://stardock.cs.virginia.edu/cs2110oh/" "Mozilla/5.0 (Macintosh; Intel Mac OS X 10_10_5) AppleWebKit/537.36 (KHTML, like Gecko) Chrome/43.0.2357.130 Safari/537.36"
172.25.43.109 - ldk7zf [01/Nov/2015:14:05:32 -0500] "GET /cs2110oh/index.php HTTP/1.1" 200 2053 "https://stardock.cs.virginia.edu/cs2110oh/" "Mozilla/5.0 (Macintosh; Intel Mac OS X 10_10_5) AppleWebKit/537.36 (KHTML, like Gecko) Chrome/43.0.2357.130 Safari/537.36"
172.27.42.14 - kef6de [01/Nov/2015:14:05:33 -0500] "GET /cs2110oh/index.php HTTP/1.1" 200 1843 "https://stardock.cs.virginia.edu/cs2110oh/?loc=&help=equals+method" "Mozilla/5.0 (Windows NT 10.0; WOW64) AppleWebKit/537.36 (KHTML, like Gecko) Chrome/46.0.2490.80 Safari/537.36"
172.27.42.14 - kef6de [01/Nov/2015:14:05:35 -0500] "GET /cs2110oh/queue_count.php HTTP/1.1" 200 344 "https://stardock.cs.virginia.edu/cs2110oh/?loc=&help=equals+method" "Mozilla/5.0 (Windows NT 10.0; WOW64) AppleWebKit/537.36 (KHTML, like Gecko) Chrome/46.0.2490.80 Safari/537.36"
66.249.83.179 - - [01/Nov/2015:14:05:46 -0500] "GET /louslist/Courses/view HTTP/1.1" 200 4860 "-" "Google favicon"
172.25.208.73 - mos6kv [01/Nov/2015:14:05:46 -0500] "GET /cs2110oh/queue_count.php HTTP/1.1" 200 344 "https://stardock.cs.virginia.edu/cs2110oh/?loc=P1&help=HW+4" "Mozilla/5.0 (Macintosh; Intel Mac OS X 10_9_5) AppleWebKit/537.36 (KHTML, like Gecko) Chrome/46.0.2490.71 Safari/537.36"
172.25.43.109 - ldk7zf [01/Nov/2015:14:05:47 -0500] "GET /cs2110oh/queue_count.php HTTP/1.1" 200 344 "https://stardock.cs.virginia.edu/cs2110oh/" "Mozilla/5.0 (Macintosh; Intel Mac OS X 10_10_5) AppleWebKit/537.36 (KHTML, like Gecko) Chrome/43.0.2357.130 Safari/537.36"
172.25.43.109 - ldk7zf [01/Nov/2015:14:05:47 -0500] "GET /cs2110oh/index.php HTTP/1.1" 200 1915 "https://stardock.cs.virginia.edu/cs2110oh/" "Mozilla/5.0 (Macintosh; Intel Mac OS X 10_10_5) AppleWebKit/537.36 (KHTML, like Gecko) Chrome/43.0.2357.130 Safari/537.36"
172.27.42.14 - kef6de [01/Nov/2015:14:05:50 -0500] "GET /cs2110oh/queue_count.php HTTP/1.1" 200 344 "https://stardock.cs.virginia.edu/cs2110oh/?loc=&help=equals+method" "Mozilla/5.0 (Windows NT 10.0; WOW64) AppleWebKit/537.36 (KHTML, like Gecko) Chrome/46.0.2490.80 Safari/537.36"
172.25.208.73 - mos6kv [01/Nov/2015:14:06:01 -0500] "GET /cs2110oh/index.php HTTP/1.1" 200 2105 "https://stardock.cs.virginia.edu/cs2110oh/?loc=P1&help=HW+4" "Mozilla/5.0 (Macintosh; Intel Mac OS X 10_9_5) AppleWebKit/537.36 (KHTML, like Gecko) Chrome/46.0.2490.71 Safari/537.36"
172.25.208.73 - mos6kv [01/Nov/2015:14:06:01 -0500] "GET /cs2110oh/queue_count.php HTTP/1.1" 200 482 "https://stardock.cs.virginia.edu/cs2110oh/?loc=P1&help=HW+4" "Mozilla/5.0 (Macintosh; Intel Mac OS X 10_9_5) AppleWebKit/537.36 (KHTML, like Gecko) Chrome/46.0.2490.71 Safari/537.36"
172.25.43.109 - ldk7zf [01/Nov/2015:14:06:02 -0500] "GET /cs2110oh/queue_count.php HTTP/1.1" 200 344 "https://stardock.cs.virginia.edu/cs2110oh/" "Mozilla/5.0 (Macintosh; Intel Mac OS X 10_10_5) AppleWebKit/537.36 (KHTML, like Gecko) Chrome/43.0.2357.130 Safari/537.36"
172.25.43.109 - ldk7zf [01/Nov/2015:14:06:02 -0500] "GET /cs2110oh/index.php HTTP/1.1" 200 1915 "https://stardock.cs.virginia.edu/cs2110oh/" "Mozilla/5.0 (Macintosh; Intel Mac OS X 10_10_5) AppleWebKit/537.36 (KHTML, like Gecko) Chrome/43.0.2357.130 Safari/537.36"
172.27.42.14 - kef6de [01/Nov/2015:14:06:05 -0500] "GET /cs2110oh/queue_count.php HTTP/1.1" 200 4878 "https://stardock.cs.virginia.edu/cs2110oh/?loc=&help=equals+method" "Mozilla/5.0 (Windows NT 10.0; WOW64) AppleWebKit/537.36 (KHTML, like Gecko) Chrome/46.0.2490.80 Safari/537.36"
172.25.208.73 - mos6kv [01/Nov/2015:14:06:16 -0500] "GET /cs2110oh/queue_count.php HTTP/1.1" 200 344 "https://stardock.cs.virginia.edu/cs2110oh/?loc=P1&help=HW+4" "Mozilla/5.0 (Macintosh; Intel Mac OS X 10_9_5) AppleWebKit/537.36 (KHTML, like Gecko) Chrome/46.0.2490.71 Safari/537.36"
172.25.43.109 - ldk7zf [01/Nov/2015:14:06:17 -0500] "GET /cs2110oh/queue_count.php HTTP/1.1" 200 344 "https://stardock.cs.virginia.edu/cs2110oh/" "Mozilla/5.0 (Macintosh; Intel Mac OS X 10_10_5) AppleWebKit/537.36 (KHTML, like Gecko) Chrome/43.0.2357.130 Safari/537.36"
172.25.43.109 - ldk7zf [01/Nov/2015:14:06:17 -0500] "GET /cs2110oh/index.php HTTP/1.1" 200 1915 "https://stardock.cs.virginia.edu/cs2110oh/" "Mozilla/5.0 (Macintosh; Intel Mac OS X 10_10_5) AppleWebKit/537.36 (KHTML, like Gecko) Chrome/43.0.2357.130 Safari/537.36"
172.27.42.14 - kef6de [01/Nov/2015:14:06:20 -0500] "GET /cs2110oh/queue_count.php HTTP/1.1" 200 344 "https://stardock.cs.virginia.edu/cs2110oh/?loc=&help=equals+method" "Mozilla/5.0 (Windows NT 10.0; WOW64) AppleWebKit/537.36 (KHTML, like Gecko) Chrome/46.0.2490.80 Safari/537.36"
66.102.9.69 - - [01/Nov/2015:14:06:21 -0500] "GET /images/people/GDRG.jpg HTTP/1.1" 200 33787 "-" "Mozilla/5.0 (Windows NT 5.1; rv:11.0) Gecko Firefox/11.0 (via ggpht.com GoogleImageProxy)"
172.25.208.73 - mos6kv [01/Nov/2015:14:06:31 -0500] "GET /cs2110oh/queue_count.php HTTP/1.1" 200 344 "https://stardock.cs.virginia.edu/cs2110oh/?loc=P1&help=HW+4" "Mozilla/5.0 (Macintosh; Intel Mac OS X 10_9_5) AppleWebKit/537.36 (KHTML, like Gecko) Chrome/46.0.2490.71 Safari/537.36"
172.25.43.109 - ldk7zf [01/Nov/2015:14:06:33 -0500] "GET /cs2110oh/queue_count.php HTTP/1.1" 200 482 "https://stardock.cs.virginia.edu/cs2110oh/" "Mozilla/5.0 (Macintosh; Intel Mac OS X 10_10_5) AppleWebKit/537.36 (KHTML, like Gecko) Chrome/43.0.2357.130 Safari/537.36"
172.25.43.109 - ldk7zf [01/Nov/2015:14:06:33 -0500] "GET /cs2110oh/index.php HTTP/1.1" 200 2053 "https://stardock.cs.virginia.edu/cs2110oh/" "Mozilla/5.0 (Macintosh; Intel Mac OS X 10_10_5) AppleWebKit/537.36 (KHTML, like Gecko) Chrome/43.0.2357.130 Safari/537.36"
172.27.42.14 - kef6de [01/Nov/2015:14:06:33 -0500] "GET /cs2110oh/index.php HTTP/1.1" 200 1843 "https://stardock.cs.virginia.edu/cs2110oh/?loc=&help=equals+method" "Mozilla/5.0 (Windows NT 10.0; WOW64) AppleWebKit/537.36 (KHTML, like Gecko) Chrome/46.0.2490.80 Safari/537.36"
172.27.42.14 - kef6de [01/Nov/2015:14:06:35 -0500] "GET /cs2110oh/queue_count.php HTTP/1.1" 200 344 "https://stardock.cs.virginia.edu/cs2110oh/?loc=&help=equals+method" "Mozilla/5.0 (Windows NT 10.0; WOW64) AppleWebKit/537.36 (KHTML, like Gecko) Chrome/46.0.2490.80 Safari/537.36"
172.25.208.73 - mos6kv [01/Nov/2015:14:06:46 -0500] "GET /cs2110oh/queue_count.php HTTP/1.1" 200 344 "https://stardock.cs.virginia.edu/cs2110oh/?loc=P1&help=HW+4" "Mozilla/5.0 (Macintosh; Intel Mac OS X 10_9_5) AppleWebKit/537.36 (KHTML, like Gecko) Chrome/46.0.2490.71 Safari/537.36"
172.25.43.109 - ldk7zf [01/Nov/2015:14:06:49 -0500] "GET /cs2110oh/queue_count.php HTTP/1.1" 200 4878 "https://stardock.cs.virginia.edu/cs2110oh/" "Mozilla/5.0 (Macintosh; Intel Mac OS X 10_10_5) AppleWebKit/537.36 (KHTML, like Gecko) Chrome/43.0.2357.130 Safari/537.36"
172.25.43.109 - ldk7zf [01/Nov/2015:14:06:49 -0500] "GET /cs2110oh/index.php HTTP/1.1" 200 6449 "https://stardock.cs.virginia.edu/cs2110oh/" "Mozilla/5.0 (Macintosh; Intel Mac OS X 10_10_5) AppleWebKit/537.36 (KHTML, like Gecko) Chrome/43.0.2357.130 Safari/537.36"
172.27.42.14 - kef6de [01/Nov/2015:14:06:51 -0500] "GET /cs2110oh/queue_count.php HTTP/1.1" 200 482 "https://stardock.cs.virginia.edu/cs2110oh/?loc=&help=equals+method" "Mozilla/5.0 (Windows NT 10.0; WOW64) AppleWebKit/537.36 (KHTML, like Gecko) Chrome/46.0.2490.80 Safari/537.36"
172.25.208.179 - jy9vm [01/Nov/2015:14:07:01 -0500] "GET /cs2110oh/ HTTP/1.1" 200 6374 "https://collab.itc.virginia.edu/portal/site/9b174758-6297-4f6b-868e-f035918e3a20/page/94cb1327-cb0e-4273-b61a-dd03a54bf08b" "Mozilla/5.0 (Windows NT 6.3; WOW64) AppleWebKit/537.36 (KHTML, like Gecko) Chrome/46.0.2490.80 Safari/537.36"
172.25.208.73 - mos6kv [01/Nov/2015:14:07:01 -0500] "GET /cs2110oh/index.php HTTP/1.1" 200 2105 "https://stardock.cs.virginia.edu/cs2110oh/?loc=P1&help=HW+4" "Mozilla/5.0 (Macintosh; Intel Mac OS X 10_9_5) AppleWebKit/537.36 (KHTML, like Gecko) Chrome/46.0.2490.71 Safari/537.36"
172.25.208.73 - mos6kv [01/Nov/2015:14:07:01 -0500] "GET /cs2110oh/queue_count.php HTTP/1.1" 200 482 "https://stardock.cs.virginia.edu/cs2110oh/?loc=P1&help=HW+4" "Mozilla/5.0 (Macintosh; Intel Mac OS X 10_9_5) AppleWebKit/537.36 (KHTML, like Gecko) Chrome/46.0.2490.71 Safari/537.36"
172.25.43.109 - ldk7zf [01/Nov/2015:14:07:05 -0500] "GET /cs2110oh/queue_count.php HTTP/1.1" 200 482 "https://stardock.cs.virginia.edu/cs2110oh/" "Mozilla/5.0 (Macintosh; Intel Mac OS X 10_10_5) AppleWebKit/537.36 (KHTML, like Gecko) Chrome/43.0.2357.130 Safari/537.36"
172.25.43.109 - ldk7zf [01/Nov/2015:14:07:05 -0500] "GET /cs2110oh/index.php HTTP/1.1" 200 2053 "https://stardock.cs.virginia.edu/cs2110oh/" "Mozilla/5.0 (Macintosh; Intel Mac OS X 10_10_5) AppleWebKit/537.36 (KHTML, like Gecko) Chrome/43.0.2357.130 Safari/537.36"
