172.25.43.109 - ldk7zf [01/Nov/2015:14:13:38 -0500] "GET /cs2110oh/index.php HTTP/1.1" 200 1915 "https://stardock.cs.virginia.edu/cs2110oh/" "Mozilla/5.0 (Macintosh; Intel Mac OS X 10_10_5) AppleWebKit/537.36 (KHTML, like Gecko) Chrome/43.0.2357.130 Safari/537.36"
172.27.42.14 - kef6de [01/Nov/2015:14:13:38 -0500] "GET /cs2110oh/queue_count.php HTTP/1.1" 200 344 "https://stardock.cs.virginia.edu/cs2110oh/?loc=&help=equals+method" "Mozilla/5.0 (Windows NT 10.0; WOW64) AppleWebKit/537.36 (KHTML, like Gecko) Chrome/46.0.2490.80 Safari/537.36"
172.25.208.73 - mos6kv [01/Nov/2015:14:13:46 -0500] "GET /cs2110oh/queue_count.php HTTP/1.1" 200 344 "https://stardock.cs.virginia.edu/cs2110oh/?loc=P1&help=HW+4" "Mozilla/5.0 (Macintosh; Intel Mac OS X 10_9_5) AppleWebKit/537.36 (KHTML, like Gecko) Chrome/46.0.2490.71 Safari/537.36"
172.25.208.179 - jy9vm [01/Nov/2015:14:13:49 -0500] "GET /cs2110oh/queue_count.php HTTP/1.1" 200 344 "https://stardock.cs.virginia.edu/cs2110oh/" "Mozilla/5.0 (Windows NT 6.3; WOW64) AppleWebKit/537.36 (KHTML, like Gecko) Chrome/46.0.2490.80 Safari/537.36"
172.25.43.109 - ldk7zf [01/Nov/2015:14:13:53 -0500] "GET /cs2110oh/queue_count.php HTTP/1.1" 200 344 "https://stardock.cs.virginia.edu/cs2110oh/" "Mozilla/5.0 (Macintosh; Intel Mac OS X 10_10_5) AppleWebKit/537.36 (KHTML, like Gecko) Chrome/43.0.2357.130 Safari/537.36"
172.25.43.109 - ldk7zf [01/Nov/2015:14:13:53 -0500] "GET /cs2110oh/index.php HTTP/1.1" 200 1915 "https://stardock.cs.virginia.edu/cs2110oh/" "Mozilla/5.0 (Macintosh; Intel Mac OS X 10_10_5) AppleWebKit/537.36 (KHTML, like Gecko) Chrome/43.0.2357.130 Safari/537.36"
172.27.42.14 - kef6de [01/Nov/2015:14:13:53 -0500] "GET /cs2110oh/queue_count.php HTTP/1.1" 200 344 "https://stardock.cs.virginia.edu/cs2110oh/?loc=&help=equals+method" "Mozilla/5.0 (Windows NT 10.0; WOW64) AppleWebKit/537.36 (KHTML, like Gecko) Chrome/46.0.2490.80 Safari/537.36"
172.25.208.179 - jy9vm [01/Nov/2015:14:14:02 -0500] "GET /cs2110oh/index.php HTTP/1.1" 200 1840 "https://stardock.cs.virginia.edu/cs2110oh/" "Mozilla/5.0 (Windows NT 6.3; WOW64) AppleWebKit/537.36 (KHTML, like Gecko) Chrome/46.0.2490.80 Safari/537.36"
::1 - - [01/Nov/2015:14:14:04 -0500] "OPTIONS * HTTP/1.0" 200 183 "-" "Apache/2.4.7 (Ubuntu) mod_auth_pgsql/2.0.3 PHP/5.5.9-1ubuntu4.12 OpenSSL/1.0.1f (internal dummy connection)"
172.25.208.179 - jy9vm [01/Nov/2015:14:14:04 -0500] "GET /cs2110oh/queue_count.php HTTP/1.1" 200 344 "https://stardock.cs.virginia.edu/cs2110oh/" "Mozilla/5.0 (Windows NT 6.3; WOW64) AppleWebKit/537.36 (KHTML, like Gecko) Chrome/46.0.2490.80 Safari/537.36"
172.25.43.109 - ldk7zf [01/Nov/2015:14:14:08 -0500] "GET /cs2110oh/queue_count.php HTTP/1.1" 200 344 "https://stardock.cs.virginia.edu/cs2110oh/" "Mozilla/5.0 (Macintosh; Intel Mac OS X 10_10_5) AppleWebKit/537.36 (KHTML, like Gecko) Chrome/43.0.2357.130 Safari/537.36"
172.25.43.109 - ldk7zf [01/Nov/2015:14:14:08 -0500] "GET /cs2110oh/index.php HTTP/1.1" 200 1915 "https://stardock.cs.virginia.edu/cs2110oh/" "Mozilla/5.0 (Macintosh; Intel Mac OS X 10_10_5) AppleWebKit/537.36 (KHTML, like Gecko) Chrome/43.0.2357.130 Safari/537.36"
172.27.42.14 - kef6de [01/Nov/2015:14:14:08 -0500] "GET /cs2110oh/queue_count.php HTTP/1.1" 200 344 "https://stardock.cs.virginia.edu/cs2110oh/?loc=&help=equals+method" "Mozilla/5.0 (Windows NT 10.0; WOW64) AppleWebKit/537.36 (KHTML, like Gecko) Chrome/46.0.2490.80 Safari/537.36"
172.25.208.179 - jy9vm [01/Nov/2015:14:14:19 -0500] "GET /cs2110oh/queue_count.php HTTP/1.1" 200 344 "https://stardock.cs.virginia.edu/cs2110oh/" "Mozilla/5.0 (Windows NT 6.3; WOW64) AppleWebKit/537.36 (KHTML, like Gecko) Chrome/46.0.2490.80 Safari/537.36"
172.25.208.73 - mos6kv [01/Nov/2015:14:14:23 -0500] "GET /cs2110oh/queue_count.php HTTP/1.1" 200 482 "https://stardock.cs.virginia.edu/cs2110oh/?loc=P1&help=HW+4" "Mozilla/5.0 (Macintosh; Intel Mac OS X 10_9_5) AppleWebKit/537.36 (KHTML, like Gecko) Chrome/46.0.2490.71 Safari/537.36"
172.25.208.73 - mos6kv [01/Nov/2015:14:14:23 -0500] "GET /cs2110oh/index.php HTTP/1.1" 200 2243 "https://stardock.cs.virginia.edu/cs2110oh/?loc=P1&help=HW+4" "Mozilla/5.0 (Macintosh; Intel Mac OS X 10_9_5) AppleWebKit/537.36 (KHTML, like Gecko) Chrome/46.0.2490.71 Safari/537.36"
172.25.43.109 - ldk7zf [01/Nov/2015:14:14:23 -0500] "GET /cs2110oh/queue_count.php HTTP/1.1" 200 344 "https://stardock.cs.virginia.edu/cs2110oh/" "Mozilla/5.0 (Macintosh; Intel Mac OS X 10_10_5) AppleWebKit/537.36 (KHTML, like Gecko) Chrome/43.0.2357.130 Safari/537.36"
172.25.43.109 - ldk7zf [01/Nov/2015:14:14:23 -0500] "GET /cs2110oh/index.php HTTP/1.1" 200 1915 "https://stardock.cs.virginia.edu/cs2110oh/" "Mozilla/5.0 (Macintosh; Intel Mac OS X 10_10_5) AppleWebKit/537.36 (KHTML, like Gecko) Chrome/43.0.2357.130 Safari/537.36"
172.27.42.14 - kef6de [01/Nov/2015:14:14:23 -0500] "GET /cs2110oh/queue_count.php HTTP/1.1" 200 344 "https://stardock.cs.virginia.edu/cs2110oh/?loc=&help=equals+method" "Mozilla/5.0 (Windows NT 10.0; WOW64) AppleWebKit/537.36 (KHTML, like Gecko) Chrome/46.0.2490.80 Safari/537.36"
172.27.42.14 - kef6de [01/Nov/2015:14:14:33 -0500] "GET /cs2110oh/index.php HTTP/1.1" 200 1843 "https://stardock.cs.virginia.edu/cs2110oh/?loc=&help=equals+method" "Mozilla/5.0 (Windows NT 10.0; WOW64) AppleWebKit/537.36 (KHTML, like Gecko) Chrome/46.0.2490.80 Safari/537.36"
172.25.208.179 - jy9vm [01/Nov/2015:14:14:34 -0500] "GET /cs2110oh/queue_count.php HTTP/1.1" 200 344 "https://stardock.cs.virginia.edu/cs2110oh/" "Mozilla/5.0 (Windows NT 6.3; WOW64) AppleWebKit/537.36 (KHTML, like Gecko) Chrome/46.0.2490.80 Safari/537.36"
172.25.208.73 - mos6kv [01/Nov/2015:14:14:38 -0500] "GET /cs2110oh/queue_count.php HTTP/1.1" 200 344 "https://stardock.cs.virginia.edu/cs2110oh/?loc=P1&help=HW+4" "Mozilla/5.0 (Macintosh; Intel Mac OS X 10_9_5) AppleWebKit/537.36 (KHTML, like Gecko) Chrome/46.0.2490.71 Safari/537.36"
172.25.43.109 - ldk7zf [01/Nov/2015:14:14:38 -0500] "GET /cs2110oh/queue_count.php HTTP/1.1" 200 482 "https://stardock.cs.virginia.edu/cs2110oh/" "Mozilla/5.0 (Macintosh; Intel Mac OS X 10_10_5) AppleWebKit/537.36 (KHTML, like Gecko) Chrome/43.0.2357.130 Safari/537.36"
172.25.43.109 - ldk7zf [01/Nov/2015:14:14:38 -0500] "GET /cs2110oh/index.php HTTP/1.1" 200 2053 "https://stardock.cs.virginia.edu/cs2110oh/" "Mozilla/5.0 (Macintosh; Intel Mac OS X 10_10_5) AppleWebKit/537.36 (KHTML, like Gecko) Chrome/43.0.2357.130 Safari/537.36"
172.27.42.14 - kef6de [01/Nov/2015:14:14:38 -0500] "GET /cs2110oh/queue_count.php HTTP/1.1" 200 344 "https://stardock.cs.virginia.edu/cs2110oh/?loc=&help=equals+method" "Mozilla/5.0 (Windows NT 10.0; WOW64) AppleWebKit/537.36 (KHTML, like Gecko) Chrome/46.0.2490.80 Safari/537.36"
172.25.208.179 - jy9vm [01/Nov/2015:14:14:49 -0500] "GET /cs2110oh/queue_count.php HTTP/1.1" 200 344 "https://stardock.cs.virginia.edu/cs2110oh/" "Mozilla/5.0 (Windows NT 6.3; WOW64) AppleWebKit/537.36 (KHTML, like Gecko) Chrome/46.0.2490.80 Safari/537.36"
172.25.208.249 - - [01/Nov/2015:14:14:52 -0500] "GET /cs2110oh/ HTTP/1.1" 302 6424 "https://collab.itc.virginia.edu/portal/site/9b174758-6297-4f6b-868e-f035918e3a20/page/94cb1327-cb0e-4273-b61a-dd03a54bf08b" "Mozilla/5.0 (Windows NT 6.3; WOW64) AppleWebKit/537.36 (KHTML, like Gecko) Chrome/46.0.2490.80 Safari/537.36"
172.25.208.249 - - [01/Nov/2015:14:14:52 -0500] "POST /Shibboleth.sso/SAML2/POST HTTP/1.1" 302 879 "https://shibidp.its.virginia.edu/idp/profile/SAML2/Redirect/SSO" "Mozilla/5.0 (Windows NT 6.3; WOW64) AppleWebKit/537.36 (KHTML, like Gecko) Chrome/46.0.2490.80 Safari/537.36"
172.25.208.249 - cwh7yq [01/Nov/2015:14:14:52 -0500] "GET /cs2110oh/ HTTP/1.1" 200 2102 "https://shibidp.its.virginia.edu/idp/profile/SAML2/Redirect/SSO" "Mozilla/5.0 (Windows NT 6.3; WOW64) AppleWebKit/537.36 (KHTML, like Gecko) Chrome/46.0.2490.80 Safari/537.36"
172.25.208.249 - cwh7yq [01/Nov/2015:14:14:52 -0500] "GET /cs2110oh/css/style.css HTTP/1.1" 200 1011 "https://stardock.cs.virginia.edu/cs2110oh/" "Mozilla/5.0 (Windows NT 6.3; WOW64) AppleWebKit/537.36 (KHTML, like Gecko) Chrome/46.0.2490.80 Safari/537.36"
172.25.208.249 - cwh7yq [01/Nov/2015:14:14:52 -0500] "GET /cs2110oh/css/bootstrap.css HTTP/1.1" 200 17688 "https://stardock.cs.virginia.edu/cs2110oh/" "Mozilla/5.0 (Windows NT 6.3; WOW64) AppleWebKit/537.36 (KHTML, like Gecko) Chrome/46.0.2490.80 Safari/537.36"
172.25.208.249 - cwh7yq [01/Nov/2015:14:14:52 -0500] "GET /cs2110oh/css/bootstrap-responsive.css HTTP/1.1" 200 4616 "https://stardock.cs.virginia.edu/cs2110oh/" "Mozilla/5.0 (Windows NT 6.3; WOW64) AppleWebKit/537.36 (KHTML, like Gecko) Chrome/46.0.2490.80 Safari/537.36"
172.25.208.249 - cwh7yq [01/Nov/2015:14:14:52 -0500] "GET /cs2110oh/js/script.js HTTP/1.1" 200 1979 "https://stardock.cs.virginia.edu/cs2110oh/" "Mozilla/5.0 (Windows NT 6.3; WOW64) AppleWebKit/537.36 (KHTML, like Gecko) Chrome/46.0.2490.80 Safari/537.36"
172.25.208.249 - cwh7yq [01/Nov/2015:14:14:52 -0500] "GET /cs2110oh/js/bootstrap.min.js HTTP/1.1" 200 7424 "https://stardock.cs.virginia.edu/cs2110oh/" "Mozilla/5.0 (Windows NT 6.3; WOW64) AppleWebKit/537.36 (KHTML, like Gecko) Chrome/46.0.2490.80 Safari/537.36"
172.25.208.249 - cwh7yq [01/Nov/2015:14:14:52 -0500] "GET /cs2110oh/js/jquery-1.8.3.js HTTP/1.1" 200 34211 "https://stardock.cs.virginia.edu/cs2110oh/" "Mozilla/5.0 (Windows NT 6.3; WOW64) AppleWebKit/537.36 (KHTML, like Gecko) Chrome/46.0.2490.80 Safari/537.36"
172.25.208.73 - mos6kv [01/Nov/2015:14:14:53 -0500] "GET /cs2110oh/queue_count.php HTTP/1.1" 200 344 "https://stardock.cs.virginia.edu/cs2110oh/?loc=P1&help=HW+4" "Mozilla/5.0 (Macintosh; Intel Mac OS X 10_9_5) AppleWebKit/537.36 (KHTML, like Gecko) Chrome/46.0.2490.71 Safari/537.36"
172.25.43.109 - ldk7zf [01/Nov/2015:14:14:53 -0500] "GET /cs2110oh/queue_count.php HTTP/1.1" 200 344 "https://stardock.cs.virginia.edu/cs2110oh/" "Mozilla/5.0 (Macintosh; Intel Mac OS X 10_10_5) AppleWebKit/537.36 (KHTML, like Gecko) Chrome/43.0.2357.130 Safari/537.36"
172.25.43.109 - ldk7zf [01/Nov/2015:14:14:53 -0500] "GET /cs2110oh/index.php HTTP/1.1" 200 1915 "https://stardock.cs.virginia.edu/cs2110oh/" "Mozilla/5.0 (Macintosh; Intel Mac OS X 10_10_5) AppleWebKit/537.36 (KHTML, like Gecko) Chrome/43.0.2357.130 Safari/537.36"
172.27.42.14 - kef6de [01/Nov/2015:14:14:53 -0500] "GET /cs2110oh/queue_count.php HTTP/1.1" 200 344 "https://stardock.cs.virginia.edu/cs2110oh/?loc=&help=equals+method" "Mozilla/5.0 (Windows NT 10.0; WOW64) AppleWebKit/537.36 (KHTML, like Gecko) Chrome/46.0.2490.80 Safari/537.36"
172.25.208.179 - jy9vm [01/Nov/2015:14:15:02 -0500] "GET /cs2110oh/index.php HTTP/1.1" 200 1840 "https://stardock.cs.virginia.edu/cs2110oh/" "Mozilla/5.0 (Windows NT 6.3; WOW64) AppleWebKit/537.36 (KHTML, like Gecko) Chrome/46.0.2490.80 Safari/537.36"
172.25.208.179 - jy9vm [01/Nov/2015:14:15:04 -0500] "GET /cs2110oh/queue_count.php HTTP/1.1" 200 344 "https://stardock.cs.virginia.edu/cs2110oh/" "Mozilla/5.0 (Windows NT 6.3; WOW64) AppleWebKit/537.36 (KHTML, like Gecko) Chrome/46.0.2490.80 Safari/537.36"
172.25.208.249 - cwh7yq [01/Nov/2015:14:15:07 -0500] "GET /cs2110oh/enqueue.php?loc=A6&help=HW4 HTTP/1.1" 200 634 "https://stardock.cs.virginia.edu/cs2110oh/" "Mozilla/5.0 (Windows NT 6.3; WOW64) AppleWebKit/537.36 (KHTML, like Gecko) Chrome/46.0.2490.80 Safari/537.36"
172.25.208.249 - cwh7yq [01/Nov/2015:14:15:07 -0500] "GET /cs2110oh/queue_count.php HTTP/1.1" 200 344 "https://stardock.cs.virginia.edu/cs2110oh/" "Mozilla/5.0 (Windows NT 6.3; WOW64) AppleWebKit/537.36 (KHTML, like Gecko) Chrome/46.0.2490.80 Safari/537.36"
172.25.208.73 - mos6kv [01/Nov/2015:14:15:08 -0500] "GET /cs2110oh/queue_count.php HTTP/1.1" 200 344 "https://stardock.cs.virginia.edu/cs2110oh/?loc=P1&help=HW+4" "Mozilla/5.0 (Macintosh; Intel Mac OS X 10_9_5) AppleWebKit/537.36 (KHTML, like Gecko) Chrome/46.0.2490.71 Safari/537.36"
172.27.42.14 - kef6de [01/Nov/2015:14:15:08 -0500] "GET /cs2110oh/queue_count.php HTTP/1.1" 200 344 "https://stardock.cs.virginia.edu/cs2110oh/?loc=&help=equals+method" "Mozilla/5.0 (Windows NT 10.0; WOW64) AppleWebKit/537.36 (KHTML, like Gecko) Chrome/46.0.2490.80 Safari/537.36"
172.25.43.109 - ldk7zf [01/Nov/2015:14:15:09 -0500] "GET /cs2110oh/queue_count.php HTTP/1.1" 200 482 "https://stardock.cs.virginia.edu/cs2110oh/" "Mozilla/5.0 (Macintosh; Intel Mac OS X 10_10_5) AppleWebKit/537.36 (KHTML, like Gecko) Chrome/43.0.2357.130 Safari/537.36"
172.25.43.109 - ldk7zf [01/Nov/2015:14:15:09 -0500] "GET /cs2110oh/index.php HTTP/1.1" 200 2082 "https://stardock.cs.virginia.edu/cs2110oh/" "Mozilla/5.0 (Macintosh; Intel Mac OS X 10_10_5) AppleWebKit/537.36 (KHTML, like Gecko) Chrome/43.0.2357.130 Safari/537.36"
172.26.5.246 - - [01/Nov/2015:14:15:11 -0500] "GET / HTTP/1.1" 200 7262 "-" "Mozilla/5.0 (Macintosh; Intel Mac OS X 10_10_4) AppleWebKit/600.7.12 (KHTML, like Gecko) Version/8.0.7 Safari/600.7.12"
172.26.5.246 - - [01/Nov/2015:14:15:11 -0500] "GET /stylesheets/screen.css HTTP/1.1" 200 14105 "https://cs1110.cs.virginia.edu/" "Mozilla/5.0 (Macintosh; Intel Mac OS X 10_10_4) AppleWebKit/600.7.12 (KHTML, like Gecko) Version/8.0.7 Safari/600.7.12"
172.26.5.246 - - [01/Nov/2015:14:15:11 -0500] "GET /javascripts/octopress.js HTTP/1.1" 200 1200 "https://cs1110.cs.virginia.edu/" "Mozilla/5.0 (Macintosh; Intel Mac OS X 10_10_4) AppleWebKit/600.7.12 (KHTML, like Gecko) Version/8.0.7 Safari/600.7.12"
172.26.5.246 - - [01/Nov/2015:14:15:11 -0500] "GET /images/matrix.png HTTP/1.1" 200 634 "https://cs1110.cs.virginia.edu/" "Mozilla/5.0 (Macintosh; Intel Mac OS X 10_10_4) AppleWebKit/600.7.12 (KHTML, like Gecko) Version/8.0.7 Safari/600.7.12"
172.26.5.246 - - [01/Nov/2015:14:15:11 -0500] "GET /s15/images/rotunda.jpg HTTP/1.1" 200 272330 "https://cs1110.cs.virginia.edu/" "Mozilla/5.0 (Macintosh; Intel Mac OS X 10_10_4) AppleWebKit/600.7.12 (KHTML, like Gecko) Version/8.0.7 Safari/600.7.12"
172.26.5.246 - - [01/Nov/2015:14:15:11 -0500] "GET /font/fontawesome-webfont.woff?v=3.2.1 HTTP/1.1" 200 44260 "https://cs1110.cs.virginia.edu/" "Mozilla/5.0 (Macintosh; Intel Mac OS X 10_10_4) AppleWebKit/600.7.12 (KHTML, like Gecko) Version/8.0.7 Safari/600.7.12"
172.26.5.246 - - [01/Nov/2015:14:15:11 -0500] "GET /favicon.png HTTP/1.1" 200 858 "https://cs1110.cs.virginia.edu/" "Mozilla/5.0 (Macintosh; Intel Mac OS X 10_10_4) AppleWebKit/600.7.12 (KHTML, like Gecko) Version/8.0.7 Safari/600.7.12"
172.26.5.246 - - [01/Nov/2015:14:15:11 -0500] "GET /apple-touch-icon-precomposed.png HTTP/1.1" 404 5044 "-" "Safari/10600.7.12 CFNetwork/720.4.4 Darwin/14.4.0 (x86_64)"
172.26.5.246 - - [01/Nov/2015:14:15:11 -0500] "GET /apple-touch-icon.png HTTP/1.1" 404 650 "-" "Safari/10600.7.12 CFNetwork/720.4.4 Darwin/14.4.0 (x86_64)"
172.26.5.246 - - [01/Nov/2015:14:15:12 -0500] "GET / HTTP/1.1" 200 7262 "-" "Mozilla/5.0 (Macintosh; Intel Mac OS X 10_10_4) AppleWebKit/600.7.12 (KHTML, like Gecko) Version/8.0.7 Safari/600.7.12"
172.26.5.246 - - [01/Nov/2015:14:15:12 -0500] "GET /favicon.png HTTP/1.1" 200 858 "https://cs1110.cs.virginia.edu/" "Mozilla/5.0 (Macintosh; Intel Mac OS X 10_10_4) AppleWebKit/600.7.12 (KHTML, like Gecko) Version/8.0.7 Safari/600.7.12"
172.26.5.246 - - [01/Nov/2015:14:15:12 -0500] "GET / HTTP/1.1" 200 2884 "-" "Mozilla/5.0 (iPhone; CPU iPhone OS 8_1 like Mac OS X) AppleWebKit/600.1.4 (KHTML, like Gecko) Version/8.0 Mobile/12B410 Safari/600.1.4"
172.26.5.246 - - [01/Nov/2015:14:15:12 -0500] "GET /apple-touch-icon-precomposed.png HTTP/1.1" 404 5044 "-" "com.apple.WebKit.WebContent/10600.7.12 CFNetwork/720.4.4 Darwin/14.4.0 (x86_64)"
172.26.5.246 - - [01/Nov/2015:14:15:12 -0500] "GET /apple-touch-icon.png HTTP/1.1" 404 650 "-" "com.apple.WebKit.WebContent/10600.7.12 CFNetwork/720.4.4 Darwin/14.4.0 (x86_64)"
172.26.5.246 - - [01/Nov/2015:14:15:14 -0500] "GET /hw.html HTTP/1.1" 200 5829 "https://cs1110.cs.virginia.edu/" "Mozilla/5.0 (Macintosh; Intel Mac OS X 10_10_4) AppleWebKit/600.7.12 (KHTML, like Gecko) Version/8.0.7 Safari/600.7.12"
172.26.5.246 - - [01/Nov/2015:14:15:14 -0500] "GET /images/noise.png?1408385458 HTTP/1.1" 200 18319 "https://cs1110.cs.virginia.edu/hw.html" "Mozilla/5.0 (Macintosh; Intel Mac OS X 10_10_4) AppleWebKit/600.7.12 (KHTML, like Gecko) Version/8.0.7 Safari/600.7.12"
172.25.208.179 - jy9vm [01/Nov/2015:14:15:19 -0500] "GET /cs2110oh/queue_count.php HTTP/1.1" 200 344 "https://stardock.cs.virginia.edu/cs2110oh/" "Mozilla/5.0 (Windows NT 6.3; WOW64) AppleWebKit/537.36 (KHTML, like Gecko) Chrome/46.0.2490.80 Safari/537.36"
172.25.208.249 - cwh7yq [01/Nov/2015:14:15:22 -0500] "GET /cs2110oh/queue_count.php HTTP/1.1" 200 344 "https://stardock.cs.virginia.edu/cs2110oh/" "Mozilla/5.0 (Windows NT 6.3; WOW64) AppleWebKit/537.36 (KHTML, like Gecko) Chrome/46.0.2490.80 Safari/537.36"
172.25.208.73 - mos6kv [01/Nov/2015:14:15:23 -0500] "GET /cs2110oh/index.php HTTP/1.1" 200 2105 "https://stardock.cs.virginia.edu/cs2110oh/?loc=P1&help=HW+4" "Mozilla/5.0 (Macintosh; Intel Mac OS X 10_9_5) AppleWebKit/537.36 (KHTML, like Gecko) Chrome/46.0.2490.71 Safari/537.36"
172.25.208.73 - mos6kv [01/Nov/2015:14:15:23 -0500] "GET /cs2110oh/queue_count.php HTTP/1.1" 200 482 "https://stardock.cs.virginia.edu/cs2110oh/?loc=P1&help=HW+4" "Mozilla/5.0 (Macintosh; Intel Mac OS X 10_9_5) AppleWebKit/537.36 (KHTML, like Gecko) Chrome/46.0.2490.71 Safari/537.36"
172.27.42.14 - kef6de [01/Nov/2015:14:15:23 -0500] "GET /cs2110oh/queue_count.php HTTP/1.1" 200 344 "https://stardock.cs.virginia.edu/cs2110oh/?loc=&help=equals+method" "Mozilla/5.0 (Windows NT 10.0; WOW64) AppleWebKit/537.36 (KHTML, like Gecko) Chrome/46.0.2490.80 Safari/537.36"
172.25.43.109 - ldk7zf [01/Nov/2015:14:15:25 -0500] "GET /cs2110oh/queue_count.php HTTP/1.1" 200 482 "https://stardock.cs.virginia.edu/cs2110oh/" "Mozilla/5.0 (Macintosh; Intel Mac OS X 10_10_5) AppleWebKit/537.36 (KHTML, like Gecko) Chrome/43.0.2357.130 Safari/537.36"
172.25.43.109 - ldk7zf [01/Nov/2015:14:15:25 -0500] "GET /cs2110oh/index.php HTTP/1.1" 200 2082 "https://stardock.cs.virginia.edu/cs2110oh/" "Mozilla/5.0 (Macintosh; Intel Mac OS X 10_10_5) AppleWebKit/537.36 (KHTML, like Gecko) Chrome/43.0.2357.130 Safari/537.36"
172.25.208.241 - - [01/Nov/2015:14:15:33 -0500] "GET /cs2110oh/ HTTP/1.1" 302 6420 "https://collab.itc.virginia.edu/portal/site/9b174758-6297-4f6b-868e-f035918e3a20/page/94cb1327-cb0e-4273-b61a-dd03a54bf08b" "Mozilla/5.0 (Windows NT 10.0; WOW64) AppleWebKit/537.36 (KHTML, like Gecko) Chrome/46.0.2490.80 Safari/537.36"
172.27.42.14 - kef6de [01/Nov/2015:14:15:33 -0500] "GET /cs2110oh/index.php HTTP/1.1" 200 1843 "https://stardock.cs.virginia.edu/cs2110oh/?loc=&help=equals+method" "Mozilla/5.0 (Windows NT 10.0; WOW64) AppleWebKit/537.36 (KHTML, like Gecko) Chrome/46.0.2490.80 Safari/537.36"
172.25.208.179 - jy9vm [01/Nov/2015:14:15:34 -0500] "GET /cs2110oh/queue_count.php HTTP/1.1" 200 344 "https://stardock.cs.virginia.edu/cs2110oh/" "Mozilla/5.0 (Windows NT 6.3; WOW64) AppleWebKit/537.36 (KHTML, like Gecko) Chrome/46.0.2490.80 Safari/537.36"
172.25.208.241 - - [01/Nov/2015:14:15:35 -0500] "POST /Shibboleth.sso/SAML2/POST HTTP/1.1" 302 879 "https://shibidp.its.virginia.edu/idp/profile/SAML2/Redirect/SSO" "Mozilla/5.0 (Windows NT 10.0; WOW64) AppleWebKit/537.36 (KHTML, like Gecko) Chrome/46.0.2490.80 Safari/537.36"
172.25.208.241 - tja6at [01/Nov/2015:14:15:35 -0500] "GET /cs2110oh/ HTTP/1.1" 200 2104 "https://shibidp.its.virginia.edu/idp/profile/SAML2/Redirect/SSO" "Mozilla/5.0 (Windows NT 10.0; WOW64) AppleWebKit/537.36 (KHTML, like Gecko) Chrome/46.0.2490.80 Safari/537.36"
172.25.208.241 - tja6at [01/Nov/2015:14:15:35 -0500] "GET /cs2110oh/css/style.css HTTP/1.1" 200 5407 "https://stardock.cs.virginia.edu/cs2110oh/" "Mozilla/5.0 (Windows NT 10.0; WOW64) AppleWebKit/537.36 (KHTML, like Gecko) Chrome/46.0.2490.80 Safari/537.36"
172.25.208.241 - tja6at [01/Nov/2015:14:15:35 -0500] "GET /cs2110oh/css/bootstrap-responsive.css HTTP/1.1" 200 4616 "https://stardock.cs.virginia.edu/cs2110oh/" "Mozilla/5.0 (Windows NT 10.0; WOW64) AppleWebKit/537.36 (KHTML, like Gecko) Chrome/46.0.2490.80 Safari/537.36"
172.25.208.241 - tja6at [01/Nov/2015:14:15:35 -0500] "GET /cs2110oh/css/bootstrap.css HTTP/1.1" 200 17688 "https://stardock.cs.virginia.edu/cs2110oh/" "Mozilla/5.0 (Windows NT 10.0; WOW64) AppleWebKit/537.36 (KHTML, like Gecko) Chrome/46.0.2490.80 Safari/537.36"
172.25.208.241 - tja6at [01/Nov/2015:14:15:35 -0500] "GET /cs2110oh/js/script.js HTTP/1.1" 200 1979 "https://stardock.cs.virginia.edu/cs2110oh/" "Mozilla/5.0 (Windows NT 10.0; WOW64) AppleWebKit/537.36 (KHTML, like Gecko) Chrome/46.0.2490.80 Safari/537.36"
172.25.208.241 - tja6at [01/Nov/2015:14:15:35 -0500] "GET /cs2110oh/js/bootstrap.min.js HTTP/1.1" 200 7424 "https://stardock.cs.virginia.edu/cs2110oh/" "Mozilla/5.0 (Windows NT 10.0; WOW64) AppleWebKit/537.36 (KHTML, like Gecko) Chrome/46.0.2490.80 Safari/537.36"
172.25.208.241 - tja6at [01/Nov/2015:14:15:35 -0500] "GET /cs2110oh/js/jquery-1.8.3.js HTTP/1.1" 200 34211 "https://stardock.cs.virginia.edu/cs2110oh/" "Mozilla/5.0 (Windows NT 10.0; WOW64) AppleWebKit/537.36 (KHTML, like Gecko) Chrome/46.0.2490.80 Safari/537.36"
172.25.208.249 - cwh7yq [01/Nov/2015:14:15:37 -0500] "GET /cs2110oh/queue_count.php HTTP/1.1" 200 344 "https://stardock.cs.virginia.edu/cs2110oh/" "Mozilla/5.0 (Windows NT 6.3; WOW64) AppleWebKit/537.36 (KHTML, like Gecko) Chrome/46.0.2490.80 Safari/537.36"
172.25.208.73 - mos6kv [01/Nov/2015:14:15:38 -0500] "GET /cs2110oh/queue_count.php HTTP/1.1" 200 344 "https://stardock.cs.virginia.edu/cs2110oh/?loc=P1&help=HW+4" "Mozilla/5.0 (Macintosh; Intel Mac OS X 10_9_5) AppleWebKit/537.36 (KHTML, like Gecko) Chrome/46.0.2490.71 Safari/537.36"
172.27.42.14 - kef6de [01/Nov/2015:14:15:38 -0500] "GET /cs2110oh/queue_count.php HTTP/1.1" 200 344 "https://stardock.cs.virginia.edu/cs2110oh/?loc=&help=equals+method" "Mozilla/5.0 (Windows NT 10.0; WOW64) AppleWebKit/537.36 (KHTML, like Gecko) Chrome/46.0.2490.80 Safari/537.36"
172.25.43.109 - ldk7zf [01/Nov/2015:14:15:41 -0500] "GET /cs2110oh/queue_count.php HTTP/1.1" 200 482 "https://stardock.cs.virginia.edu/cs2110oh/" "Mozilla/5.0 (Macintosh; Intel Mac OS X 10_10_5) AppleWebKit/537.36 (KHTML, like Gecko) Chrome/43.0.2357.130 Safari/537.36"
172.25.43.109 - ldk7zf [01/Nov/2015:14:15:41 -0500] "GET /cs2110oh/index.php HTTP/1.1" 200 2082 "https://stardock.cs.virginia.edu/cs2110oh/" "Mozilla/5.0 (Macintosh; Intel Mac OS X 10_10_5) AppleWebKit/537.36 (KHTML, like Gecko) Chrome/43.0.2357.130 Safari/537.36"
172.25.208.241 - tja6at [01/Nov/2015:14:15:48 -0500] "GET /cs2110oh/enqueue.php?loc=D2&help=Cs+2110+hw+4 HTTP/1.1" 200 643 "https://stardock.cs.virginia.edu/cs2110oh/" "Mozilla/5.0 (Windows NT 10.0; WOW64) AppleWebKit/537.36 (KHTML, like Gecko) Chrome/46.0.2490.80 Safari/537.36"
172.25.208.179 - jy9vm [01/Nov/2015:14:15:49 -0500] "GET /cs2110oh/queue_count.php HTTP/1.1" 200 344 "https://stardock.cs.virginia.edu/cs2110oh/" "Mozilla/5.0 (Windows NT 6.3; WOW64) AppleWebKit/537.36 (KHTML, like Gecko) Chrome/46.0.2490.80 Safari/537.36"
172.25.208.241 - tja6at [01/Nov/2015:14:15:51 -0500] "GET /cs2110oh/queue_count.php HTTP/1.1" 200 344 "https://stardock.cs.virginia.edu/cs2110oh/" "Mozilla/5.0 (Windows NT 10.0; WOW64) AppleWebKit/537.36 (KHTML, like Gecko) Chrome/46.0.2490.80 Safari/537.36"
172.25.208.249 - cwh7yq [01/Nov/2015:14:15:52 -0500] "GET /cs2110oh/index.php HTTP/1.1" 200 1837 "https://stardock.cs.virginia.edu/cs2110oh/" "Mozilla/5.0 (Windows NT 6.3; WOW64) AppleWebKit/537.36 (KHTML, like Gecko) Chrome/46.0.2490.80 Safari/537.36"
172.25.208.249 - cwh7yq [01/Nov/2015:14:15:52 -0500] "GET /cs2110oh/queue_count.php HTTP/1.1" 200 344 "https://stardock.cs.virginia.edu/cs2110oh/" "Mozilla/5.0 (Windows NT 6.3; WOW64) AppleWebKit/537.36 (KHTML, like Gecko) Chrome/46.0.2490.80 Safari/537.36"
172.25.208.73 - mos6kv [01/Nov/2015:14:15:53 -0500] "GET /cs2110oh/queue_count.php HTTP/1.1" 200 344 "https://stardock.cs.virginia.edu/cs2110oh/?loc=P1&help=HW+4" "Mozilla/5.0 (Macintosh; Intel Mac OS X 10_9_5) AppleWebKit/537.36 (KHTML, like Gecko) Chrome/46.0.2490.71 Safari/537.36"
172.27.42.14 - kef6de [01/Nov/2015:14:15:53 -0500] "GET /cs2110oh/queue_count.php HTTP/1.1" 200 344 "https://stardock.cs.virginia.edu/cs2110oh/?loc=&help=equals+method" "Mozilla/5.0 (Windows NT 10.0; WOW64) AppleWebKit/537.36 (KHTML, like Gecko) Chrome/46.0.2490.80 Safari/537.36"
172.25.43.109 - ldk7zf [01/Nov/2015:14:15:57 -0500] "GET /cs2110oh/index.php HTTP/1.1" 200 2120 "https://stardock.cs.virginia.edu/cs2110oh/" "Mozilla/5.0 (Macintosh; Intel Mac OS X 10_10_5) AppleWebKit/537.36 (KHTML, like Gecko) Chrome/43.0.2357.130 Safari/537.36"
172.25.43.109 - ldk7zf [01/Nov/2015:14:15:57 -0500] "GET /cs2110oh/queue_count.php HTTP/1.1" 200 482 "https://stardock.cs.virginia.edu/cs2110oh/" "Mozilla/5.0 (Macintosh; Intel Mac OS X 10_10_5) AppleWebKit/537.36 (KHTML, like Gecko) Chrome/43.0.2357.130 Safari/537.36"
172.25.43.12 - - [01/Nov/2015:14:16:00 -0500] "GET /cs2110oh/ HTTP/1.1" 302 6420 "https://collab.itc.virginia.edu/portal/site/9b174758-6297-4f6b-868e-f035918e3a20/page/94cb1327-cb0e-4273-b61a-dd03a54bf08b" "Mozilla/5.0 (Windows NT 6.1; WOW64; rv:41.0) Gecko/20100101 Firefox/41.0"
172.25.43.12 - - [01/Nov/2015:14:16:01 -0500] "POST /Shibboleth.sso/SAML2/POST HTTP/1.1" 302 879 "https://shibidp.its.virginia.edu/idp/profile/SAML2/Redirect/SSO" "Mozilla/5.0 (Windows NT 6.1; WOW64; rv:41.0) Gecko/20100101 Firefox/41.0"
172.25.43.12 - ejf5v [01/Nov/2015:14:16:01 -0500] "GET /cs2110oh/ HTTP/1.1" 200 2098 "https://shibidp.its.virginia.edu/idp/profile/SAML2/Redirect/SSO" "Mozilla/5.0 (Windows NT 6.1; WOW64; rv:41.0) Gecko/20100101 Firefox/41.0"
172.25.43.12 - ejf5v [01/Nov/2015:14:16:01 -0500] "GET /cs2110oh/css/bootstrap.css HTTP/1.1" 200 17688 "https://stardock.cs.virginia.edu/cs2110oh/" "Mozilla/5.0 (Windows NT 6.1; WOW64; rv:41.0) Gecko/20100101 Firefox/41.0"
172.25.43.12 - ejf5v [01/Nov/2015:14:16:01 -0500] "GET /cs2110oh/js/script.js HTTP/1.1" 200 1979 "https://stardock.cs.virginia.edu/cs2110oh/" "Mozilla/5.0 (Windows NT 6.1; WOW64; rv:41.0) Gecko/20100101 Firefox/41.0"
172.25.43.12 - ejf5v [01/Nov/2015:14:16:01 -0500] "GET /cs2110oh/css/bootstrap-responsive.css HTTP/1.1" 200 4754 "https://stardock.cs.virginia.edu/cs2110oh/" "Mozilla/5.0 (Windows NT 6.1; WOW64; rv:41.0) Gecko/20100101 Firefox/41.0"
172.25.43.12 - ejf5v [01/Nov/2015:14:16:01 -0500] "GET /cs2110oh/css/style.css HTTP/1.1" 200 1011 "https://stardock.cs.virginia.edu/cs2110oh/" "Mozilla/5.0 (Windows NT 6.1; WOW64; rv:41.0) Gecko/20100101 Firefox/41.0"
172.25.43.12 - ejf5v [01/Nov/2015:14:16:01 -0500] "GET /cs2110oh/js/bootstrap.min.js HTTP/1.1" 200 7424 "https://stardock.cs.virginia.edu/cs2110oh/" "Mozilla/5.0 (Windows NT 6.1; WOW64; rv:41.0) Gecko/20100101 Firefox/41.0"
172.25.43.12 - ejf5v [01/Nov/2015:14:16:01 -0500] "GET /cs2110oh/js/jquery-1.8.3.js HTTP/1.1" 200 34211 "https://stardock.cs.virginia.edu/cs2110oh/" "Mozilla/5.0 (Windows NT 6.1; WOW64; rv:41.0) Gecko/20100101 Firefox/41.0"
172.25.208.179 - jy9vm [01/Nov/2015:14:16:02 -0500] "GET /cs2110oh/index.php HTTP/1.1" 200 1840 "https://stardock.cs.virginia.edu/cs2110oh/" "Mozilla/5.0 (Windows NT 6.3; WOW64) AppleWebKit/537.36 (KHTML, like Gecko) Chrome/46.0.2490.80 Safari/537.36"
172.25.208.179 - jy9vm [01/Nov/2015:14:16:04 -0500] "GET /cs2110oh/queue_count.php HTTP/1.1" 200 344 "https://stardock.cs.virginia.edu/cs2110oh/" "Mozilla/5.0 (Windows NT 6.3; WOW64) AppleWebKit/537.36 (KHTML, like Gecko) Chrome/46.0.2490.80 Safari/537.36"
172.25.208.241 - tja6at [01/Nov/2015:14:16:05 -0500] "GET /cs2110oh/queue_count.php HTTP/1.1" 200 344 "https://stardock.cs.virginia.edu/cs2110oh/" "Mozilla/5.0 (Windows NT 10.0; WOW64) AppleWebKit/537.36 (KHTML, like Gecko) Chrome/46.0.2490.80 Safari/537.36"
172.25.208.249 - cwh7yq [01/Nov/2015:14:16:07 -0500] "GET /cs2110oh/queue_count.php HTTP/1.1" 200 344 "https://stardock.cs.virginia.edu/cs2110oh/" "Mozilla/5.0 (Windows NT 6.3; WOW64) AppleWebKit/537.36 (KHTML, like Gecko) Chrome/46.0.2490.80 Safari/537.36"
172.25.208.73 - mos6kv [01/Nov/2015:14:16:08 -0500] "GET /cs2110oh/queue_count.php HTTP/1.1" 200 344 "https://stardock.cs.virginia.edu/cs2110oh/?loc=P1&help=HW+4" "Mozilla/5.0 (Macintosh; Intel Mac OS X 10_9_5) AppleWebKit/537.36 (KHTML, like Gecko) Chrome/46.0.2490.71 Safari/537.36"
172.27.42.14 - kef6de [01/Nov/2015:14:16:08 -0500] "GET /cs2110oh/queue_count.php HTTP/1.1" 200 344 "https://stardock.cs.virginia.edu/cs2110oh/?loc=&help=equals+method" "Mozilla/5.0 (Windows NT 10.0; WOW64) AppleWebKit/537.36 (KHTML, like Gecko) Chrome/46.0.2490.80 Safari/537.36"
172.25.43.109 - ldk7zf [01/Nov/2015:14:16:13 -0500] "GET /cs2110oh/queue_count.php HTTP/1.1" 200 482 "https://stardock.cs.virginia.edu/cs2110oh/" "Mozilla/5.0 (Macintosh; Intel Mac OS X 10_10_5) AppleWebKit/537.36 (KHTML, like Gecko) Chrome/43.0.2357.130 Safari/537.36"
172.25.43.109 - ldk7zf [01/Nov/2015:14:16:13 -0500] "GET /cs2110oh/index.php HTTP/1.1" 200 2120 "https://stardock.cs.virginia.edu/cs2110oh/" "Mozilla/5.0 (Macintosh; Intel Mac OS X 10_10_5) AppleWebKit/537.36 (KHTML, like Gecko) Chrome/43.0.2357.130 Safari/537.36"
172.25.43.12 - ejf5v [01/Nov/2015:14:16:16 -0500] "GET /cs2110oh/queue_count.php HTTP/1.1" 200 482 "https://stardock.cs.virginia.edu/cs2110oh/" "Mozilla/5.0 (Windows NT 6.1; WOW64; rv:41.0) Gecko/20100101 Firefox/41.0"
::1 - - [01/Nov/2015:14:16:17 -0500] "OPTIONS * HTTP/1.0" 200 183 "-" "Apache/2.4.7 (Ubuntu) mod_auth_pgsql/2.0.3 PHP/5.5.9-1ubuntu4.12 OpenSSL/1.0.1f (internal dummy connection)"
172.25.208.179 - jy9vm [01/Nov/2015:14:16:20 -0500] "GET /cs2110oh/queue_count.php HTTP/1.1" 200 482 "https://stardock.cs.virginia.edu/cs2110oh/" "Mozilla/5.0 (Windows NT 6.3; WOW64) AppleWebKit/537.36 (KHTML, like Gecko) Chrome/46.0.2490.80 Safari/537.36"
172.25.208.241 - tja6at [01/Nov/2015:14:16:20 -0500] "GET /cs2110oh/queue_count.php HTTP/1.1" 200 344 "https://stardock.cs.virginia.edu/cs2110oh/" "Mozilla/5.0 (Windows NT 10.0; WOW64) AppleWebKit/537.36 (KHTML, like Gecko) Chrome/46.0.2490.80 Safari/537.36"
172.25.208.249 - cwh7yq [01/Nov/2015:14:16:22 -0500] "GET /cs2110oh/queue_count.php HTTP/1.1" 200 344 "https://stardock.cs.virginia.edu/cs2110oh/" "Mozilla/5.0 (Windows NT 6.3; WOW64) AppleWebKit/537.36 (KHTML, like Gecko) Chrome/46.0.2490.80 Safari/537.36"
172.25.208.73 - mos6kv [01/Nov/2015:14:16:23 -0500] "GET /cs2110oh/index.php HTTP/1.1" 200 2105 "https://stardock.cs.virginia.edu/cs2110oh/?loc=P1&help=HW+4" "Mozilla/5.0 (Macintosh; Intel Mac OS X 10_9_5) AppleWebKit/537.36 (KHTML, like Gecko) Chrome/46.0.2490.71 Safari/537.36"
172.25.208.73 - mos6kv [01/Nov/2015:14:16:23 -0500] "GET /cs2110oh/queue_count.php HTTP/1.1" 200 344 "https://stardock.cs.virginia.edu/cs2110oh/?loc=P1&help=HW+4" "Mozilla/5.0 (Macintosh; Intel Mac OS X 10_9_5) AppleWebKit/537.36 (KHTML, like Gecko) Chrome/46.0.2490.71 Safari/537.36"
172.27.42.14 - kef6de [01/Nov/2015:14:16:24 -0500] "GET /cs2110oh/queue_count.php HTTP/1.1" 200 4878 "https://stardock.cs.virginia.edu/cs2110oh/?loc=&help=equals+method" "Mozilla/5.0 (Windows NT 10.0; WOW64) AppleWebKit/537.36 (KHTML, like Gecko) Chrome/46.0.2490.80 Safari/537.36"
172.25.43.109 - ldk7zf [01/Nov/2015:14:16:29 -0500] "GET /cs2110oh/queue_count.php HTTP/1.1" 200 482 "https://stardock.cs.virginia.edu/cs2110oh/" "Mozilla/5.0 (Macintosh; Intel Mac OS X 10_10_5) AppleWebKit/537.36 (KHTML, like Gecko) Chrome/43.0.2357.130 Safari/537.36"
172.25.43.109 - ldk7zf [01/Nov/2015:14:16:29 -0500] "GET /cs2110oh/index.php HTTP/1.1" 200 2120 "https://stardock.cs.virginia.edu/cs2110oh/" "Mozilla/5.0 (Macintosh; Intel Mac OS X 10_10_5) AppleWebKit/537.36 (KHTML, like Gecko) Chrome/43.0.2357.130 Safari/537.36"
172.25.43.12 - ejf5v [01/Nov/2015:14:16:31 -0500] "GET /cs2110oh/queue_count.php HTTP/1.1" 200 344 "https://stardock.cs.virginia.edu/cs2110oh/" "Mozilla/5.0 (Windows NT 6.1; WOW64; rv:41.0) Gecko/20100101 Firefox/41.0"
172.27.42.14 - kef6de [01/Nov/2015:14:16:34 -0500] "GET /cs2110oh/index.php HTTP/1.1" 200 1843 "https://stardock.cs.virginia.edu/cs2110oh/?loc=&help=equals+method" "Mozilla/5.0 (Windows NT 10.0; WOW64) AppleWebKit/537.36 (KHTML, like Gecko) Chrome/46.0.2490.80 Safari/537.36"
172.25.208.241 - tja6at [01/Nov/2015:14:16:35 -0500] "GET /cs2110oh/index.php HTTP/1.1" 200 1842 "https://stardock.cs.virginia.edu/cs2110oh/" "Mozilla/5.0 (Windows NT 10.0; WOW64) AppleWebKit/537.36 (KHTML, like Gecko) Chrome/46.0.2490.80 Safari/537.36"
172.25.208.241 - tja6at [01/Nov/2015:14:16:35 -0500] "GET /cs2110oh/queue_count.php HTTP/1.1" 200 482 "https://stardock.cs.virginia.edu/cs2110oh/" "Mozilla/5.0 (Windows NT 10.0; WOW64) AppleWebKit/537.36 (KHTML, like Gecko) Chrome/46.0.2490.80 Safari/537.36"
172.25.208.179 - jy9vm [01/Nov/2015:14:16:35 -0500] "GET /cs2110oh/queue_count.php HTTP/1.1" 200 482 "https://stardock.cs.virginia.edu/cs2110oh/" "Mozilla/5.0 (Windows NT 6.3; WOW64) AppleWebKit/537.36 (KHTML, like Gecko) Chrome/46.0.2490.80 Safari/537.36"
172.25.208.249 - cwh7yq [01/Nov/2015:14:16:37 -0500] "GET /cs2110oh/queue_count.php HTTP/1.1" 200 344 "https://stardock.cs.virginia.edu/cs2110oh/" "Mozilla/5.0 (Windows NT 6.3; WOW64) AppleWebKit/537.36 (KHTML, like Gecko) Chrome/46.0.2490.80 Safari/537.36"
172.25.208.73 - mos6kv [01/Nov/2015:14:16:38 -0500] "GET /cs2110oh/queue_count.php HTTP/1.1" 200 344 "https://stardock.cs.virginia.edu/cs2110oh/?loc=P1&help=HW+4" "Mozilla/5.0 (Macintosh; Intel Mac OS X 10_9_5) AppleWebKit/537.36 (KHTML, like Gecko) Chrome/46.0.2490.71 Safari/537.36"
172.27.42.14 - kef6de [01/Nov/2015:14:16:38 -0500] "GET /cs2110oh/queue_count.php HTTP/1.1" 200 344 "https://stardock.cs.virginia.edu/cs2110oh/?loc=&help=equals+method" "Mozilla/5.0 (Windows NT 10.0; WOW64) AppleWebKit/537.36 (KHTML, like Gecko) Chrome/46.0.2490.80 Safari/537.36"
172.25.43.109 - ldk7zf [01/Nov/2015:14:16:45 -0500] "GET /cs2110oh/queue_count.php HTTP/1.1" 200 482 "https://stardock.cs.virginia.edu/cs2110oh/" "Mozilla/5.0 (Macintosh; Intel Mac OS X 10_10_5) AppleWebKit/537.36 (KHTML, like Gecko) Chrome/43.0.2357.130 Safari/537.36"
172.25.43.109 - ldk7zf [01/Nov/2015:14:16:45 -0500] "GET /cs2110oh/index.php HTTP/1.1" 200 2120 "https://stardock.cs.virginia.edu/cs2110oh/" "Mozilla/5.0 (Macintosh; Intel Mac OS X 10_10_5) AppleWebKit/537.36 (KHTML, like Gecko) Chrome/43.0.2357.130 Safari/537.36"
172.25.43.12 - ejf5v [01/Nov/2015:14:16:46 -0500] "GET /cs2110oh/queue_count.php HTTP/1.1" 200 344 "https://stardock.cs.virginia.edu/cs2110oh/" "Mozilla/5.0 (Windows NT 6.1; WOW64; rv:41.0) Gecko/20100101 Firefox/41.0"
172.25.208.241 - tja6at [01/Nov/2015:14:16:50 -0500] "GET /cs2110oh/queue_count.php HTTP/1.1" 200 344 "https://stardock.cs.virginia.edu/cs2110oh/" "Mozilla/5.0 (Windows NT 10.0; WOW64) AppleWebKit/537.36 (KHTML, like Gecko) Chrome/46.0.2490.80 Safari/537.36"
172.25.208.179 - jy9vm [01/Nov/2015:14:16:50 -0500] "GET /cs2110oh/queue_count.php HTTP/1.1" 200 344 "https://stardock.cs.virginia.edu/cs2110oh/" "Mozilla/5.0 (Windows NT 6.3; WOW64) AppleWebKit/537.36 (KHTML, like Gecko) Chrome/46.0.2490.80 Safari/537.36"
172.25.43.12 - ejf5v [01/Nov/2015:14:16:52 -0500] "GET /cs2110oh/enqueue.php?loc=B7&help=HW1+step+1 HTTP/1.1" 200 641 "https://stardock.cs.virginia.edu/cs2110oh/" "Mozilla/5.0 (Windows NT 6.1; WOW64; rv:41.0) Gecko/20100101 Firefox/41.0"
172.25.208.249 - cwh7yq [01/Nov/2015:14:16:52 -0500] "GET /cs2110oh/index.php HTTP/1.1" 200 1837 "https://stardock.cs.virginia.edu/cs2110oh/" "Mozilla/5.0 (Windows NT 6.3; WOW64) AppleWebKit/537.36 (KHTML, like Gecko) Chrome/46.0.2490.80 Safari/537.36"
172.25.208.73 - mos6kv [01/Nov/2015:14:16:53 -0500] "GET /cs2110oh/queue_count.php HTTP/1.1" 200 344 "https://stardock.cs.virginia.edu/cs2110oh/?loc=P1&help=HW+4" "Mozilla/5.0 (Macintosh; Intel Mac OS X 10_9_5) AppleWebKit/537.36 (KHTML, like Gecko) Chrome/46.0.2490.71 Safari/537.36"
172.25.208.249 - cwh7yq [01/Nov/2015:14:16:53 -0500] "GET /cs2110oh/queue_count.php HTTP/1.1" 200 344 "https://stardock.cs.virginia.edu/cs2110oh/" "Mozilla/5.0 (Windows NT 6.3; WOW64) AppleWebKit/537.36 (KHTML, like Gecko) Chrome/46.0.2490.80 Safari/537.36"
172.27.42.14 - kef6de [01/Nov/2015:14:16:53 -0500] "GET /cs2110oh/queue_count.php HTTP/1.1" 200 344 "https://stardock.cs.virginia.edu/cs2110oh/?loc=&help=equals+method" "Mozilla/5.0 (Windows NT 10.0; WOW64) AppleWebKit/537.36 (KHTML, like Gecko) Chrome/46.0.2490.80 Safari/537.36"
172.25.43.12 - ejf5v [01/Nov/2015:14:17:01 -0500] "GET /cs2110oh/index.php HTTP/1.1" 200 1838 "https://stardock.cs.virginia.edu/cs2110oh/" "Mozilla/5.0 (Windows NT 6.1; WOW64; rv:41.0) Gecko/20100101 Firefox/41.0"
172.25.43.12 - ejf5v [01/Nov/2015:14:17:01 -0500] "GET /cs2110oh/queue_count.php HTTP/1.1" 200 482 "https://stardock.cs.virginia.edu/cs2110oh/" "Mozilla/5.0 (Windows NT 6.1; WOW64; rv:41.0) Gecko/20100101 Firefox/41.0"
172.25.43.109 - ldk7zf [01/Nov/2015:14:17:01 -0500] "GET /cs2110oh/queue_count.php HTTP/1.1" 200 482 "https://stardock.cs.virginia.edu/cs2110oh/" "Mozilla/5.0 (Macintosh; Intel Mac OS X 10_10_5) AppleWebKit/537.36 (KHTML, like Gecko) Chrome/43.0.2357.130 Safari/537.36"
172.25.43.109 - ldk7zf [01/Nov/2015:14:17:01 -0500] "GET /cs2110oh/index.php HTTP/1.1" 200 2152 "https://stardock.cs.virginia.edu/cs2110oh/" "Mozilla/5.0 (Macintosh; Intel Mac OS X 10_10_5) AppleWebKit/537.36 (KHTML, like Gecko) Chrome/43.0.2357.130 Safari/537.36"
172.25.208.179 - jy9vm [01/Nov/2015:14:17:02 -0500] "GET /cs2110oh/index.php HTTP/1.1" 200 1840 "https://stardock.cs.virginia.edu/cs2110oh/" "Mozilla/5.0 (Windows NT 6.3; WOW64) AppleWebKit/537.36 (KHTML, like Gecko) Chrome/46.0.2490.80 Safari/537.36"
172.25.208.179 - jy9vm [01/Nov/2015:14:17:05 -0500] "GET /cs2110oh/queue_count.php HTTP/1.1" 200 344 "https://stardock.cs.virginia.edu/cs2110oh/" "Mozilla/5.0 (Windows NT 6.3; WOW64) AppleWebKit/537.36 (KHTML, like Gecko) Chrome/46.0.2490.80 Safari/537.36"
172.25.208.241 - tja6at [01/Nov/2015:14:17:06 -0500] "GET /cs2110oh/queue_count.php HTTP/1.1" 200 482 "https://stardock.cs.virginia.edu/cs2110oh/" "Mozilla/5.0 (Windows NT 10.0; WOW64) AppleWebKit/537.36 (KHTML, like Gecko) Chrome/46.0.2490.80 Safari/537.36"
172.25.208.249 - cwh7yq [01/Nov/2015:14:17:07 -0500] "GET /cs2110oh/queue_count.php HTTP/1.1" 200 344 "https://stardock.cs.virginia.edu/cs2110oh/" "Mozilla/5.0 (Windows NT 6.3; WOW64) AppleWebKit/537.36 (KHTML, like Gecko) Chrome/46.0.2490.80 Safari/537.36"
172.25.208.73 - mos6kv [01/Nov/2015:14:17:08 -0500] "GET /cs2110oh/queue_count.php HTTP/1.1" 200 344 "https://stardock.cs.virginia.edu/cs2110oh/?loc=P1&help=HW+4" "Mozilla/5.0 (Macintosh; Intel Mac OS X 10_9_5) AppleWebKit/537.36 (KHTML, like Gecko) Chrome/46.0.2490.71 Safari/537.36"
172.27.42.14 - kef6de [01/Nov/2015:14:17:08 -0500] "GET /cs2110oh/queue_count.php HTTP/1.1" 200 344 "https://stardock.cs.virginia.edu/cs2110oh/?loc=&help=equals+method" "Mozilla/5.0 (Windows NT 10.0; WOW64) AppleWebKit/537.36 (KHTML, like Gecko) Chrome/46.0.2490.80 Safari/537.36"
172.25.43.12 - ejf5v [01/Nov/2015:14:17:16 -0500] "GET /cs2110oh/queue_count.php HTTP/1.1" 200 344 "https://stardock.cs.virginia.edu/cs2110oh/" "Mozilla/5.0 (Windows NT 6.1; WOW64; rv:41.0) Gecko/20100101 Firefox/41.0"
172.25.43.109 - ldk7zf [01/Nov/2015:14:17:17 -0500] "GET /cs2110oh/queue_count.php HTTP/1.1" 200 4878 "https://stardock.cs.virginia.edu/cs2110oh/" "Mozilla/5.0 (Macintosh; Intel Mac OS X 10_10_5) AppleWebKit/537.36 (KHTML, like Gecko) Chrome/43.0.2357.130 Safari/537.36"
172.25.43.109 - ldk7zf [01/Nov/2015:14:17:17 -0500] "GET /cs2110oh/index.php HTTP/1.1" 200 6548 "https://stardock.cs.virginia.edu/cs2110oh/" "Mozilla/5.0 (Macintosh; Intel Mac OS X 10_10_5) AppleWebKit/537.36 (KHTML, like Gecko) Chrome/43.0.2357.130 Safari/537.36"
172.25.208.241 - tja6at [01/Nov/2015:14:17:20 -0500] "GET /cs2110oh/queue_count.php HTTP/1.1" 200 344 "https://stardock.cs.virginia.edu/cs2110oh/" "Mozilla/5.0 (Windows NT 10.0; WOW64) AppleWebKit/537.36 (KHTML, like Gecko) Chrome/46.0.2490.80 Safari/537.36"
172.25.208.179 - jy9vm [01/Nov/2015:14:17:20 -0500] "GET /cs2110oh/queue_count.php HTTP/1.1" 200 344 "https://stardock.cs.virginia.edu/cs2110oh/" "Mozilla/5.0 (Windows NT 6.3; WOW64) AppleWebKit/537.36 (KHTML, like Gecko) Chrome/46.0.2490.80 Safari/537.36"
172.25.208.249 - cwh7yq [01/Nov/2015:14:17:22 -0500] "GET /cs2110oh/queue_count.php HTTP/1.1" 200 344 "https://stardock.cs.virginia.edu/cs2110oh/" "Mozilla/5.0 (Windows NT 6.3; WOW64) AppleWebKit/537.36 (KHTML, like Gecko) Chrome/46.0.2490.80 Safari/537.36"
172.25.208.73 - mos6kv [01/Nov/2015:14:17:23 -0500] "GET /cs2110oh/index.php HTTP/1.1" 200 2105 "https://stardock.cs.virginia.edu/cs2110oh/?loc=P1&help=HW+4" "Mozilla/5.0 (Macintosh; Intel Mac OS X 10_9_5) AppleWebKit/537.36 (KHTML, like Gecko) Chrome/46.0.2490.71 Safari/537.36"
172.25.208.73 - mos6kv [01/Nov/2015:14:17:23 -0500] "GET /cs2110oh/queue_count.php HTTP/1.1" 200 344 "https://stardock.cs.virginia.edu/cs2110oh/?loc=P1&help=HW+4" "Mozilla/5.0 (Macintosh; Intel Mac OS X 10_9_5) AppleWebKit/537.36 (KHTML, like Gecko) Chrome/46.0.2490.71 Safari/537.36"
172.27.42.14 - kef6de [01/Nov/2015:14:17:23 -0500] "GET /cs2110oh/queue_count.php HTTP/1.1" 200 344 "https://stardock.cs.virginia.edu/cs2110oh/?loc=&help=equals+method" "Mozilla/5.0 (Windows NT 10.0; WOW64) AppleWebKit/537.36 (KHTML, like Gecko) Chrome/46.0.2490.80 Safari/537.36"
172.25.43.12 - ejf5v [01/Nov/2015:14:17:31 -0500] "GET /cs2110oh/queue_count.php HTTP/1.1" 200 344 "https://stardock.cs.virginia.edu/cs2110oh/" "Mozilla/5.0 (Windows NT 6.1; WOW64; rv:41.0) Gecko/20100101 Firefox/41.0"
172.25.43.109 - ldk7zf [01/Nov/2015:14:17:33 -0500] "GET /cs2110oh/queue_count.php HTTP/1.1" 200 482 "https://stardock.cs.virginia.edu/cs2110oh/" "Mozilla/5.0 (Macintosh; Intel Mac OS X 10_10_5) AppleWebKit/537.36 (KHTML, like Gecko) Chrome/43.0.2357.130 Safari/537.36"
172.25.43.109 - ldk7zf [01/Nov/2015:14:17:33 -0500] "GET /cs2110oh/index.php HTTP/1.1" 200 2152 "https://stardock.cs.virginia.edu/cs2110oh/" "Mozilla/5.0 (Macintosh; Intel Mac OS X 10_10_5) AppleWebKit/537.36 (KHTML, like Gecko) Chrome/43.0.2357.130 Safari/537.36"
172.27.42.14 - kef6de [01/Nov/2015:14:17:33 -0500] "GET /cs2110oh/index.php HTTP/1.1" 200 1843 "https://stardock.cs.virginia.edu/cs2110oh/?loc=&help=equals+method" "Mozilla/5.0 (Windows NT 10.0; WOW64) AppleWebKit/537.36 (KHTML, like Gecko) Chrome/46.0.2490.80 Safari/537.36"
172.25.208.241 - tja6at [01/Nov/2015:14:17:35 -0500] "GET /cs2110oh/index.php HTTP/1.1" 200 1842 "https://stardock.cs.virginia.edu/cs2110oh/" "Mozilla/5.0 (Windows NT 10.0; WOW64) AppleWebKit/537.36 (KHTML, like Gecko) Chrome/46.0.2490.80 Safari/537.36"
172.25.208.241 - tja6at [01/Nov/2015:14:17:35 -0500] "GET /cs2110oh/queue_count.php HTTP/1.1" 200 482 "https://stardock.cs.virginia.edu/cs2110oh/" "Mozilla/5.0 (Windows NT 10.0; WOW64) AppleWebKit/537.36 (KHTML, like Gecko) Chrome/46.0.2490.80 Safari/537.36"
172.25.208.179 - jy9vm [01/Nov/2015:14:17:35 -0500] "GET /cs2110oh/queue_count.php HTTP/1.1" 200 344 "https://stardock.cs.virginia.edu/cs2110oh/" "Mozilla/5.0 (Windows NT 6.3; WOW64) AppleWebKit/537.36 (KHTML, like Gecko) Chrome/46.0.2490.80 Safari/537.36"
172.25.208.249 - cwh7yq [01/Nov/2015:14:17:37 -0500] "GET /cs2110oh/queue_count.php HTTP/1.1" 200 344 "https://stardock.cs.virginia.edu/cs2110oh/" "Mozilla/5.0 (Windows NT 6.3; WOW64) AppleWebKit/537.36 (KHTML, like Gecko) Chrome/46.0.2490.80 Safari/537.36"
172.25.208.73 - mos6kv [01/Nov/2015:14:17:38 -0500] "GET /cs2110oh/queue_count.php HTTP/1.1" 200 344 "https://stardock.cs.virginia.edu/cs2110oh/?loc=P1&help=HW+4" "Mozilla/5.0 (Macintosh; Intel Mac OS X 10_9_5) AppleWebKit/537.36 (KHTML, like Gecko) Chrome/46.0.2490.71 Safari/537.36"
172.27.42.14 - kef6de [01/Nov/2015:14:17:38 -0500] "GET /cs2110oh/queue_count.php HTTP/1.1" 200 344 "https://stardock.cs.virginia.edu/cs2110oh/?loc=&help=equals+method" "Mozilla/5.0 (Windows NT 10.0; WOW64) AppleWebKit/537.36 (KHTML, like Gecko) Chrome/46.0.2490.80 Safari/537.36"
172.25.43.12 - ejf5v [01/Nov/2015:14:17:46 -0500] "GET /cs2110oh/queue_count.php HTTP/1.1" 200 344 "https://stardock.cs.virginia.edu/cs2110oh/" "Mozilla/5.0 (Windows NT 6.1; WOW64; rv:41.0) Gecko/20100101 Firefox/41.0"
172.25.43.109 - ldk7zf [01/Nov/2015:14:17:49 -0500] "GET /cs2110oh/queue_count.php HTTP/1.1" 200 482 "https://stardock.cs.virginia.edu/cs2110oh/" "Mozilla/5.0 (Macintosh; Intel Mac OS X 10_10_5) AppleWebKit/537.36 (KHTML, like Gecko) Chrome/43.0.2357.130 Safari/537.36"
172.25.43.109 - ldk7zf [01/Nov/2015:14:17:49 -0500] "GET /cs2110oh/index.php HTTP/1.1" 200 2152 "https://stardock.cs.virginia.edu/cs2110oh/" "Mozilla/5.0 (Macintosh; Intel Mac OS X 10_10_5) AppleWebKit/537.36 (KHTML, like Gecko) Chrome/43.0.2357.130 Safari/537.36"
172.25.208.179 - jy9vm [01/Nov/2015:14:17:50 -0500] "GET /cs2110oh/queue_count.php HTTP/1.1" 200 344 "https://stardock.cs.virginia.edu/cs2110oh/" "Mozilla/5.0 (Windows NT 6.3; WOW64) AppleWebKit/537.36 (KHTML, like Gecko) Chrome/46.0.2490.80 Safari/537.36"
172.25.208.237 - - [01/Nov/2015:14:17:51 -0500] "GET /cs2110oh/ HTTP/1.1" 302 6390 "https://collab.itc.virginia.edu/portal/site/9b174758-6297-4f6b-868e-f035918e3a20/page/94cb1327-cb0e-4273-b61a-dd03a54bf08b" "Mozilla/5.0 (Macintosh; Intel Mac OS X 10_11) AppleWebKit/601.1.56 (KHTML, like Gecko) Version/9.0 Safari/601.1.56"
172.25.208.241 - tja6at [01/Nov/2015:14:17:51 -0500] "GET /cs2110oh/queue_count.php HTTP/1.1" 200 482 "https://stardock.cs.virginia.edu/cs2110oh/" "Mozilla/5.0 (Windows NT 10.0; WOW64) AppleWebKit/537.36 (KHTML, like Gecko) Chrome/46.0.2490.80 Safari/537.36"
172.25.208.237 - - [01/Nov/2015:14:17:52 -0500] "POST /Shibboleth.sso/SAML2/POST HTTP/1.1" 302 879 "https://shibidp.its.virginia.edu/idp/profile/SAML2/Redirect/SSO" "Mozilla/5.0 (Macintosh; Intel Mac OS X 10_11) AppleWebKit/601.1.56 (KHTML, like Gecko) Version/9.0 Safari/601.1.56"
172.25.208.237 - ss4nn [01/Nov/2015:14:17:52 -0500] "GET /cs2110oh/ HTTP/1.1" 200 2104 "https://shibidp.its.virginia.edu/idp/profile/SAML2/Redirect/SSO" "Mozilla/5.0 (Macintosh; Intel Mac OS X 10_11) AppleWebKit/601.1.56 (KHTML, like Gecko) Version/9.0 Safari/601.1.56"
172.25.208.237 - ss4nn [01/Nov/2015:14:17:52 -0500] "GET /cs2110oh/css/bootstrap.css HTTP/1.1" 200 17688 "https://stardock.cs.virginia.edu/cs2110oh/" "Mozilla/5.0 (Macintosh; Intel Mac OS X 10_11) AppleWebKit/601.1.56 (KHTML, like Gecko) Version/9.0 Safari/601.1.56"
172.25.208.237 - ss4nn [01/Nov/2015:14:17:52 -0500] "GET /cs2110oh/css/bootstrap-responsive.css HTTP/1.1" 200 4754 "https://stardock.cs.virginia.edu/cs2110oh/" "Mozilla/5.0 (Macintosh; Intel Mac OS X 10_11) AppleWebKit/601.1.56 (KHTML, like Gecko) Version/9.0 Safari/601.1.56"
172.25.208.237 - ss4nn [01/Nov/2015:14:17:52 -0500] "GET /cs2110oh/css/style.css HTTP/1.1" 200 1011 "https://stardock.cs.virginia.edu/cs2110oh/" "Mozilla/5.0 (Macintosh; Intel Mac OS X 10_11) AppleWebKit/601.1.56 (KHTML, like Gecko) Version/9.0 Safari/601.1.56"
172.25.208.237 - ss4nn [01/Nov/2015:14:17:52 -0500] "GET /cs2110oh/js/bootstrap.min.js HTTP/1.1" 200 7424 "https://stardock.cs.virginia.edu/cs2110oh/" "Mozilla/5.0 (Macintosh; Intel Mac OS X 10_11) AppleWebKit/601.1.56 (KHTML, like Gecko) Version/9.0 Safari/601.1.56"
172.25.208.249 - cwh7yq [01/Nov/2015:14:17:52 -0500] "GET /cs2110oh/index.php HTTP/1.1" 200 1837 "https://stardock.cs.virginia.edu/cs2110oh/" "Mozilla/5.0 (Windows NT 6.3; WOW64) AppleWebKit/537.36 (KHTML, like Gecko) Chrome/46.0.2490.80 Safari/537.36"
172.25.208.249 - cwh7yq [01/Nov/2015:14:17:52 -0500] "GET /cs2110oh/queue_count.php HTTP/1.1" 200 344 "https://stardock.cs.virginia.edu/cs2110oh/" "Mozilla/5.0 (Windows NT 6.3; WOW64) AppleWebKit/537.36 (KHTML, like Gecko) Chrome/46.0.2490.80 Safari/537.36"
172.25.208.73 - mos6kv [01/Nov/2015:14:17:53 -0500] "GET /cs2110oh/queue_count.php HTTP/1.1" 200 344 "https://stardock.cs.virginia.edu/cs2110oh/?loc=P1&help=HW+4" "Mozilla/5.0 (Macintosh; Intel Mac OS X 10_9_5) AppleWebKit/537.36 (KHTML, like Gecko) Chrome/46.0.2490.71 Safari/537.36"
172.27.42.14 - kef6de [01/Nov/2015:14:17:53 -0500] "GET /cs2110oh/queue_count.php HTTP/1.1" 200 344 "https://stardock.cs.virginia.edu/cs2110oh/?loc=&help=equals+method" "Mozilla/5.0 (Windows NT 10.0; WOW64) AppleWebKit/537.36 (KHTML, like Gecko) Chrome/46.0.2490.80 Safari/537.36"
172.25.43.12 - ejf5v [01/Nov/2015:14:18:01 -0500] "GET /cs2110oh/queue_count.php HTTP/1.1" 200 344 "https://stardock.cs.virginia.edu/cs2110oh/" "Mozilla/5.0 (Windows NT 6.1; WOW64; rv:41.0) Gecko/20100101 Firefox/41.0"
172.25.43.12 - ejf5v [01/Nov/2015:14:18:01 -0500] "GET /cs2110oh/index.php HTTP/1.1" 200 1976 "https://stardock.cs.virginia.edu/cs2110oh/" "Mozilla/5.0 (Windows NT 6.1; WOW64; rv:41.0) Gecko/20100101 Firefox/41.0"
172.25.208.179 - jy9vm [01/Nov/2015:14:18:02 -0500] "GET /cs2110oh/index.php HTTP/1.1" 200 1840 "https://stardock.cs.virginia.edu/cs2110oh/" "Mozilla/5.0 (Windows NT 6.3; WOW64) AppleWebKit/537.36 (KHTML, like Gecko) Chrome/46.0.2490.80 Safari/537.36"
172.25.203.158 - - [01/Nov/2015:14:18:05 -0500] "GET / HTTP/1.1" 200 7123 "-" "Mozilla/5.0 (Macintosh; Intel Mac OS X 10_10_5) AppleWebKit/537.36 (KHTML, like Gecko) Chrome/46.0.2490.80 Safari/537.36"
172.25.203.158 - - [01/Nov/2015:14:18:05 -0500] "GET /javascripts/octopress.js HTTP/1.1" 200 5380 "https://cs4720.cs.virginia.edu/" "Mozilla/5.0 (Macintosh; Intel Mac OS X 10_10_5) AppleWebKit/537.36 (KHTML, like Gecko) Chrome/46.0.2490.80 Safari/537.36"
172.25.203.158 - - [01/Nov/2015:14:18:05 -0500] "GET /stylesheets/screen.css HTTP/1.1" 200 13860 "https://cs4720.cs.virginia.edu/" "Mozilla/5.0 (Macintosh; Intel Mac OS X 10_10_5) AppleWebKit/537.36 (KHTML, like Gecko) Chrome/46.0.2490.80 Safari/537.36"
172.25.203.158 - - [01/Nov/2015:14:18:05 -0500] "GET /images/code.png HTTP/1.1" 304 268 "https://cs4720.cs.virginia.edu/" "Mozilla/5.0 (Macintosh; Intel Mac OS X 10_10_5) AppleWebKit/537.36 (KHTML, like Gecko) Chrome/46.0.2490.80 Safari/537.36"
172.25.203.158 - - [01/Nov/2015:14:18:05 -0500] "GET /images/matrix.png HTTP/1.1" 304 266 "https://cs4720.cs.virginia.edu/stylesheets/screen.css" "Mozilla/5.0 (Macintosh; Intel Mac OS X 10_10_5) AppleWebKit/537.36 (KHTML, like Gecko) Chrome/46.0.2490.80 Safari/537.36"
