172.26.52.72 - - [01/Nov/2015:12:43:17 -0500] "GET /podcasts/2015-10-14-1110.m4a HTTP/1.1" 304 271 "https://cs1110.cs.virginia.edu/lecture/" "Mozilla/5.0 (Windows NT 6.1; WOW64) AppleWebKit/537.36 (KHTML, like Gecko) Chrome/46.0.2490.80 Safari/537.36"
172.26.52.72 - - [01/Nov/2015:12:43:17 -0500] "GET /podcasts/2015-10-12-1110.m4a HTTP/1.1" 304 271 "https://cs1110.cs.virginia.edu/lecture/" "Mozilla/5.0 (Windows NT 6.1; WOW64) AppleWebKit/537.36 (KHTML, like Gecko) Chrome/46.0.2490.80 Safari/537.36"
172.26.52.72 - - [01/Nov/2015:12:43:17 -0500] "GET /podcasts/2015-10-26-1110.m4a HTTP/1.1" 206 581 "https://cs1110.cs.virginia.edu/lecture/" "Mozilla/5.0 (Windows NT 6.1; WOW64) AppleWebKit/537.36 (KHTML, like Gecko) Chrome/46.0.2490.80 Safari/537.36"
172.26.52.72 - - [01/Nov/2015:12:43:17 -0500] "GET /podcasts/2015-10-21-1110.m4a HTTP/1.1" 206 1172 "https://cs1110.cs.virginia.edu/lecture/" "Mozilla/5.0 (Windows NT 6.1; WOW64) AppleWebKit/537.36 (KHTML, like Gecko) Chrome/46.0.2490.80 Safari/537.36"
172.26.52.72 - - [01/Nov/2015:12:43:17 -0500] "GET /podcasts/2015-10-23-1110.m4a HTTP/1.1" 206 1070 "https://cs1110.cs.virginia.edu/lecture/" "Mozilla/5.0 (Windows NT 6.1; WOW64) AppleWebKit/537.36 (KHTML, like Gecko) Chrome/46.0.2490.80 Safari/537.36"
172.26.52.72 - - [01/Nov/2015:12:43:17 -0500] "GET /podcasts/2015-10-28-1110.m4a HTTP/1.1" 206 180331 "https://cs1110.cs.virginia.edu/lecture/" "Mozilla/5.0 (Windows NT 6.1; WOW64) AppleWebKit/537.36 (KHTML, like Gecko) Chrome/46.0.2490.80 Safari/537.36"
172.26.52.72 - - [01/Nov/2015:12:43:17 -0500] "GET /podcasts/2015-10-16-1110.m4a HTTP/1.1" 206 807 "https://cs1110.cs.virginia.edu/lecture/" "Mozilla/5.0 (Windows NT 6.1; WOW64) AppleWebKit/537.36 (KHTML, like Gecko) Chrome/46.0.2490.80 Safari/537.36"
172.26.52.72 - - [01/Nov/2015:12:43:17 -0500] "GET /podcasts/2015-10-30-1110.m4a HTTP/1.1" 206 378331 "https://cs1110.cs.virginia.edu/lecture/" "Mozilla/5.0 (Windows NT 6.1; WOW64) AppleWebKit/537.36 (KHTML, like Gecko) Chrome/46.0.2490.80 Safari/537.36"
172.26.52.72 - - [01/Nov/2015:12:43:17 -0500] "GET /podcasts/2015-10-26-1110.m4a HTTP/1.1" 206 1019 "https://cs1110.cs.virginia.edu/lecture/" "Mozilla/5.0 (Windows NT 6.1; WOW64) AppleWebKit/537.36 (KHTML, like Gecko) Chrome/46.0.2490.80 Safari/537.36"
172.26.52.72 - - [01/Nov/2015:12:43:17 -0500] "GET /podcasts/2015-10-14-1110.m4a HTTP/1.1" 206 540 "https://cs1110.cs.virginia.edu/lecture/" "Mozilla/5.0 (Windows NT 6.1; WOW64) AppleWebKit/537.36 (KHTML, like Gecko) Chrome/46.0.2490.80 Safari/537.36"
172.26.52.72 - - [01/Nov/2015:12:43:17 -0500] "GET /podcasts/2015-10-12-1110.m4a HTTP/1.1" 206 712 "https://cs1110.cs.virginia.edu/lecture/" "Mozilla/5.0 (Windows NT 6.1; WOW64) AppleWebKit/537.36 (KHTML, like Gecko) Chrome/46.0.2490.80 Safari/537.36"
172.26.52.72 - - [01/Nov/2015:12:43:18 -0500] "GET /podcasts/2015-10-16-1110.m4a HTTP/1.1" 206 943 "https://cs1110.cs.virginia.edu/lecture/" "Mozilla/5.0 (Windows NT 6.1; WOW64) AppleWebKit/537.36 (KHTML, like Gecko) Chrome/46.0.2490.80 Safari/537.36"
172.26.52.72 - - [01/Nov/2015:12:43:18 -0500] "GET /podcasts/2015-10-14-1110.m4a HTTP/1.1" 206 1486 "https://cs1110.cs.virginia.edu/lecture/" "Mozilla/5.0 (Windows NT 6.1; WOW64) AppleWebKit/537.36 (KHTML, like Gecko) Chrome/46.0.2490.80 Safari/537.36"
172.26.52.72 - - [01/Nov/2015:12:43:17 -0500] "GET /podcasts/2015-10-28-1110.m4a HTTP/1.1" 206 454456 "https://cs1110.cs.virginia.edu/lecture/" "Mozilla/5.0 (Windows NT 6.1; WOW64) AppleWebKit/537.36 (KHTML, like Gecko) Chrome/46.0.2490.80 Safari/537.36"
172.26.52.72 - - [01/Nov/2015:12:43:18 -0500] "GET /favicon.png HTTP/1.1" 200 767 "https://cs1110.cs.virginia.edu/lecture/" "Mozilla/5.0 (Windows NT 6.1; WOW64) AppleWebKit/537.36 (KHTML, like Gecko) Chrome/46.0.2490.80 Safari/537.36"
71.62.12.171 - - [01/Nov/2015:12:43:24 -0500] "GET / HTTP/1.1" 200 7212 "https://collab.itc.virginia.edu/portal/site/9a30681e-a407-43a0-9b0c-76d1ab3eb8bd" "Mozilla/5.0 (Windows NT 6.1; WOW64) AppleWebKit/537.36 (KHTML, like Gecko) Chrome/46.0.2490.80 Safari/537.36"
71.62.12.171 - - [01/Nov/2015:12:43:26 -0500] "GET /stylesheets/screen.css HTTP/1.1" 200 13860 "https://cs1110.cs.virginia.edu/" "Mozilla/5.0 (Windows NT 6.1; WOW64) AppleWebKit/537.36 (KHTML, like Gecko) Chrome/46.0.2490.80 Safari/537.36"
71.62.12.171 - - [01/Nov/2015:12:43:26 -0500] "GET /javascripts/octopress.js HTTP/1.1" 200 5380 "https://cs1110.cs.virginia.edu/" "Mozilla/5.0 (Windows NT 6.1; WOW64) AppleWebKit/537.36 (KHTML, like Gecko) Chrome/46.0.2490.80 Safari/537.36"
71.62.12.171 - - [01/Nov/2015:12:43:27 -0500] "GET /images/matrix.png HTTP/1.1" 200 541 "https://cs1110.cs.virginia.edu/stylesheets/screen.css" "Mozilla/5.0 (Windows NT 6.1; WOW64) AppleWebKit/537.36 (KHTML, like Gecko) Chrome/46.0.2490.80 Safari/537.36"
71.62.12.171 - - [01/Nov/2015:12:43:27 -0500] "GET /font/fontawesome-webfont.woff?v=3.2.1 HTTP/1.1" 200 44047 "https://cs1110.cs.virginia.edu/stylesheets/screen.css" "Mozilla/5.0 (Windows NT 6.1; WOW64) AppleWebKit/537.36 (KHTML, like Gecko) Chrome/46.0.2490.80 Safari/537.36"
71.62.12.171 - - [01/Nov/2015:12:43:27 -0500] "GET /s15/images/rotunda.jpg HTTP/1.1" 200 271342 "https://cs1110.cs.virginia.edu/" "Mozilla/5.0 (Windows NT 6.1; WOW64) AppleWebKit/537.36 (KHTML, like Gecko) Chrome/46.0.2490.80 Safari/537.36"
71.62.12.171 - - [01/Nov/2015:12:43:29 -0500] "GET /hw.html HTTP/1.1" 200 5447 "https://cs1110.cs.virginia.edu/" "Mozilla/5.0 (Windows NT 6.1; WOW64) AppleWebKit/537.36 (KHTML, like Gecko) Chrome/46.0.2490.80 Safari/537.36"
71.62.12.171 - - [01/Nov/2015:12:43:30 -0500] "GET /images/noise.png?1408385458 HTTP/1.1" 200 18174 "https://cs1110.cs.virginia.edu/stylesheets/screen.css" "Mozilla/5.0 (Windows NT 6.1; WOW64) AppleWebKit/537.36 (KHTML, like Gecko) Chrome/46.0.2490.80 Safari/537.36"
172.26.52.72 - - [01/Nov/2015:12:43:32 -0500] "GET /lecture/ HTTP/1.1" 200 12255 "https://cs1110.cs.virginia.edu/hw.html" "Mozilla/5.0 (Windows NT 6.1; WOW64) AppleWebKit/537.36 (KHTML, like Gecko) Chrome/46.0.2490.80 Safari/537.36"
172.26.52.72 - - [01/Nov/2015:12:43:18 -0500] "GET /podcasts/2015-10-30-1110.m4a HTTP/1.1" 206 2787467 "https://cs1110.cs.virginia.edu/lecture/" "Mozilla/5.0 (Windows NT 6.1; WOW64) AppleWebKit/537.36 (KHTML, like Gecko) Chrome/46.0.2490.80 Safari/537.36"
172.26.52.72 - - [01/Nov/2015:12:43:32 -0500] "GET /podcasts/2015-10-30-1110.m4a HTTP/1.1" 304 271 "https://cs1110.cs.virginia.edu/lecture/" "Mozilla/5.0 (Windows NT 6.1; WOW64) AppleWebKit/537.36 (KHTML, like Gecko) Chrome/46.0.2490.80 Safari/537.36"
172.26.52.72 - - [01/Nov/2015:12:43:32 -0500] "GET /stylesheets/screen.css HTTP/1.1" 200 13860 "https://cs1110.cs.virginia.edu/lecture/" "Mozilla/5.0 (Windows NT 6.1; WOW64) AppleWebKit/537.36 (KHTML, like Gecko) Chrome/46.0.2490.80 Safari/537.36"
172.26.52.72 - - [01/Nov/2015:12:43:32 -0500] "GET /javascripts/octopress.js HTTP/1.1" 200 862 "https://cs1110.cs.virginia.edu/lecture/" "Mozilla/5.0 (Windows NT 6.1; WOW64) AppleWebKit/537.36 (KHTML, like Gecko) Chrome/46.0.2490.80 Safari/537.36"
172.26.52.72 - - [01/Nov/2015:12:43:32 -0500] "GET /podcasts/2015-10-28-1110.m4a HTTP/1.1" 304 271 "https://cs1110.cs.virginia.edu/lecture/" "Mozilla/5.0 (Windows NT 6.1; WOW64) AppleWebKit/537.36 (KHTML, like Gecko) Chrome/46.0.2490.80 Safari/537.36"
172.26.52.72 - - [01/Nov/2015:12:43:32 -0500] "GET /podcasts/2015-10-23-1110.m4a HTTP/1.1" 304 271 "https://cs1110.cs.virginia.edu/lecture/" "Mozilla/5.0 (Windows NT 6.1; WOW64) AppleWebKit/537.36 (KHTML, like Gecko) Chrome/46.0.2490.80 Safari/537.36"
172.26.52.72 - - [01/Nov/2015:12:43:32 -0500] "GET /podcasts/2015-10-26-1110.m4a HTTP/1.1" 304 271 "https://cs1110.cs.virginia.edu/lecture/" "Mozilla/5.0 (Windows NT 6.1; WOW64) AppleWebKit/537.36 (KHTML, like Gecko) Chrome/46.0.2490.80 Safari/537.36"
172.26.52.72 - - [01/Nov/2015:12:43:32 -0500] "GET /podcasts/2015-10-21-1110.m4a HTTP/1.1" 304 409 "https://cs1110.cs.virginia.edu/lecture/" "Mozilla/5.0 (Windows NT 6.1; WOW64) AppleWebKit/537.36 (KHTML, like Gecko) Chrome/46.0.2490.80 Safari/537.36"
172.26.52.72 - - [01/Nov/2015:12:43:32 -0500] "GET /podcasts/2015-10-19-1110.m4a HTTP/1.1" 304 271 "https://cs1110.cs.virginia.edu/lecture/" "Mozilla/5.0 (Windows NT 6.1; WOW64) AppleWebKit/537.36 (KHTML, like Gecko) Chrome/46.0.2490.80 Safari/537.36"
172.26.52.72 - - [01/Nov/2015:12:43:32 -0500] "GET /podcasts/2015-10-16-1110.m4a HTTP/1.1" 304 271 "https://cs1110.cs.virginia.edu/lecture/" "Mozilla/5.0 (Windows NT 6.1; WOW64) AppleWebKit/537.36 (KHTML, like Gecko) Chrome/46.0.2490.80 Safari/537.36"
172.26.52.72 - - [01/Nov/2015:12:43:32 -0500] "GET /font/fontawesome-webfont.woff?v=3.2.1 HTTP/1.1" 304 268 "https://cs1110.cs.virginia.edu/lecture/" "Mozilla/5.0 (Windows NT 6.1; WOW64) AppleWebKit/537.36 (KHTML, like Gecko) Chrome/46.0.2490.80 Safari/537.36"
172.26.52.72 - - [01/Nov/2015:12:43:32 -0500] "GET /podcasts/2015-10-28-1110.m4a HTTP/1.1" 206 664047 "https://cs1110.cs.virginia.edu/lecture/" "Mozilla/5.0 (Windows NT 6.1; WOW64) AppleWebKit/537.36 (KHTML, like Gecko) Chrome/46.0.2490.80 Safari/537.36"
172.26.52.72 - - [01/Nov/2015:12:43:32 -0500] "GET /podcasts/2015-10-14-1110.m4a HTTP/1.1" 304 271 "https://cs1110.cs.virginia.edu/lecture/" "Mozilla/5.0 (Windows NT 6.1; WOW64) AppleWebKit/537.36 (KHTML, like Gecko) Chrome/46.0.2490.80 Safari/537.36"
172.26.52.72 - - [01/Nov/2015:12:43:32 -0500] "GET /podcasts/2015-10-12-1110.m4a HTTP/1.1" 304 271 "https://cs1110.cs.virginia.edu/lecture/" "Mozilla/5.0 (Windows NT 6.1; WOW64) AppleWebKit/537.36 (KHTML, like Gecko) Chrome/46.0.2490.80 Safari/537.36"
172.26.52.72 - - [01/Nov/2015:12:43:32 -0500] "GET /podcasts/2015-10-26-1110.m4a HTTP/1.1" 206 113652 "https://cs1110.cs.virginia.edu/lecture/" "Mozilla/5.0 (Windows NT 6.1; WOW64) AppleWebKit/537.36 (KHTML, like Gecko) Chrome/46.0.2490.80 Safari/537.36"
172.26.52.72 - - [01/Nov/2015:12:43:32 -0500] "GET /images/noise.png?1408385458 HTTP/1.1" 304 268 "https://cs1110.cs.virginia.edu/lecture/" "Mozilla/5.0 (Windows NT 6.1; WOW64) AppleWebKit/537.36 (KHTML, like Gecko) Chrome/46.0.2490.80 Safari/537.36"
172.26.52.72 - - [01/Nov/2015:12:43:32 -0500] "GET /podcasts/2015-10-30-1110.m4a HTTP/1.1" 206 1219 "https://cs1110.cs.virginia.edu/lecture/" "Mozilla/5.0 (Windows NT 6.1; WOW64) AppleWebKit/537.36 (KHTML, like Gecko) Chrome/46.0.2490.80 Safari/537.36"
172.26.52.72 - - [01/Nov/2015:12:43:32 -0500] "GET /podcasts/2015-10-23-1110.m4a HTTP/1.1" 206 1208 "https://cs1110.cs.virginia.edu/lecture/" "Mozilla/5.0 (Windows NT 6.1; WOW64) AppleWebKit/537.36 (KHTML, like Gecko) Chrome/46.0.2490.80 Safari/537.36"
172.26.52.72 - - [01/Nov/2015:12:43:32 -0500] "GET /podcasts/2015-10-28-1110.m4a HTTP/1.1" 206 1079 "https://cs1110.cs.virginia.edu/lecture/" "Mozilla/5.0 (Windows NT 6.1; WOW64) AppleWebKit/537.36 (KHTML, like Gecko) Chrome/46.0.2490.80 Safari/537.36"
172.26.52.72 - - [01/Nov/2015:12:43:32 -0500] "GET /podcasts/2015-10-26-1110.m4a HTTP/1.1" 206 581 "https://cs1110.cs.virginia.edu/lecture/" "Mozilla/5.0 (Windows NT 6.1; WOW64) AppleWebKit/537.36 (KHTML, like Gecko) Chrome/46.0.2490.80 Safari/537.36"
172.26.52.72 - - [01/Nov/2015:12:43:32 -0500] "GET /podcasts/2015-10-19-1110.m4a HTTP/1.1" 304 271 "https://cs1110.cs.virginia.edu/lecture/" "Mozilla/5.0 (Windows NT 6.1; WOW64) AppleWebKit/537.36 (KHTML, like Gecko) Chrome/46.0.2490.80 Safari/537.36"
172.26.52.72 - - [01/Nov/2015:12:43:32 -0500] "GET /podcasts/2015-10-21-1110.m4a HTTP/1.1" 206 1172 "https://cs1110.cs.virginia.edu/lecture/" "Mozilla/5.0 (Windows NT 6.1; WOW64) AppleWebKit/537.36 (KHTML, like Gecko) Chrome/46.0.2490.80 Safari/537.36"
172.26.52.72 - - [01/Nov/2015:12:43:32 -0500] "GET /podcasts/2015-10-30-1110.m4a HTTP/1.1" 206 1429 "https://cs1110.cs.virginia.edu/lecture/" "Mozilla/5.0 (Windows NT 6.1; WOW64) AppleWebKit/537.36 (KHTML, like Gecko) Chrome/46.0.2490.80 Safari/537.36"
172.26.52.72 - - [01/Nov/2015:12:43:32 -0500] "GET /podcasts/2015-10-16-1110.m4a HTTP/1.1" 206 945 "https://cs1110.cs.virginia.edu/lecture/" "Mozilla/5.0 (Windows NT 6.1; WOW64) AppleWebKit/537.36 (KHTML, like Gecko) Chrome/46.0.2490.80 Safari/537.36"
172.26.52.72 - - [01/Nov/2015:12:43:32 -0500] "GET /podcasts/2015-10-14-1110.m4a HTTP/1.1" 206 678 "https://cs1110.cs.virginia.edu/lecture/" "Mozilla/5.0 (Windows NT 6.1; WOW64) AppleWebKit/537.36 (KHTML, like Gecko) Chrome/46.0.2490.80 Safari/537.36"
172.26.52.72 - - [01/Nov/2015:12:43:32 -0500] "GET /podcasts/2015-10-12-1110.m4a HTTP/1.1" 206 712 "https://cs1110.cs.virginia.edu/lecture/" "Mozilla/5.0 (Windows NT 6.1; WOW64) AppleWebKit/537.36 (KHTML, like Gecko) Chrome/46.0.2490.80 Safari/537.36"
172.26.52.72 - - [01/Nov/2015:12:43:32 -0500] "GET /images/code_bg.png?1408385458 HTTP/1.1" 304 266 "https://cs1110.cs.virginia.edu/lecture/" "Mozilla/5.0 (Windows NT 6.1; WOW64) AppleWebKit/537.36 (KHTML, like Gecko) Chrome/46.0.2490.80 Safari/537.36"
172.26.52.72 - - [01/Nov/2015:12:43:32 -0500] "GET /podcasts/2015-10-26-1110.m4a HTTP/1.1" 206 1019 "https://cs1110.cs.virginia.edu/lecture/" "Mozilla/5.0 (Windows NT 6.1; WOW64) AppleWebKit/537.36 (KHTML, like Gecko) Chrome/46.0.2490.80 Safari/537.36"
172.26.52.72 - - [01/Nov/2015:12:43:32 -0500] "GET /podcasts/2015-10-16-1110.m4a HTTP/1.1" 206 943 "https://cs1110.cs.virginia.edu/lecture/" "Mozilla/5.0 (Windows NT 6.1; WOW64) AppleWebKit/537.36 (KHTML, like Gecko) Chrome/46.0.2490.80 Safari/537.36"
172.26.52.72 - - [01/Nov/2015:12:43:32 -0500] "GET /podcasts/2015-10-14-1110.m4a HTTP/1.1" 206 1486 "https://cs1110.cs.virginia.edu/lecture/" "Mozilla/5.0 (Windows NT 6.1; WOW64) AppleWebKit/537.36 (KHTML, like Gecko) Chrome/46.0.2490.80 Safari/537.36"
172.26.52.72 - - [01/Nov/2015:12:43:32 -0500] "GET /podcasts/2015-10-30-1110.m4a HTTP/1.1" 304 271 "https://cs1110.cs.virginia.edu/lecture/" "Mozilla/5.0 (Windows NT 6.1; WOW64) AppleWebKit/537.36 (KHTML, like Gecko) Chrome/46.0.2490.80 Safari/537.36"
172.26.52.72 - - [01/Nov/2015:12:43:32 -0500] "GET /podcasts/2015-10-28-1110.m4a HTTP/1.1" 304 271 "https://cs1110.cs.virginia.edu/lecture/" "Mozilla/5.0 (Windows NT 6.1; WOW64) AppleWebKit/537.36 (KHTML, like Gecko) Chrome/46.0.2490.80 Safari/537.36"
172.26.52.72 - - [01/Nov/2015:12:43:32 -0500] "GET /favicon.png HTTP/1.1" 200 767 "https://cs1110.cs.virginia.edu/lecture/" "Mozilla/5.0 (Windows NT 6.1; WOW64) AppleWebKit/537.36 (KHTML, like Gecko) Chrome/46.0.2490.80 Safari/537.36"
71.62.12.171 - - [01/Nov/2015:12:43:33 -0500] "GET /upcomingpotd.html HTTP/1.1" 200 2039 "https://cs1110.cs.virginia.edu/hw.html" "Mozilla/5.0 (Windows NT 6.1; WOW64) AppleWebKit/537.36 (KHTML, like Gecko) Chrome/46.0.2490.80 Safari/537.36"
::1 - - [01/Nov/2015:12:43:50 -0500] "OPTIONS * HTTP/1.0" 200 183 "-" "Apache/2.4.7 (Ubuntu) mod_auth_pgsql/2.0.3 PHP/5.5.9-1ubuntu4.12 OpenSSL/1.0.1f (internal dummy connection)"
::1 - - [01/Nov/2015:12:43:51 -0500] "OPTIONS * HTTP/1.0" 200 183 "-" "Apache/2.4.7 (Ubuntu) mod_auth_pgsql/2.0.3 PHP/5.5.9-1ubuntu4.12 OpenSSL/1.0.1f (internal dummy connection)"
172.26.12.7 - - [01/Nov/2015:12:46:24 -0500] "GET /emails.html HTTP/1.1" 200 7698 "-" "Python-urllib/3.4"
172.26.52.72 - - [01/Nov/2015:12:43:32 -0500] "GET /podcasts/2015-10-30-1110.m4a HTTP/1.1" 206 164934 "https://cs1110.cs.virginia.edu/lecture/" "Mozilla/5.0 (Windows NT 6.1; WOW64) AppleWebKit/537.36 (KHTML, like Gecko) Chrome/46.0.2490.80 Safari/537.36"
::1 - - [01/Nov/2015:12:48:33 -0500] "OPTIONS * HTTP/1.0" 200 183 "-" "Apache/2.4.7 (Ubuntu) mod_auth_pgsql/2.0.3 PHP/5.5.9-1ubuntu4.12 OpenSSL/1.0.1f (internal dummy connection)"
1.39.61.57 - - [01/Nov/2015:12:49:23 -0500] "GET /cs4720/readings/SQLQuickReference.pdf HTTP/1.1" 200 40929 "https://www.google.co.in/" "Mozilla/5.0 (Windows NT 6.3; WOW64) AppleWebKit/537.36 (KHTML, like Gecko) Chrome/45.0.2454.99 Safari/537.36"
1.39.61.57 - - [01/Nov/2015:12:49:32 -0500] "GET /favicon.ico HTTP/1.1" 200 1704 "https://stardock.cs.virginia.edu/cs4720/readings/SQLQuickReference.pdf" "Mozilla/5.0 (Windows NT 6.3; WOW64) AppleWebKit/537.36 (KHTML, like Gecko) Chrome/45.0.2454.99 Safari/537.36"
1.39.61.57 - - [01/Nov/2015:12:49:36 -0500] "GET /cs4720/readings/SQLQuickReference.pdf HTTP/1.1" 206 33394 "https://stardock.cs.virginia.edu/cs4720/readings/SQLQuickReference.pdf" "Mozilla/5.0 (Windows NT 6.3; WOW64) AppleWebKit/537.36 (KHTML, like Gecko) Chrome/45.0.2454.99 Safari/537.36"
172.26.52.72 - - [01/Nov/2015:12:50:04 -0500] "GET /emails.html HTTP/1.1" 200 7698 "-" "Python-urllib/3.4"
172.26.52.72 - - [01/Nov/2015:12:50:51 -0500] "GET /emails.html HTTP/1.1" 200 7698 "-" "Python-urllib/3.4"
172.26.52.72 - - [01/Nov/2015:12:51:00 -0500] "GET /emails.html HTTP/1.1" 200 7698 "-" "Python-urllib/3.4"
172.26.52.72 - - [01/Nov/2015:12:51:00 -0500] "GET /emails.html HTTP/1.1" 200 7698 "-" "Python-urllib/3.4"
1.39.61.57 - - [01/Nov/2015:12:51:12 -0500] "GET /cs4720/readings/SQLQuickReference.pdf HTTP/1.1" 206 39213 "https://stardock.cs.virginia.edu/cs4720/readings/SQLQuickReference.pdf" "Mozilla/5.0 (Windows NT 6.3; WOW64) AppleWebKit/537.36 (KHTML, like Gecko) Chrome/45.0.2454.99 Safari/537.36"
172.26.52.72 - - [01/Nov/2015:12:51:12 -0500] "GET /emails.html HTTP/1.1" 200 7698 "-" "Python-urllib/3.4"
172.25.4.43 - - [01/Nov/2015:12:51:14 -0500] "GET / HTTP/1.1" 200 7123 "https://collab.itc.virginia.edu/portal/site/afbdb6b2-1a3e-4a68-a852-134219d6b9fd" "Mozilla/5.0 (Windows NT 6.1; WOW64) AppleWebKit/537.36 (KHTML, like Gecko) Chrome/46.0.2490.80 Safari/537.36"
172.25.4.43 - - [01/Nov/2015:12:51:14 -0500] "GET /javascripts/octopress.js HTTP/1.1" 200 5380 "https://cs4720.cs.virginia.edu/" "Mozilla/5.0 (Windows NT 6.1; WOW64) AppleWebKit/537.36 (KHTML, like Gecko) Chrome/46.0.2490.80 Safari/537.36"
172.25.4.43 - - [01/Nov/2015:12:51:14 -0500] "GET /stylesheets/screen.css HTTP/1.1" 200 13860 "https://cs4720.cs.virginia.edu/" "Mozilla/5.0 (Windows NT 6.1; WOW64) AppleWebKit/537.36 (KHTML, like Gecko) Chrome/46.0.2490.80 Safari/537.36"
172.25.4.43 - - [01/Nov/2015:12:51:15 -0500] "GET /images/matrix.png HTTP/1.1" 200 541 "https://cs4720.cs.virginia.edu/stylesheets/screen.css" "Mozilla/5.0 (Windows NT 6.1; WOW64) AppleWebKit/537.36 (KHTML, like Gecko) Chrome/46.0.2490.80 Safari/537.36"
172.25.4.43 - - [01/Nov/2015:12:51:15 -0500] "GET /images/code.png HTTP/1.1" 200 57498 "https://cs4720.cs.virginia.edu/" "Mozilla/5.0 (Windows NT 6.1; WOW64) AppleWebKit/537.36 (KHTML, like Gecko) Chrome/46.0.2490.80 Safari/537.36"
172.25.4.43 - - [01/Nov/2015:12:51:15 -0500] "GET /font/fontawesome-webfont.woff?v=3.2.1 HTTP/1.1" 200 44047 "https://cs4720.cs.virginia.edu/stylesheets/screen.css" "Mozilla/5.0 (Windows NT 6.1; WOW64) AppleWebKit/537.36 (KHTML, like Gecko) Chrome/46.0.2490.80 Safari/537.36"
172.26.52.72 - - [01/Nov/2015:12:51:21 -0500] "GET /emails.html HTTP/1.1" 200 7698 "-" "Python-urllib/3.4"
172.25.122.94 - - [01/Nov/2015:12:51:31 -0500] "GET /hw.html HTTP/1.1" 200 9965 "-" "Mozilla/5.0 (Windows NT 6.3; WOW64) AppleWebKit/537.36 (KHTML, like Gecko) Chrome/46.0.2490.80 Safari/537.36"
172.25.122.94 - - [01/Nov/2015:12:51:31 -0500] "GET /stylesheets/screen.css HTTP/1.1" 200 13860 "https://cs1110.cs.virginia.edu/hw.html" "Mozilla/5.0 (Windows NT 6.3; WOW64) AppleWebKit/537.36 (KHTML, like Gecko) Chrome/46.0.2490.80 Safari/537.36"
172.25.122.94 - - [01/Nov/2015:12:51:31 -0500] "GET /javascripts/octopress.js HTTP/1.1" 200 5380 "https://cs1110.cs.virginia.edu/hw.html" "Mozilla/5.0 (Windows NT 6.3; WOW64) AppleWebKit/537.36 (KHTML, like Gecko) Chrome/46.0.2490.80 Safari/537.36"
172.25.122.94 - - [01/Nov/2015:12:51:31 -0500] "GET /images/noise.png?1408385458 HTTP/1.1" 304 268 "https://cs1110.cs.virginia.edu/stylesheets/screen.css" "Mozilla/5.0 (Windows NT 6.3; WOW64) AppleWebKit/537.36 (KHTML, like Gecko) Chrome/46.0.2490.80 Safari/537.36"
172.25.122.94 - - [01/Nov/2015:12:51:32 -0500] "GET /favicon.png HTTP/1.1" 304 267 "https://cs1110.cs.virginia.edu/hw.html" "Mozilla/5.0 (Windows NT 6.3; WOW64) AppleWebKit/537.36 (KHTML, like Gecko) Chrome/46.0.2490.80 Safari/537.36"
::1 - - [01/Nov/2015:12:51:35 -0500] "OPTIONS * HTTP/1.0" 200 183 "-" "Apache/2.4.7 (Ubuntu) mod_auth_pgsql/2.0.3 PHP/5.5.9-1ubuntu4.12 OpenSSL/1.0.1f (internal dummy connection)"
172.26.52.72 - - [01/Nov/2015:12:51:36 -0500] "GET /emails.html HTTP/1.1" 200 7698 "-" "Python-urllib/3.4"
::1 - - [01/Nov/2015:12:51:49 -0500] "OPTIONS * HTTP/1.0" 200 183 "-" "Apache/2.4.7 (Ubuntu) mod_auth_pgsql/2.0.3 PHP/5.5.9-1ubuntu4.12 OpenSSL/1.0.1f (internal dummy connection)"
::1 - - [01/Nov/2015:12:51:50 -0500] "OPTIONS * HTTP/1.0" 200 183 "-" "Apache/2.4.7 (Ubuntu) mod_auth_pgsql/2.0.3 PHP/5.5.9-1ubuntu4.12 OpenSSL/1.0.1f (internal dummy connection)"
::1 - - [01/Nov/2015:12:51:51 -0500] "OPTIONS * HTTP/1.0" 200 183 "-" "Apache/2.4.7 (Ubuntu) mod_auth_pgsql/2.0.3 PHP/5.5.9-1ubuntu4.12 OpenSSL/1.0.1f (internal dummy connection)"
66.249.67.233 - - [01/Nov/2015:12:53:20 -0500] "GET /lecture/2015/03/25/lecture-18-edwards-Classes-as-Fields-and-Garbage-Collection/ HTTP/1.1" 304 4786 "-" "Mozilla/5.0 (compatible; Googlebot/2.1; +http://www.google.com/bot.html)"
172.25.122.94 - - [01/Nov/2015:12:55:47 -0500] "GET /emails.html HTTP/1.1" 200 7698 "-" "Python-urllib/3.4"
172.26.52.72 - - [01/Nov/2015:12:55:49 -0500] "GET /emails.html HTTP/1.1" 200 7698 "-" "Python-urllib/3.4"
172.25.122.94 - - [01/Nov/2015:12:56:10 -0500] "GET /emails.html HTTP/1.1" 200 7698 "-" "Python-urllib/3.4"
172.25.122.94 - - [01/Nov/2015:12:57:04 -0500] "GET /emails.html HTTP/1.1" 200 7698 "-" "Python-urllib/3.4"
98.249.11.66 - - [01/Nov/2015:12:57:27 -0500] "GET / HTTP/1.1" 302 529 "-" "Mozilla/5.0 (Macintosh; Intel Mac OS X 10_10_5) AppleWebKit/601.2.7 (KHTML, like Gecko)"
98.249.11.66 - - [01/Nov/2015:12:57:27 -0500] "GET / HTTP/1.1" 200 7262 "-" "Mozilla/5.0 (Macintosh; Intel Mac OS X 10_10_5) AppleWebKit/601.2.7 (KHTML, like Gecko)"
98.249.11.66 - - [01/Nov/2015:12:57:27 -0500] "GET /apple-touch-icon-precomposed.png HTTP/1.1" 404 5044 "-" "Safari/10601.2.7.2 CFNetwork/720.5.7 Darwin/14.5.0 (x86_64)"
98.249.11.66 - - [01/Nov/2015:12:57:27 -0500] "GET /apple-touch-icon.png HTTP/1.1" 404 650 "-" "Safari/10601.2.7.2 CFNetwork/720.5.7 Darwin/14.5.0 (x86_64)"
98.249.11.66 - - [01/Nov/2015:12:57:27 -0500] "GET /favicon.png HTTP/1.1" 200 1051 "-" "Safari/10601.2.7.2 CFNetwork/720.5.7 Darwin/14.5.0 (x86_64)"
98.249.11.66 - - [01/Nov/2015:12:57:27 -0500] "GET / HTTP/1.1" 302 528 "-" "Mozilla/5.0 (iPhone; CPU iPhone OS 8_1 like Mac OS X) AppleWebKit/600.1.4 (KHTML, like Gecko) Version/8.0 Mobile/12B410 Safari/600.1.4"
98.249.11.66 - - [01/Nov/2015:12:57:27 -0500] "GET / HTTP/1.1" 200 2884 "-" "Mozilla/5.0 (iPhone; CPU iPhone OS 8_1 like Mac OS X) AppleWebKit/600.1.4 (KHTML, like Gecko) Version/8.0 Mobile/12B410 Safari/600.1.4"
98.249.11.66 - - [01/Nov/2015:12:57:28 -0500] "GET /apple-touch-icon-precomposed.png HTTP/1.1" 404 666 "-" "Safari/10601.2.7.2 CFNetwork/720.5.7 Darwin/14.5.0 (x86_64)"
98.249.11.66 - - [01/Nov/2015:12:57:28 -0500] "GET /apple-touch-icon.png HTTP/1.1" 404 650 "-" "Safari/10601.2.7.2 CFNetwork/720.5.7 Darwin/14.5.0 (x86_64)"
172.26.182.188 - - [01/Nov/2015:12:57:29 -0500] "GET / HTTP/1.1" 200 7212 "https://collab.itc.virginia.edu/portal/site/9a30681e-a407-43a0-9b0c-76d1ab3eb8bd" "Mozilla/5.0 (Macintosh; Intel Mac OS X 10.10; rv:41.0) Gecko/20100101 Firefox/41.0"
172.26.182.188 - - [01/Nov/2015:12:57:29 -0500] "GET /javascripts/octopress.js HTTP/1.1" 200 5380 "https://cs1110.cs.virginia.edu/" "Mozilla/5.0 (Macintosh; Intel Mac OS X 10.10; rv:41.0) Gecko/20100101 Firefox/41.0"
172.26.182.188 - - [01/Nov/2015:12:57:29 -0500] "GET /stylesheets/screen.css HTTP/1.1" 200 13860 "https://cs1110.cs.virginia.edu/" "Mozilla/5.0 (Macintosh; Intel Mac OS X 10.10; rv:41.0) Gecko/20100101 Firefox/41.0"
172.26.182.188 - - [01/Nov/2015:12:57:29 -0500] "GET /images/matrix.png HTTP/1.1" 304 266 "https://cs1110.cs.virginia.edu/stylesheets/screen.css" "Mozilla/5.0 (Macintosh; Intel Mac OS X 10.10; rv:41.0) Gecko/20100101 Firefox/41.0"
172.26.182.188 - - [01/Nov/2015:12:57:29 -0500] "GET /font/fontawesome-webfont.woff?v=3.2.1 HTTP/1.1" 304 268 "https://cs1110.cs.virginia.edu/stylesheets/screen.css" "Mozilla/5.0 (Macintosh; Intel Mac OS X 10.10; rv:41.0) Gecko/20100101 Firefox/41.0"
172.26.182.188 - - [01/Nov/2015:12:57:35 -0500] "GET /schedule.html HTTP/1.1" 200 2254 "https://cs1110.cs.virginia.edu/" "Mozilla/5.0 (Macintosh; Intel Mac OS X 10.10; rv:41.0) Gecko/20100101 Firefox/41.0"
172.25.122.94 - - [01/Nov/2015:12:57:49 -0500] "GET /emails.html HTTP/1.1" 200 7698 "-" "Python-urllib/3.4"
::1 - - [01/Nov/2015:12:57:51 -0500] "OPTIONS * HTTP/1.0" 200 183 "-" "Apache/2.4.7 (Ubuntu) mod_auth_pgsql/2.0.3 PHP/5.5.9-1ubuntu4.12 OpenSSL/1.0.1f (internal dummy connection)"
172.25.87.217 - - [01/Nov/2015:12:58:09 -0500] "GET / HTTP/1.1" 200 7212 "https://collab.itc.virginia.edu/portal/site/9a30681e-a407-43a0-9b0c-76d1ab3eb8bd" "Mozilla/5.0 (Macintosh; Intel Mac OS X 10_10_3) AppleWebKit/537.36 (KHTML, like Gecko) Chrome/43.0.2357.130 Safari/537.36"
172.25.87.217 - - [01/Nov/2015:12:58:09 -0500] "GET /javascripts/octopress.js HTTP/1.1" 200 5380 "https://cs1110.cs.virginia.edu/" "Mozilla/5.0 (Macintosh; Intel Mac OS X 10_10_3) AppleWebKit/537.36 (KHTML, like Gecko) Chrome/43.0.2357.130 Safari/537.36"
172.25.87.217 - - [01/Nov/2015:12:58:09 -0500] "GET /stylesheets/screen.css HTTP/1.1" 200 13860 "https://cs1110.cs.virginia.edu/" "Mozilla/5.0 (Macintosh; Intel Mac OS X 10_10_3) AppleWebKit/537.36 (KHTML, like Gecko) Chrome/43.0.2357.130 Safari/537.36"
172.25.87.217 - - [01/Nov/2015:12:58:09 -0500] "GET /images/matrix.png HTTP/1.1" 304 266 "https://cs1110.cs.virginia.edu/stylesheets/screen.css" "Mozilla/5.0 (Macintosh; Intel Mac OS X 10_10_3) AppleWebKit/537.36 (KHTML, like Gecko) Chrome/43.0.2357.130 Safari/537.36"
172.25.87.217 - - [01/Nov/2015:12:58:09 -0500] "GET /s15/images/rotunda.jpg HTTP/1.1" 304 269 "https://cs1110.cs.virginia.edu/" "Mozilla/5.0 (Macintosh; Intel Mac OS X 10_10_3) AppleWebKit/537.36 (KHTML, like Gecko) Chrome/43.0.2357.130 Safari/537.36"
172.25.87.217 - - [01/Nov/2015:12:58:09 -0500] "GET /font/fontawesome-webfont.woff?v=3.2.1 HTTP/1.1" 304 4786 "https://cs1110.cs.virginia.edu/stylesheets/screen.css" "Mozilla/5.0 (Macintosh; Intel Mac OS X 10_10_3) AppleWebKit/537.36 (KHTML, like Gecko) Chrome/43.0.2357.130 Safari/537.36"
::1 - - [01/Nov/2015:12:58:26 -0500] "OPTIONS * HTTP/1.0" 200 183 "-" "Apache/2.4.7 (Ubuntu) mod_auth_pgsql/2.0.3 PHP/5.5.9-1ubuntu4.12 OpenSSL/1.0.1f (internal dummy connection)"
172.26.16.16 - - [01/Nov/2015:13:00:13 -0500] "GET / HTTP/1.1" 200 7212 "https://collab.itc.virginia.edu/portal/site/9a30681e-a407-43a0-9b0c-76d1ab3eb8bd" "Mozilla/5.0 (Windows NT 6.3; WOW64) AppleWebKit/537.36 (KHTML, like Gecko) Chrome/46.0.2490.80 Safari/537.36"
172.26.16.16 - - [01/Nov/2015:13:00:13 -0500] "GET /stylesheets/screen.css HTTP/1.1" 200 13860 "https://cs1110.cs.virginia.edu/" "Mozilla/5.0 (Windows NT 6.3; WOW64) AppleWebKit/537.36 (KHTML, like Gecko) Chrome/46.0.2490.80 Safari/537.36"
172.26.16.16 - - [01/Nov/2015:13:00:13 -0500] "GET /javascripts/octopress.js HTTP/1.1" 200 1000 "https://cs1110.cs.virginia.edu/" "Mozilla/5.0 (Windows NT 6.3; WOW64) AppleWebKit/537.36 (KHTML, like Gecko) Chrome/46.0.2490.80 Safari/537.36"
172.26.16.16 - - [01/Nov/2015:13:00:14 -0500] "GET /images/matrix.png HTTP/1.1" 304 266 "https://cs1110.cs.virginia.edu/stylesheets/screen.css" "Mozilla/5.0 (Windows NT 6.3; WOW64) AppleWebKit/537.36 (KHTML, like Gecko) Chrome/46.0.2490.80 Safari/537.36"
172.26.16.16 - - [01/Nov/2015:13:00:14 -0500] "GET /font/fontawesome-webfont.woff?v=3.2.1 HTTP/1.1" 304 268 "https://cs1110.cs.virginia.edu/stylesheets/screen.css" "Mozilla/5.0 (Windows NT 6.3; WOW64) AppleWebKit/537.36 (KHTML, like Gecko) Chrome/46.0.2490.80 Safari/537.36"
172.26.16.16 - - [01/Nov/2015:13:00:16 -0500] "GET /labs.html HTTP/1.1" 200 3257 "https://cs1110.cs.virginia.edu/" "Mozilla/5.0 (Windows NT 6.3; WOW64) AppleWebKit/537.36 (KHTML, like Gecko) Chrome/46.0.2490.80 Safari/537.36"
172.26.16.16 - - [01/Nov/2015:13:00:18 -0500] "GET /hw.html HTTP/1.1" 200 5447 "https://cs1110.cs.virginia.edu/labs.html" "Mozilla/5.0 (Windows NT 6.3; WOW64) AppleWebKit/537.36 (KHTML, like Gecko) Chrome/46.0.2490.80 Safari/537.36"
172.26.16.16 - - [01/Nov/2015:13:00:18 -0500] "GET /images/noise.png?1408385458 HTTP/1.1" 304 268 "https://cs1110.cs.virginia.edu/stylesheets/screen.css" "Mozilla/5.0 (Windows NT 6.3; WOW64) AppleWebKit/537.36 (KHTML, like Gecko) Chrome/46.0.2490.80 Safari/537.36"
76.104.84.119 - - [01/Nov/2015:13:02:04 -0500] "GET /cs2110oh/ HTTP/1.1" 302 6400 "https://collab.itc.virginia.edu/portal/site/9b174758-6297-4f6b-868e-f035918e3a20/page/94cb1327-cb0e-4273-b61a-dd03a54bf08b" "Mozilla/5.0 (Windows NT 10.0; WOW64) AppleWebKit/537.36 (KHTML, like Gecko) Chrome/46.0.2490.80 Safari/537.36"
172.25.122.94 - - [01/Nov/2015:13:03:46 -0500] "GET /emails.html HTTP/1.1" 200 6307 "https://cs1110.cs.virginia.edu/hw.html" "Mozilla/5.0 (Windows NT 6.3; WOW64) AppleWebKit/537.36 (KHTML, like Gecko) Chrome/46.0.2490.80 Safari/537.36"
172.25.122.94 - - [01/Nov/2015:13:03:47 -0500] "GET /favicon.ico HTTP/1.1" 304 267 "https://cs1110.cs.virginia.edu/emails.html" "Mozilla/5.0 (Windows NT 6.3; WOW64) AppleWebKit/537.36 (KHTML, like Gecko) Chrome/46.0.2490.80 Safari/537.36"
172.26.52.72 - - [01/Nov/2015:13:04:06 -0500] "GET /emails.html HTTP/1.1" 200 7698 "-" "Python-urllib/3.4"
172.25.249.203 - - [01/Nov/2015:13:04:59 -0500] "GET / HTTP/1.1" 200 7166 "https://collab.itc.virginia.edu/portal/site/afbdb6b2-1a3e-4a68-a852-134219d6b9fd" "Mozilla/5.0 (Macintosh; Intel Mac OS X 10_10_2) AppleWebKit/600.3.18 (KHTML, like Gecko) Version/8.0.3 Safari/600.3.18"
172.25.249.203 - - [01/Nov/2015:13:04:59 -0500] "GET /stylesheets/screen.css HTTP/1.1" 200 14105 "https://cs4720.cs.virginia.edu/" "Mozilla/5.0 (Macintosh; Intel Mac OS X 10_10_2) AppleWebKit/600.3.18 (KHTML, like Gecko) Version/8.0.3 Safari/600.3.18"
172.25.249.203 - - [01/Nov/2015:13:04:59 -0500] "GET /javascripts/octopress.js HTTP/1.1" 200 1200 "https://cs4720.cs.virginia.edu/" "Mozilla/5.0 (Macintosh; Intel Mac OS X 10_10_2) AppleWebKit/600.3.18 (KHTML, like Gecko) Version/8.0.3 Safari/600.3.18"
172.25.249.203 - - [01/Nov/2015:13:04:59 -0500] "GET /images/matrix.png HTTP/1.1" 304 309 "https://cs4720.cs.virginia.edu/" "Mozilla/5.0 (Macintosh; Intel Mac OS X 10_10_2) AppleWebKit/600.3.18 (KHTML, like Gecko) Version/8.0.3 Safari/600.3.18"
172.25.249.203 - - [01/Nov/2015:13:04:59 -0500] "GET /images/code.png HTTP/1.1" 304 309 "https://cs4720.cs.virginia.edu/" "Mozilla/5.0 (Macintosh; Intel Mac OS X 10_10_2) AppleWebKit/600.3.18 (KHTML, like Gecko) Version/8.0.3 Safari/600.3.18"
172.25.249.203 - - [01/Nov/2015:13:04:59 -0500] "GET /font/fontawesome-webfont.woff?v=3.2.1 HTTP/1.1" 304 309 "https://cs4720.cs.virginia.edu/" "Mozilla/5.0 (Macintosh; Intel Mac OS X 10_10_2) AppleWebKit/600.3.18 (KHTML, like Gecko) Version/8.0.3 Safari/600.3.18"
217.81.173.222 - - [01/Nov/2015:13:06:03 -0500] "GET / HTTP/1.1" 302 529 "http://www.adafruit.com/products/2152" "Mozilla/5.0 (Windows NT 6.2; WOW64; rv:41.0) Gecko/20100101 Firefox/41.0"
217.81.173.222 - - [01/Nov/2015:13:06:04 -0500] "GET / HTTP/1.1" 302 528 "http://www.adafruit.com/products/2152" "Mozilla/5.0 (Windows NT 6.2; WOW64; rv:41.0) Gecko/20100101 Firefox/41.0"
217.81.173.222 - - [01/Nov/2015:13:06:05 -0500] "GET / HTTP/1.1" 200 7123 "http://www.adafruit.com/products/2152" "Mozilla/5.0 (Windows NT 6.2; WOW64; rv:41.0) Gecko/20100101 Firefox/41.0"
217.81.173.222 - - [01/Nov/2015:13:06:05 -0500] "GET /stylesheets/screen.css HTTP/1.1" 200 13860 "https://cs4720.cs.virginia.edu/" "Mozilla/5.0 (Windows NT 6.2; WOW64; rv:41.0) Gecko/20100101 Firefox/41.0"
217.81.173.222 - - [01/Nov/2015:13:06:05 -0500] "GET /favicon.png HTTP/1.1" 200 905 "-" "Mozilla/5.0 (Windows NT 6.2; WOW64; rv:41.0) Gecko/20100101 Firefox/41.0"
217.81.173.222 - - [01/Nov/2015:13:06:05 -0500] "GET /images/matrix.png HTTP/1.1" 200 679 "https://cs4720.cs.virginia.edu/stylesheets/screen.css" "Mozilla/5.0 (Windows NT 6.2; WOW64; rv:41.0) Gecko/20100101 Firefox/41.0"
217.81.173.222 - - [01/Nov/2015:13:06:05 -0500] "GET /javascripts/octopress.js HTTP/1.1" 200 1000 "https://cs4720.cs.virginia.edu/" "Mozilla/5.0 (Windows NT 6.2; WOW64; rv:41.0) Gecko/20100101 Firefox/41.0"
217.81.173.222 - - [01/Nov/2015:13:06:05 -0500] "GET /font/fontawesome-webfont.woff?v=3.2.1 HTTP/1.1" 200 44185 "https://cs4720.cs.virginia.edu/stylesheets/screen.css" "Mozilla/5.0 (Windows NT 6.2; WOW64; rv:41.0) Gecko/20100101 Firefox/41.0"
217.81.173.222 - - [01/Nov/2015:13:06:05 -0500] "GET /images/code.png HTTP/1.1" 200 57498 "https://cs4720.cs.virginia.edu/" "Mozilla/5.0 (Windows NT 6.2; WOW64; rv:41.0) Gecko/20100101 Firefox/41.0"
::1 - - [01/Nov/2015:13:06:21 -0500] "OPTIONS * HTTP/1.0" 200 183 "-" "Apache/2.4.7 (Ubuntu) mod_auth_pgsql/2.0.3 PHP/5.5.9-1ubuntu4.12 OpenSSL/1.0.1f (internal dummy connection)"
76.104.84.5 - - [01/Nov/2015:13:06:21 -0500] "GET / HTTP/1.1" 200 7123 "https://rabi.phys.virginia.edu/mySIS/CS2/page.php?Semester=1162&Type=Group&Group=CompSci" "Mozilla/5.0 (Macintosh; Intel Mac OS X 10.11; rv:41.0) Gecko/20100101 Firefox/41.0"
76.104.84.5 - - [01/Nov/2015:13:06:21 -0500] "GET /stylesheets/screen.css HTTP/1.1" 200 13860 "https://cs4720.cs.virginia.edu/" "Mozilla/5.0 (Macintosh; Intel Mac OS X 10.11; rv:41.0) Gecko/20100101 Firefox/41.0"
76.104.84.5 - - [01/Nov/2015:13:06:21 -0500] "GET /javascripts/octopress.js HTTP/1.1" 200 1000 "https://cs4720.cs.virginia.edu/" "Mozilla/5.0 (Macintosh; Intel Mac OS X 10.11; rv:41.0) Gecko/20100101 Firefox/41.0"
76.104.84.5 - - [01/Nov/2015:13:06:21 -0500] "GET /favicon.png HTTP/1.1" 200 905 "-" "Mozilla/5.0 (Macintosh; Intel Mac OS X 10.11; rv:41.0) Gecko/20100101 Firefox/41.0"
76.104.84.5 - - [01/Nov/2015:13:06:21 -0500] "GET /font/fontawesome-webfont.woff?v=3.2.1 HTTP/1.1" 200 44047 "https://cs4720.cs.virginia.edu/stylesheets/screen.css" "Mozilla/5.0 (Macintosh; Intel Mac OS X 10.11; rv:41.0) Gecko/20100101 Firefox/41.0"
76.104.84.5 - - [01/Nov/2015:13:06:21 -0500] "GET /images/code.png HTTP/1.1" 200 57498 "https://cs4720.cs.virginia.edu/" "Mozilla/5.0 (Macintosh; Intel Mac OS X 10.11; rv:41.0) Gecko/20100101 Firefox/41.0"
76.104.84.5 - - [01/Nov/2015:13:06:21 -0500] "GET /images/matrix.png HTTP/1.1" 200 679 "https://cs4720.cs.virginia.edu/stylesheets/screen.css" "Mozilla/5.0 (Macintosh; Intel Mac OS X 10.11; rv:41.0) Gecko/20100101 Firefox/41.0"
172.25.249.203 - - [01/Nov/2015:13:06:29 -0500] "GET /ios.html HTTP/1.1" 200 4373 "https://cs4720.cs.virginia.edu/" "Mozilla/5.0 (Macintosh; Intel Mac OS X 10_10_2) AppleWebKit/600.3.18 (KHTML, like Gecko) Version/8.0.3 Safari/600.3.18"
::1 - - [01/Nov/2015:13:06:37 -0500] "OPTIONS * HTTP/1.0" 200 183 "-" "Apache/2.4.7 (Ubuntu) mod_auth_pgsql/2.0.3 PHP/5.5.9-1ubuntu4.12 OpenSSL/1.0.1f (internal dummy connection)"
::1 - - [01/Nov/2015:13:06:47 -0500] "OPTIONS * HTTP/1.0" 200 183 "-" "Apache/2.4.7 (Ubuntu) mod_auth_pgsql/2.0.3 PHP/5.5.9-1ubuntu4.12 OpenSSL/1.0.1f (internal dummy connection)"
180.76.15.150 - - [01/Nov/2015:13:08:02 -0500] "GET /robots.txt HTTP/1.1" 302 511 "-" "Mozilla/5.0 (Windows NT 5.1; rv:6.0.2) Gecko/20100101 Firefox/6.0.2"
66.249.67.249 - - [01/Nov/2015:13:08:20 -0500] "GET /labs.html HTTP/1.1" 304 4786 "-" "Mozilla/5.0 (compatible; Googlebot/2.1; +http://www.google.com/bot.html)"
217.81.173.222 - - [01/Nov/2015:13:08:46 -0500] "GET / HTTP/1.1" 302 529 "http://www.adafruit.com/products/2152" "Mozilla/5.0 (Windows NT 6.2; WOW64; rv:41.0) Gecko/20100101 Firefox/41.0"
217.81.173.222 - - [01/Nov/2015:13:08:46 -0500] "GET / HTTP/1.1" 200 2743 "http://www.adafruit.com/products/2152" "Mozilla/5.0 (Windows NT 6.2; WOW64; rv:41.0) Gecko/20100101 Firefox/41.0"
217.81.173.222 - - [01/Nov/2015:13:08:47 -0500] "GET /stylesheets/screen.css HTTP/1.1" 200 13860 "https://cs4720.cs.virginia.edu/" "Mozilla/5.0 (Windows NT 6.2; WOW64; rv:41.0) Gecko/20100101 Firefox/41.0"
217.81.173.222 - - [01/Nov/2015:13:08:47 -0500] "GET /javascripts/octopress.js HTTP/1.1" 200 1000 "https://cs4720.cs.virginia.edu/" "Mozilla/5.0 (Windows NT 6.2; WOW64; rv:41.0) Gecko/20100101 Firefox/41.0"
217.81.173.222 - - [01/Nov/2015:13:08:47 -0500] "GET /images/matrix.png HTTP/1.1" 200 679 "https://cs4720.cs.virginia.edu/stylesheets/screen.css" "Mozilla/5.0 (Windows NT 6.2; WOW64; rv:41.0) Gecko/20100101 Firefox/41.0"
217.81.173.222 - - [01/Nov/2015:13:08:47 -0500] "GET /font/fontawesome-webfont.woff?v=3.2.1 HTTP/1.1" 200 44185 "https://cs4720.cs.virginia.edu/stylesheets/screen.css" "Mozilla/5.0 (Windows NT 6.2; WOW64; rv:41.0) Gecko/20100101 Firefox/41.0"
217.81.173.222 - - [01/Nov/2015:13:08:47 -0500] "GET /images/code.png HTTP/1.1" 200 57498 "https://cs4720.cs.virginia.edu/" "Mozilla/5.0 (Windows NT 6.2; WOW64; rv:41.0) Gecko/20100101 Firefox/41.0"
172.25.122.94 - - [01/Nov/2015:13:08:49 -0500] "GET /emails.html HTTP/1.1" 200 7698 "-" "Python-urllib/3.4"
172.26.52.72 - - [01/Nov/2015:13:08:51 -0500] "GET /emails.html HTTP/1.1" 200 7698 "-" "Python-urllib/3.4"
217.81.173.222 - - [01/Nov/2015:13:08:52 -0500] "GET /syllabus.html HTTP/1.1" 200 8967 "https://cs4720.cs.virginia.edu/" "Mozilla/5.0 (Windows NT 6.2; WOW64; rv:41.0) Gecko/20100101 Firefox/41.0"
::1 - - [01/Nov/2015:13:09:08 -0500] "OPTIONS * HTTP/1.0" 200 183 "-" "Apache/2.4.7 (Ubuntu) mod_auth_pgsql/2.0.3 PHP/5.5.9-1ubuntu4.12 OpenSSL/1.0.1f (internal dummy connection)"
172.25.122.94 - - [01/Nov/2015:13:09:43 -0500] "GET /emails.html HTTP/1.1" 200 7698 "-" "Python-urllib/3.4"
217.81.173.222 - - [01/Nov/2015:13:09:50 -0500] "GET /favicon.ico HTTP/1.1" 200 1704 "-" "Mozilla/5.0 (Windows NT 6.2; WOW64; rv:41.0) Gecko/20100101 Firefox/41.0"
217.81.173.222 - - [01/Nov/2015:13:09:54 -0500] "GET /schedule.html HTTP/1.1" 200 1962 "https://cs4720.cs.virginia.edu/" "Mozilla/5.0 (Windows NT 6.2; WOW64; rv:41.0) Gecko/20100101 Firefox/41.0"
172.25.122.94 - - [01/Nov/2015:13:09:57 -0500] "GET /emails.html HTTP/1.1" 200 7698 "-" "Python-urllib/3.4"
217.81.173.222 - - [01/Nov/2015:13:10:08 -0500] "GET /slides/CS4720-MAD-MobileArchitecture.pdf HTTP/1.1" 206 15882 "https://www.google.com/url?q=https://cs4720.cs.virginia.edu/slides/CS4720-MAD-MobileArchitecture.pdf&sa=D&ust=1446405019551000&usg=AFQjCNFhlD020Mdw17i1CevSAP4Nk8ncxQ" "Mozilla/5.0 (Windows NT 6.2; WOW64; rv:41.0) Gecko/20100101 Firefox/41.0"
217.81.173.222 - - [01/Nov/2015:13:10:08 -0500] "GET /slides/CS4720-MAD-MobileArchitecture.pdf HTTP/1.1" 206 66221 "https://www.google.com/url?q=https://cs4720.cs.virginia.edu/slides/CS4720-MAD-MobileArchitecture.pdf&sa=D&ust=1446405019551000&usg=AFQjCNFhlD020Mdw17i1CevSAP4Nk8ncxQ" "Mozilla/5.0 (Windows NT 6.2; WOW64; rv:41.0) Gecko/20100101 Firefox/41.0"
217.81.173.222 - - [01/Nov/2015:13:10:07 -0500] "GET /slides/CS4720-MAD-MobileArchitecture.pdf HTTP/1.1" 200 475253 "https://www.google.com/url?q=https://cs4720.cs.virginia.edu/slides/CS4720-MAD-MobileArchitecture.pdf&sa=D&ust=1446405019551000&usg=AFQjCNFhlD020Mdw17i1CevSAP4Nk8ncxQ" "Mozilla/5.0 (Windows NT 6.2; WOW64; rv:41.0) Gecko/20100101 Firefox/41.0"
217.81.173.222 - - [01/Nov/2015:13:10:08 -0500] "GET /slides/CS4720-MAD-MobileArchitecture.pdf HTTP/1.1" 206 66227 "https://www.google.com/url?q=https://cs4720.cs.virginia.edu/slides/CS4720-MAD-MobileArchitecture.pdf&sa=D&ust=1446405019551000&usg=AFQjCNFhlD020Mdw17i1CevSAP4Nk8ncxQ" "Mozilla/5.0 (Windows NT 6.2; WOW64; rv:41.0) Gecko/20100101 Firefox/41.0"
217.81.173.222 - - [01/Nov/2015:13:10:08 -0500] "GET /slides/CS4720-MAD-MobileArchitecture.pdf HTTP/1.1" 206 66089 "https://www.google.com/url?q=https://cs4720.cs.virginia.edu/slides/CS4720-MAD-MobileArchitecture.pdf&sa=D&ust=1446405019551000&usg=AFQjCNFhlD020Mdw17i1CevSAP4Nk8ncxQ" "Mozilla/5.0 (Windows NT 6.2; WOW64; rv:41.0) Gecko/20100101 Firefox/41.0"
66.249.83.253 - - [01/Nov/2015:13:10:39 -0500] "GET /whichcs1.html HTTP/1.1" 200 7780 "-" "Google favicon"
180.76.15.150 - - [01/Nov/2015:13:10:45 -0500] "GET /s15/lecture/11 HTTP/1.1" 302 519 "-" "Mozilla/5.0 (compatible; Baiduspider/2.0; +http://www.baidu.com/search/spider.html)"
180.76.15.139 - - [01/Nov/2015:13:10:46 -0500] "GET /robots.txt HTTP/1.1" 302 511 "-" "Mozilla/5.0 (Windows NT 5.1; rv:6.0.2) Gecko/20100101 Firefox/6.0.2"
180.76.15.18 - - [01/Nov/2015:13:10:46 -0500] "GET /s15/lecture/11 HTTP/1.1" 301 5377 "-" "Mozilla/5.0 (compatible; Baiduspider/2.0; +http://www.baidu.com/search/spider.html)"
180.76.15.158 - - [01/Nov/2015:13:10:48 -0500] "GET /s15/lecture/11/ HTTP/1.1" 200 18593 "-" "Mozilla/5.0 (compatible; Baiduspider/2.0; +http://www.baidu.com/search/spider.html)"
172.25.122.94 - - [01/Nov/2015:13:10:57 -0500] "GET /emails.html HTTP/1.1" 200 7698 "-" "Python-urllib/3.4"
50.134.56.30 - - [01/Nov/2015:13:11:12 -0500] "GET / HTTP/1.1" 200 7123 "-" "Mozilla/5.0 (Windows NT 6.1; WOW64) AppleWebKit/537.36 (KHTML, like Gecko) Chrome/46.0.2490.80 Safari/537.36"
50.134.56.30 - - [01/Nov/2015:13:11:15 -0500] "GET /javascripts/octopress.js HTTP/1.1" 200 5380 "https://cs4720.cs.virginia.edu/" "Mozilla/5.0 (Windows NT 6.1; WOW64) AppleWebKit/537.36 (KHTML, like Gecko) Chrome/46.0.2490.80 Safari/537.36"
50.134.56.30 - - [01/Nov/2015:13:11:15 -0500] "GET /stylesheets/screen.css HTTP/1.1" 200 13860 "https://cs4720.cs.virginia.edu/" "Mozilla/5.0 (Windows NT 6.1; WOW64) AppleWebKit/537.36 (KHTML, like Gecko) Chrome/46.0.2490.80 Safari/537.36"
50.134.56.30 - - [01/Nov/2015:13:11:19 -0500] "GET /images/matrix.png HTTP/1.1" 200 5059 "https://cs4720.cs.virginia.edu/stylesheets/screen.css" "Mozilla/5.0 (Windows NT 6.1; WOW64) AppleWebKit/537.36 (KHTML, like Gecko) Chrome/46.0.2490.80 Safari/537.36"
50.134.56.30 - - [01/Nov/2015:13:11:19 -0500] "GET /images/code.png HTTP/1.1" 200 57498 "https://cs4720.cs.virginia.edu/" "Mozilla/5.0 (Windows NT 6.1; WOW64) AppleWebKit/537.36 (KHTML, like Gecko) Chrome/46.0.2490.80 Safari/537.36"
50.134.56.30 - - [01/Nov/2015:13:11:19 -0500] "GET /font/fontawesome-webfont.woff?v=3.2.1 HTTP/1.1" 200 44047 "https://cs4720.cs.virginia.edu/stylesheets/screen.css" "Mozilla/5.0 (Windows NT 6.1; WOW64) AppleWebKit/537.36 (KHTML, like Gecko) Chrome/46.0.2490.80 Safari/537.36"
67.237.161.229 - - [01/Nov/2015:13:11:20 -0500] "GET / HTTP/1.1" 200 7212 "https://collab.itc.virginia.edu/portal/site/9a30681e-a407-43a0-9b0c-76d1ab3eb8bd" "Mozilla/5.0 (Windows NT 6.3; WOW64; rv:41.0) Gecko/20100101 Firefox/41.0"
67.237.161.229 - - [01/Nov/2015:13:11:20 -0500] "GET /stylesheets/screen.css HTTP/1.1" 200 13860 "https://cs1110.cs.virginia.edu/" "Mozilla/5.0 (Windows NT 6.3; WOW64; rv:41.0) Gecko/20100101 Firefox/41.0"
67.237.161.229 - - [01/Nov/2015:13:11:20 -0500] "GET /javascripts/octopress.js HTTP/1.1" 200 862 "https://cs1110.cs.virginia.edu/" "Mozilla/5.0 (Windows NT 6.3; WOW64; rv:41.0) Gecko/20100101 Firefox/41.0"
67.237.161.229 - - [01/Nov/2015:13:11:20 -0500] "GET /images/matrix.png HTTP/1.1" 304 266 "https://cs1110.cs.virginia.edu/stylesheets/screen.css" "Mozilla/5.0 (Windows NT 6.3; WOW64; rv:41.0) Gecko/20100101 Firefox/41.0"
67.237.161.229 - - [01/Nov/2015:13:11:21 -0500] "GET /font/fontawesome-webfont.woff?v=3.2.1 HTTP/1.1" 304 406 "https://cs1110.cs.virginia.edu/stylesheets/screen.css" "Mozilla/5.0 (Windows NT 6.3; WOW64; rv:41.0) Gecko/20100101 Firefox/41.0"
50.134.56.30 - - [01/Nov/2015:13:11:23 -0500] "GET /ios.html HTTP/1.1" 200 3993 "https://cs4720.cs.virginia.edu/" "Mozilla/5.0 (Windows NT 6.1; WOW64) AppleWebKit/537.36 (KHTML, like Gecko) Chrome/46.0.2490.80 Safari/537.36"
::1 - - [01/Nov/2015:13:11:23 -0500] "OPTIONS * HTTP/1.0" 200 183 "-" "Apache/2.4.7 (Ubuntu) mod_auth_pgsql/2.0.3 PHP/5.5.9-1ubuntu4.12 OpenSSL/1.0.1f (internal dummy connection)"
::1 - - [01/Nov/2015:13:11:24 -0500] "OPTIONS * HTTP/1.0" 200 183 "-" "Apache/2.4.7 (Ubuntu) mod_auth_pgsql/2.0.3 PHP/5.5.9-1ubuntu4.12 OpenSSL/1.0.1f (internal dummy connection)"
::1 - - [01/Nov/2015:13:11:25 -0500] "OPTIONS * HTTP/1.0" 200 183 "-" "Apache/2.4.7 (Ubuntu) mod_auth_pgsql/2.0.3 PHP/5.5.9-1ubuntu4.12 OpenSSL/1.0.1f (internal dummy connection)"
::1 - - [01/Nov/2015:13:11:26 -0500] "OPTIONS * HTTP/1.0" 200 183 "-" "Apache/2.4.7 (Ubuntu) mod_auth_pgsql/2.0.3 PHP/5.5.9-1ubuntu4.12 OpenSSL/1.0.1f (internal dummy connection)"
::1 - - [01/Nov/2015:13:11:27 -0500] "OPTIONS * HTTP/1.0" 200 183 "-" "Apache/2.4.7 (Ubuntu) mod_auth_pgsql/2.0.3 PHP/5.5.9-1ubuntu4.12 OpenSSL/1.0.1f (internal dummy connection)"
::1 - - [01/Nov/2015:13:11:28 -0500] "OPTIONS * HTTP/1.0" 200 183 "-" "Apache/2.4.7 (Ubuntu) mod_auth_pgsql/2.0.3 PHP/5.5.9-1ubuntu4.12 OpenSSL/1.0.1f (internal dummy connection)"
::1 - - [01/Nov/2015:13:11:29 -0500] "OPTIONS * HTTP/1.0" 200 183 "-" "Apache/2.4.7 (Ubuntu) mod_auth_pgsql/2.0.3 PHP/5.5.9-1ubuntu4.12 OpenSSL/1.0.1f (internal dummy connection)"
::1 - - [01/Nov/2015:13:11:30 -0500] "OPTIONS * HTTP/1.0" 200 183 "-" "Apache/2.4.7 (Ubuntu) mod_auth_pgsql/2.0.3 PHP/5.5.9-1ubuntu4.12 OpenSSL/1.0.1f (internal dummy connection)"
::1 - - [01/Nov/2015:13:11:32 -0500] "OPTIONS * HTTP/1.0" 200 183 "-" "Apache/2.4.7 (Ubuntu) mod_auth_pgsql/2.0.3 PHP/5.5.9-1ubuntu4.12 OpenSSL/1.0.1f (internal dummy connection)"
::1 - - [01/Nov/2015:13:11:33 -0500] "OPTIONS * HTTP/1.0" 200 183 "-" "Apache/2.4.7 (Ubuntu) mod_auth_pgsql/2.0.3 PHP/5.5.9-1ubuntu4.12 OpenSSL/1.0.1f (internal dummy connection)"
::1 - - [01/Nov/2015:13:11:36 -0500] "OPTIONS * HTTP/1.0" 200 183 "-" "Apache/2.4.7 (Ubuntu) mod_auth_pgsql/2.0.3 PHP/5.5.9-1ubuntu4.12 OpenSSL/1.0.1f (internal dummy connection)"
::1 - - [01/Nov/2015:13:11:37 -0500] "OPTIONS * HTTP/1.0" 200 183 "-" "Apache/2.4.7 (Ubuntu) mod_auth_pgsql/2.0.3 PHP/5.5.9-1ubuntu4.12 OpenSSL/1.0.1f (internal dummy connection)"
::1 - - [01/Nov/2015:13:11:38 -0500] "OPTIONS * HTTP/1.0" 200 183 "-" "Apache/2.4.7 (Ubuntu) mod_auth_pgsql/2.0.3 PHP/5.5.9-1ubuntu4.12 OpenSSL/1.0.1f (internal dummy connection)"
::1 - - [01/Nov/2015:13:11:39 -0500] "OPTIONS * HTTP/1.0" 200 183 "-" "Apache/2.4.7 (Ubuntu) mod_auth_pgsql/2.0.3 PHP/5.5.9-1ubuntu4.12 OpenSSL/1.0.1f (internal dummy connection)"
::1 - - [01/Nov/2015:13:11:40 -0500] "OPTIONS * HTTP/1.0" 200 183 "-" "Apache/2.4.7 (Ubuntu) mod_auth_pgsql/2.0.3 PHP/5.5.9-1ubuntu4.12 OpenSSL/1.0.1f (internal dummy connection)"
73.251.38.62 - - [01/Nov/2015:13:11:43 -0500] "GET /cs2110oh/ HTTP/1.1" 302 6416 "https://collab.itc.virginia.edu/portal/site/9b174758-6297-4f6b-868e-f035918e3a20/page/94cb1327-cb0e-4273-b61a-dd03a54bf08b" "Mozilla/5.0 (Windows NT 10.0; WOW64) AppleWebKit/537.36 (KHTML, like Gecko) Chrome/46.0.2490.80 Safari/537.36"
73.251.38.62 - - [01/Nov/2015:13:11:49 -0500] "POST /Shibboleth.sso/SAML2/POST HTTP/1.1" 302 879 "https://shibidp.its.virginia.edu/idp/profile/SAML2/Redirect/SSO" "Mozilla/5.0 (Windows NT 10.0; WOW64) AppleWebKit/537.36 (KHTML, like Gecko) Chrome/46.0.2490.80 Safari/537.36"
73.251.38.62 - ksd3vg [01/Nov/2015:13:11:49 -0500] "GET /cs2110oh/ HTTP/1.1" 200 1863 "https://shibidp.its.virginia.edu/idp/profile/SAML2/Redirect/SSO" "Mozilla/5.0 (Windows NT 10.0; WOW64) AppleWebKit/537.36 (KHTML, like Gecko) Chrome/46.0.2490.80 Safari/537.36"
73.251.38.62 - ksd3vg [01/Nov/2015:13:11:49 -0500] "GET /cs2110oh/css/bootstrap.css HTTP/1.1" 200 17688 "https://stardock.cs.virginia.edu/cs2110oh/" "Mozilla/5.0 (Windows NT 10.0; WOW64) AppleWebKit/537.36 (KHTML, like Gecko) Chrome/46.0.2490.80 Safari/537.36"
73.251.38.62 - ksd3vg [01/Nov/2015:13:11:49 -0500] "GET /cs2110oh/css/style.css HTTP/1.1" 200 5407 "https://stardock.cs.virginia.edu/cs2110oh/" "Mozilla/5.0 (Windows NT 10.0; WOW64) AppleWebKit/537.36 (KHTML, like Gecko) Chrome/46.0.2490.80 Safari/537.36"
73.251.38.62 - ksd3vg [01/Nov/2015:13:11:49 -0500] "GET /cs2110oh/css/bootstrap-responsive.css HTTP/1.1" 200 4616 "https://stardock.cs.virginia.edu/cs2110oh/" "Mozilla/5.0 (Windows NT 10.0; WOW64) AppleWebKit/537.36 (KHTML, like Gecko) Chrome/46.0.2490.80 Safari/537.36"
73.251.38.62 - ksd3vg [01/Nov/2015:13:11:50 -0500] "GET /cs2110oh/js/jquery-1.8.3.js HTTP/1.1" 200 34073 "https://stardock.cs.virginia.edu/cs2110oh/" "Mozilla/5.0 (Windows NT 10.0; WOW64) AppleWebKit/537.36 (KHTML, like Gecko) Chrome/46.0.2490.80 Safari/537.36"
73.251.38.62 - ksd3vg [01/Nov/2015:13:11:50 -0500] "GET /cs2110oh/js/bootstrap.min.js HTTP/1.1" 200 7424 "https://stardock.cs.virginia.edu/cs2110oh/" "Mozilla/5.0 (Windows NT 10.0; WOW64) AppleWebKit/537.36 (KHTML, like Gecko) Chrome/46.0.2490.80 Safari/537.36"
73.251.38.62 - ksd3vg [01/Nov/2015:13:11:50 -0500] "GET /cs2110oh/js/script.js HTTP/1.1" 200 1841 "https://stardock.cs.virginia.edu/cs2110oh/" "Mozilla/5.0 (Windows NT 10.0; WOW64) AppleWebKit/537.36 (KHTML, like Gecko) Chrome/46.0.2490.80 Safari/537.36"
172.25.122.94 - - [01/Nov/2015:13:12:01 -0500] "GET /emails.html HTTP/1.1" 200 7698 "-" "Python-urllib/3.4"
73.251.38.62 - ksd3vg [01/Nov/2015:13:12:05 -0500] "GET /cs2110oh/queue_count.php HTTP/1.1" 200 449 "https://stardock.cs.virginia.edu/cs2110oh/" "Mozilla/5.0 (Windows NT 10.0; WOW64) AppleWebKit/537.36 (KHTML, like Gecko) Chrome/46.0.2490.80 Safari/537.36"
73.251.38.62 - ksd3vg [01/Nov/2015:13:12:20 -0500] "GET /cs2110oh/queue_count.php HTTP/1.1" 200 311 "https://stardock.cs.virginia.edu/cs2110oh/" "Mozilla/5.0 (Windows NT 10.0; WOW64) AppleWebKit/537.36 (KHTML, like Gecko) Chrome/46.0.2490.80 Safari/537.36"
73.251.38.62 - ksd3vg [01/Nov/2015:13:12:35 -0500] "GET /cs2110oh/queue_count.php HTTP/1.1" 200 311 "https://stardock.cs.virginia.edu/cs2110oh/" "Mozilla/5.0 (Windows NT 10.0; WOW64) AppleWebKit/537.36 (KHTML, like Gecko) Chrome/46.0.2490.80 Safari/537.36"
::1 - - [01/Nov/2015:13:13:02 -0500] "OPTIONS * HTTP/1.0" 200 183 "-" "Apache/2.4.7 (Ubuntu) mod_auth_pgsql/2.0.3 PHP/5.5.9-1ubuntu4.12 OpenSSL/1.0.1f (internal dummy connection)"
172.26.52.72 - - [01/Nov/2015:13:13:06 -0500] "GET /emails.html HTTP/1.1" 200 7698 "-" "Python-urllib/3.4"
172.25.122.94 - - [01/Nov/2015:13:13:11 -0500] "GET /emails.html HTTP/1.1" 200 7698 "-" "Python-urllib/3.4"
172.26.52.72 - - [01/Nov/2015:13:13:14 -0500] "GET /emails.html HTTP/1.1" 200 7698 "-" "Python-urllib/3.4"
172.26.52.72 - - [01/Nov/2015:13:13:31 -0500] "GET /emails.html HTTP/1.1" 200 7698 "-" "Python-urllib/3.4"
